Component: ARM Compiler 5.06 update 2 (build 183) Tool: armlink [4d35b7]

==============================================================================

Section Cross References

    main.o(.text) refers to _printf_percent.o(.ARM.Collect$$_printf_percent$$00000000) for _printf_percent
    main.o(.text) refers to _printf_d.o(.ARM.Collect$$_printf_percent$$00000009) for _printf_d
    main.o(.text) refers to _printf_dec.o(.text) for _printf_int_dec
    main.o(.text) refers to misc.o(.text) for NVIC_PriorityGroupConfig
    main.o(.text) refers to delay.o(.text) for delay_init
    main.o(.text) refers to bsp_rtc.o(.text) for RTC_TimeInit
    main.o(.text) refers to usart.o(.text) for uart_init
    main.o(.text) refers to led.o(.text) for LED_Init
    main.o(.text) refers to key.o(.text) for KEY_Init
    main.o(.text) refers to ff.o(.text) for f_mount
    main.o(.text) refers to timer.o(.text) for TIM3_Int_Init
    main.o(.text) refers to noretval__2printf.o(.text) for __2printf
    main.o(.text) refers to ov2640.o(.text) for OV2640_Init
    main.o(.text) refers to jpeg.o(.text) for JPEG_Save
    stm32f4xx_it.o(.text) refers to noretval__2printf.o(.text) for __2printf
    system_stm32f4xx.o(.text) refers to system_stm32f4xx.o(.data) for .data
    bsp_sdio_sd.o(.text) refers to stm32f4xx_sdio.o(.text) for SDIO_ClockCmd
    bsp_sdio_sd.o(.text) refers to stm32f4xx_rcc.o(.text) for RCC_APB2PeriphClockCmd
    bsp_sdio_sd.o(.text) refers to stm32f4xx_gpio.o(.text) for GPIO_PinAFConfig
    bsp_sdio_sd.o(.text) refers to stm32f4xx_dma.o(.text) for DMA_ClearFlag
    bsp_sdio_sd.o(.text) refers to bsp_sdio_sd.o(.bss) for .bss
    bsp_sdio_sd.o(.text) refers to bsp_sdio_sd.o(.data) for .data
    bsp_sdio_sd.o(.text) refers to misc.o(.text) for NVIC_PriorityGroupConfig
    bsp_sdio_sd.o(.text) refers to rt_memclr_w.o(.text) for __aeabi_memclr4
    bsp_rtc.o(.text) refers to _printf_percent.o(.ARM.Collect$$_printf_percent$$00000000) for _printf_percent
    bsp_rtc.o(.text) refers to _printf_d.o(.ARM.Collect$$_printf_percent$$00000009) for _printf_d
    bsp_rtc.o(.text) refers to _printf_dec.o(.text) for _printf_int_dec
    bsp_rtc.o(.text) refers to stm32f4xx_rtc.o(.text) for RTC_SetTime
    bsp_rtc.o(.text) refers to stm32f4xx_rcc.o(.text) for RCC_APB1PeriphClockCmd
    bsp_rtc.o(.text) refers to stm32f4xx_pwr.o(.text) for PWR_BackupAccessCmd
    bsp_rtc.o(.text) refers to noretval__2printf.o(.text) for __2printf
    bsp_rtc.o(.text) refers to noretval__2sprintf.o(.text) for __2sprintf
    led.o(.text) refers to stm32f4xx_rcc.o(.text) for RCC_AHB1PeriphClockCmd
    led.o(.text) refers to stm32f4xx_gpio.o(.text) for GPIO_Init
    key.o(.text) refers to stm32f4xx_rcc.o(.text) for RCC_AHB1PeriphClockCmd
    key.o(.text) refers to stm32f4xx_gpio.o(.text) for GPIO_Init
    key.o(.text) refers to key.o(.data) for .data
    dcmi.o(.text) refers to stm32f4xx_dcmi.o(.text) for DCMI_GetITStatus
    dcmi.o(.text) refers to jpeg.o(.text) for JPEG_Data_Process
    dcmi.o(.text) refers to stm32f4xx_rcc.o(.text) for RCC_AHB1PeriphClockCmd
    dcmi.o(.text) refers to stm32f4xx_dma.o(.text) for DMA_DeInit
    dcmi.o(.text) refers to stm32f4xx_gpio.o(.text) for GPIO_Init
    dcmi.o(.text) refers to misc.o(.text) for NVIC_Init
    dcmi.o(.text) refers to ov2640.o(.text) for OV2640_OutSize_Set
    dcmi.o(.text) refers to main.o(.data) for sys_status
    dcmi.o(.text) refers to dcmi.o(.data) for .data
    dcmi.o(.text) refers to dcmi.o(.bss) for .bss
    ov2640.o(.text) refers to stm32f4xx_rcc.o(.text) for RCC_AHB1PeriphClockCmd
    ov2640.o(.text) refers to stm32f4xx_gpio.o(.text) for GPIO_Init
    ov2640.o(.text) refers to delay.o(.text) for delay_ms
    ov2640.o(.text) refers to sccb.o(.text) for SCCB_Init
    ov2640.o(.text) refers to ov2640.o(.constdata) for .constdata
    sccb.o(.text) refers to stm32f4xx_rcc.o(.text) for RCC_AHB1PeriphClockCmd
    sccb.o(.text) refers to stm32f4xx_gpio.o(.text) for GPIO_Init
    sccb.o(.text) refers to delay.o(.text) for delay_us
    timer.o(.text) refers to stm32f4xx_rcc.o(.text) for RCC_APB1PeriphClockCmd
    timer.o(.text) refers to stm32f4xx_tim.o(.text) for TIM_TimeBaseInit
    timer.o(.text) refers to misc.o(.text) for NVIC_Init
    timer.o(.text) refers to key.o(.text) for KEY_Scan
    timer.o(.text) refers to timer.o(.data) for .data
    timer.o(.text) refers to jpeg.o(.data) for jpg_cnt
    timer.o(.text) refers to main.o(.data) for Com1SendFlag
    jpeg.o(.text) refers to _printf_percent.o(.ARM.Collect$$_printf_percent$$00000000) for _printf_percent
    jpeg.o(.text) refers to _printf_d.o(.ARM.Collect$$_printf_percent$$00000009) for _printf_d
    jpeg.o(.text) refers to _printf_dec.o(.text) for _printf_int_dec
    jpeg.o(.text) refers to _printf_pad.o(.text) for _printf_pre_padding
    jpeg.o(.text) refers to _printf_u.o(.ARM.Collect$$_printf_percent$$0000000A) for _printf_u
    jpeg.o(.text) refers to _printf_s.o(.ARM.Collect$$_printf_percent$$00000014) for _printf_s
[...]
    .data                                    0x2000003f   Section        1  timer.o(.data)
    .data                                    0x20000040   Section       24  jpeg.o(.data)
    .data                                    0x20000058   Section        4  delay.o(.data)
    fac_us                                   0x20000058   Data           1  delay.o(.data)
    fac_ms                                   0x2000005a   Data           2  delay.o(.data)
    .data                                    0x2000005c   Section        2  usart.o(.data)
    .data                                    0x20000060   Section        4  usart.o(.data)
    .data                                    0x20000064   Section       16  stm32f4xx_rcc.o(.data)
    APBAHBPrescTable                         0x20000064   Data          16  stm32f4xx_rcc.o(.data)
    .data                                    0x20000074   Section       12  ff.o(.data)
    Fsid                                     0x20000074   Data           2  ff.o(.data)
    FatFs                                    0x20000078   Data           8  ff.o(.data)
    .bss                                     0x20000080   Section      204  bsp_sdio_sd.o(.bss)
    CSD_Tab                                  0x20000080   Data          16  bsp_sdio_sd.o(.bss)
    CID_Tab                                  0x20000090   Data          16  bsp_sdio_sd.o(.bss)
    SDSTATUS_Tab                             0x200000a0   Data          16  bsp_sdio_sd.o(.bss)
    .bss                                     0x2000014c   Section       14  dcmi.o(.bss)
    .bss                                     0x2000015c   Section    126976  jpeg.o(.bss)
    .bss                                     0x2001f15c   Section      200  usart.o(.bss)
    .bss                                     0x2001f224   Section       96  libspace.o(.bss)
    HEAP                                     0x2001f288   Section      512  startup_stm32f40_41xxx.o(HEAP)
    Heap_Mem                                 0x2001f288   Data         512  startup_stm32f40_41xxx.o(HEAP)
    STACK                                    0x2001f488   Section     2560  startup_stm32f40_41xxx.o(STACK)
    Stack_Mem                                0x2001f488   Data        2560  startup_stm32f40_41xxx.o(STACK)
    __initial_sp                             0x2001fe88   Data           0  startup_stm32f40_41xxx.o(STACK)

    Global Symbols

    Symbol Name                              Value     Ov Type        Size  Object(Section)

    BuildAttributes$$THM_ISAv4$E$P$D$K$B$S$7EM$VFPi3$EXTD16$VFPS$VFMA$PE$A:L22UL41UL21$X:L11$S22US41US21$IEEE1$IW$USESV6$~STKCKD$USESV7$~SHL$OSPACE$ROPI$EBA8$UX$STANDARDLIB$REQ8$PRES8$EABIv2 0x00000000   Number         0  anon$$obj.o ABSOLUTE
    __ARM_use_no_argv                        0x00000000   Number         0  main.o ABSOLUTE
    _printf_flags                            0x00000000   Number         0  printf_stubs.o ABSOLUTE
    _printf_return_value                     0x00000000   Number         0  printf_stubs.o ABSOLUTE
    _printf_sizespec                         0x00000000   Number         0  printf_stubs.o ABSOLUTE
    _printf_widthprec                        0x00000000   Number         0  printf_stubs.o ABSOLUTE
    __ARM_exceptions_init                     - Undefined Weak Reference
    __alloca_initialize                       - Undefined Weak Reference
    __arm_preinit_                            - Undefined Weak Reference
    __cpp_initialize__aeabi_                  - Undefined Weak Reference
    __cxa_finalize                            - Undefined Weak Reference
    __rt_locale                               - Undefined Weak Reference
    __sigvec_lookup                           - Undefined Weak Reference
    _atexit_init                              - Undefined Weak Reference
    _call_atexit_fns                          - Undefined Weak Reference
    _clock_init                               - Undefined Weak Reference
    _fp_trap_init                             - Undefined Weak Reference
    _fp_trap_shutdown                         - Undefined Weak Reference
    _get_lc_collate                           - Undefined Weak Reference
    _get_lc_ctype                             - Undefined Weak Reference
    _get_lc_monetary                          - Undefined Weak Reference
    _get_lc_numeric                           - Undefined Weak Reference
    _get_lc_time                              - Undefined Weak Reference
    _getenv_init                              - Undefined Weak Reference
    _handle_redirection                       - Undefined Weak Reference
    _init_alloc                               - Undefined Weak Reference
    _init_user_alloc                          - Undefined Weak Reference
    _initio                                   - Undefined Weak Reference
    _mutex_acquire                            - Undefined Weak Reference
    _mutex_release                            - Undefined Weak Reference
    _printf_mbtowc                            - Undefined Weak Reference
    _printf_truncate_signed                   - Undefined Weak Reference
    _printf_truncate_unsigned                 - Undefined Weak Reference
    _rand_init                                - Undefined Weak Reference
    _signal_finish                            - Undefined Weak Reference
    _signal_init                              - Undefined Weak Reference
    _terminate_alloc                          - Undefined Weak Reference
    _terminate_user_alloc                     - Undefined Weak Reference
    _terminateio                              - Undefined Weak Reference
    __Vectors_Size                           0x00000188   Number         0  startup_stm32f40_41xxx.o ABSOLUTE
    __Vectors                                0x08000000   Data           4  startup_stm32f40_41xxx.o(RESET)
    __Vectors_End                            0x08000188   Data           0  startup_stm32f40_41xxx.o(RESET)
    __main                                   0x08000189   Thumb Code     8  __main.o(!!!main)
    __scatterload                            0x08000191   Thumb Code     0  __scatter.o(!!!scatter)
    __scatterload_rt2                        0x08000191   Thumb Code    44  __scatter.o(!!!scatter)
    __scatterload_rt2_thumb_only             0x08000191   Thumb Code     0  __scatter.o(!!!scatter)
    __scatterload_null                       0x0800019f   Thumb Code     0  __scatter.o(!!!scatter)
    __scatterload_copy                       0x080001c5   Thumb Code    26  __scatter_copy.o(!!handler_copy)
    __scatterload_zeroinit                   0x080001e1   Thumb Code    28  __scatter_zi.o(!!handler_zi)
    _printf_d                                0x080001fd   Thumb Code     0  _printf_d.o(.ARM.Collect$$_printf_percent$$00000009)
    _printf_percent                          0x080001fd   Thumb Code     0  _printf_percent.o(.ARM.Collect$$_printf_percent$$00000000)
    _printf_u                                0x08000203   Thumb Code     0  _printf_u.o(.ARM.Collect$$_printf_percent$$0000000A)
    _printf_s                                0x08000209   Thumb Code     0  _printf_s.o(.ARM.Collect$$_printf_percent$$00000014)
    _printf_percent_end                      0x0800020f   Thumb Code     0  _printf_percent_end.o(.ARM.Collect$$_printf_percent$$00000017)
    __rt_lib_init                            0x08000213   Thumb Code     0  libinit.o(.ARM.Collect$$libinit$$00000000)
    __rt_lib_init_fp_1                       0x08000215   Thumb Code     0  libinit2.o(.ARM.Collect$$libinit$$00000001)
    __rt_lib_init_alloca_1                   0x08000219   Thumb Code     0  libinit2.o(.ARM.Collect$$libinit$$0000002E)
    __rt_lib_init_argv_1                     0x08000219   Thumb Code     0  libinit2.o(.ARM.Collect$$libinit$$0000002C)
    __rt_lib_init_atexit_1                   0x08000219   Thumb Code     0  libinit2.o(.ARM.Collect$$libinit$$0000001B)
    __rt_lib_init_clock_1                    0x08000219   Thumb Code     0  libinit2.o(.ARM.Collect$$libinit$$00000021)
    __rt_lib_init_cpp_1                      0x08000219   Thumb Code     0  libinit2.o(.ARM.Collect$$libinit$$00000032)
    __rt_lib_init_exceptions_1               0x08000219   Thumb Code     0  libinit2.o(.ARM.Collect$$libinit$$00000030)
    __rt_lib_init_fp_trap_1                  0x08000219   Thumb Code     0  libinit2.o(.ARM.Collect$$libinit$$0000001F)
    __rt_lib_init_getenv_1                   0x08000219   Thumb Code     0  libinit2.o(.ARM.Collect$$libinit$$00000023)
    __rt_lib_init_heap_1                     0x08000219   Thumb Code     0  libinit2.o(.ARM.Collect$$libinit$$0000000A)
    __rt_lib_init_lc_collate_1               0x08000219   Thumb Code     0  libinit2.o(.ARM.Collect$$libinit$$00000011)
    __rt_lib_init_lc_ctype_1                 0x08000219   Thumb Code     0  libinit2.o(.ARM.Collect$$libinit$$00000013)
    __rt_lib_init_lc_monetary_1              0x08000219   Thumb Code     0  libinit2.o(.ARM.Collect$$libinit$$00000015)
    __rt_lib_init_lc_numeric_1               0x08000219   Thumb Code     0  libinit2.o(.ARM.Collect$$libinit$$00000017)
    __rt_lib_init_lc_time_1                  0x08000219   Thumb Code     0  libinit2.o(.ARM.Collect$$libinit$$00000019)
    __rt_lib_init_preinit_1                  0x08000219   Thumb Code     0  libinit2.o(.ARM.Collect$$libinit$$00000004)
    __rt_lib_init_rand_1                     0x08000219   Thumb Code     0  libinit2.o(.ARM.Collect$$libinit$$0000000E)
    __rt_lib_init_return                     0x08000219   Thumb Code     0  libinit2.o(.ARM.Collect$$libinit$$00000033)
    __rt_lib_init_signal_1                   0x08000219   Thumb Code     0  libinit2.o(.ARM.Collect$$libinit$$0000001D)
    __rt_lib_init_stdio_1                    0x08000219   Thumb Code     0  libinit2.o(.ARM.Collect$$libinit$$00000025)
    __rt_lib_init_user_alloc_1               0x08000219   Thumb Code     0  libinit2.o(.ARM.Collect$$libinit$$0000000C)
    __rt_lib_shutdown                        0x0800021b   Thumb Code     0  libshutdown.o(.ARM.Collect$$libshutdown$$00000000)
    __rt_lib_shutdown_cpp_1                  0x0800021d   Thumb Code     0  libshutdown2.o(.ARM.Collect$$libshutdown$$00000002)
    __rt_lib_shutdown_fp_trap_1              0x0800021d   Thumb Code     0  libshutdown2.o(.ARM.Collect$$libshutdown$$00000007)
    __rt_lib_shutdown_heap_1                 0x0800021d   Thumb Code     0  libshutdown2.o(.ARM.Collect$$libshutdown$$0000000F)
    __rt_lib_shutdown_return                 0x0800021d   Thumb Code     0  libshutdown2.o(.ARM.Collect$$libshutdown$$00000010)
    __rt_lib_shutdown_signal_1               0x0800021d   Thumb Code     0  libshutdown2.o(.ARM.Collect$$libshutdown$$0000000A)
    __rt_lib_shutdown_stdio_1                0x0800021d   Thumb Code     0  libshutdown2.o(.ARM.Collect$$libshutdown$$00000004)
    __rt_lib_shutdown_user_alloc_1           0x0800021d   Thumb Code     0  libshutdown2.o(.ARM.Collect$$libshutdown$$0000000C)
    __rt_entry                               0x0800021f   Thumb Code     0  __rtentry.o(.ARM.Collect$$rtentry$$00000000)
    __rt_entry_presh_1                       0x0800021f   Thumb Code     0  __rtentry2.o(.ARM.Collect$$rtentry$$00000002)
    __rt_entry_sh                            0x0800021f   Thumb Code     0  __rtentry4.o(.ARM.Collect$$rtentry$$00000004)
    __rt_entry_li                            0x08000225   Thumb Code     0  __rtentry2.o(.ARM.Collect$$rtentry$$0000000A)
    __rt_entry_postsh_1                      0x08000225   Thumb Code     0  __rtentry2.o(.ARM.Collect$$rtentry$$00000009)
    __rt_entry_main                          0x08000229   Thumb Code     0  __rtentry2.o(.ARM.Collect$$rtentry$$0000000D)
    __rt_entry_postli_1                      0x08000229   Thumb Code     0  __rtentry2.o(.ARM.Collect$$rtentry$$0000000C)
    __rt_exit                                0x08000231   Thumb Code     0  rtexit.o(.ARM.Collect$$rtexit$$00000000)
    __rt_exit_ls                             0x08000233   Thumb Code     0  rtexit2.o(.ARM.Collect$$rtexit$$00000003)
    __rt_exit_prels_1                        0x08000233   Thumb Code     0  rtexit2.o(.ARM.Collect$$rtexit$$00000002)
    __rt_exit_exit                           0x08000237   Thumb Code     0  rtexit2.o(.ARM.Collect$$rtexit$$00000004)
    main                                     0x0800023d   Thumb Code   176  main.o(.text)
    NMI_Handler                              0x080003dd   Thumb Code     2  stm32f4xx_it.o(.text)
    HardFault_Handler                        0x080003df   Thumb Code     8  stm32f4xx_it.o(.text)
    MemManage_Handler                        0x080003e7   Thumb Code     2  stm32f4xx_it.o(.text)
    BusFault_Handler                         0x080003e9   Thumb Code     2  stm32f4xx_it.o(.text)
    UsageFault_Handler                       0x080003eb   Thumb Code     2  stm32f4xx_it.o(.text)
    SVC_Handler                              0x080003ed   Thumb Code     2  stm32f4xx_it.o(.text)
    DebugMon_Handler                         0x080003ef   Thumb Code     2  stm32f4xx_it.o(.text)
    PendSV_Handler                           0x080003f1   Thumb Code     2  stm32f4xx_it.o(.text)
    SysTick_Handler                          0x080003f3   Thumb Code     2  stm32f4xx_it.o(.text)
    SystemInit                               0x080004a3   Thumb Code    74  system_stm32f4xx.o(.text)
    SystemCoreClockUpdate                    0x080004ed   Thumb Code   108  system_stm32f4xx.o(.text)
    SD_LowLevel_DeInit                       0x0800057d   Thumb Code   142  bsp_sdio_sd.o(.text)
    SD_LowLevel_Init                         0x0800060b   Thumb Code   156  bsp_sdio_sd.o(.text)
    SD_LowLevel_DMA_TxConfig                 0x080006a7   Thumb Code   130  bsp_sdio_sd.o(.text)
    SD_LowLevel_DMA_RxConfig                 0x08000729   Thumb Code   126  bsp_sdio_sd.o(.text)
    SD_DeInit                                0x080007a7   Thumb Code     2  bsp_sdio_sd.o(.text)
    SD_EnableWideBusOperation                0x08000a87   Thumb Code   110  bsp_sdio_sd.o(.text)
    SD_SelectDeselect                        0x08000af5   Thumb Code    38  bsp_sdio_sd.o(.text)
    SD_GetCardInfo                           0x08000b1b   Thumb Code   618  bsp_sdio_sd.o(.text)
    SD_InitializeCards                       0x08000db3   Thumb Code   258  bsp_sdio_sd.o(.text)
    SD_PowerON                               0x08000eb5   Thumb Code   454  bsp_sdio_sd.o(.text)
    SD_Init                                  0x0800107b   Thumb Code   176  bsp_sdio_sd.o(.text)
    SD_SendStatus                            0x0800112b   Thumb Code    64  bsp_sdio_sd.o(.text)
    SD_Detect                                0x0800116b   Thumb Code    14  bsp_sdio_sd.o(.text)
    SD_GetState                              0x08001179   Thumb Code    40  bsp_sdio_sd.o(.text)
    SD_GetStatus                             0x080011a1   Thumb Code    26  bsp_sdio_sd.o(.text)
    SD_PowerOFF                              0x080011bb   Thumb Code    14  bsp_sdio_sd.o(.text)
    SD_SendSDStatus                          0x080011c9   Thumb Code   348  bsp_sdio_sd.o(.text)
    SD_GetCardStatus                         0x08001325   Thumb Code   128  bsp_sdio_sd.o(.text)
    SD_ReadBlock                             0x080013a5   Thumb Code   166  bsp_sdio_sd.o(.text)
    SD_ReadMultiBlocks                       0x0800144b   Thumb Code   190  bsp_sdio_sd.o(.text)
    SD_StopTransfer                          0x08001509   Thumb Code    36  bsp_sdio_sd.o(.text)
    SD_WaitReadOperation                     0x0800152d   Thumb Code    94  bsp_sdio_sd.o(.text)
    SD_WriteBlock                            0x0800158b   Thumb Code   168  bsp_sdio_sd.o(.text)
    SD_WriteMultiBlocks                      0x08001633   Thumb Code   274  bsp_sdio_sd.o(.text)
    SD_WaitWriteOperation                    0x08001745   Thumb Code    92  bsp_sdio_sd.o(.text)
    SD_GetTransferState                      0x080017a1   Thumb Code    14  bsp_sdio_sd.o(.text)
    SD_Erase                                 0x080018e9   Thumb Code   262  bsp_sdio_sd.o(.text)
    SD_ProcessIRQSrc                         0x080019ef   Thumb Code   162  bsp_sdio_sd.o(.text)
    SD_ProcessDMAIRQ                         0x08001a91   Thumb Code    30  bsp_sdio_sd.o(.text)
    convert_from_bytes_to_power_of_two       0x08001aaf   Thumb Code    18  bsp_sdio_sd.o(.text)
    SD_HighSpeed                             0x08001ac1   Thumb Code   336  bsp_sdio_sd.o(.text)
    SDIO_IRQHandler                          0x08001c11   Thumb Code     2  bsp_sdio_sd.o(.text)
    DMA2_Stream3_IRQHandler                  0x08001c13   Thumb Code     2  bsp_sdio_sd.o(.text)
    RTC_TimeAndDate_Set                      0x08001c95   Thumb Code    74  bsp_rtc.o(.text)
    RTC_CLK_Config                           0x08001cdf   Thumb Code    80  bsp_rtc.o(.text)
    RTC_TimeInit                             0x08001d2f   Thumb Code    62  bsp_rtc.o(.text)
    RTC_TimeAndDate_Show                     0x08001d6d   Thumb Code   130  bsp_rtc.o(.text)
    RTC_CLK_Config_Backup                    0x08001def   Thumb Code   152  bsp_rtc.o(.text)
    LED_Init                                 0x08001f95   Thumb Code    58  led.o(.text)
    KEY_Init                                 0x08001fd5   Thumb Code    60  key.o(.text)
    KEY_Scan                                 0x08002011   Thumb Code   274  key.o(.text)
    DCMI_IRQHandler                          0x08002131   Thumb Code    56  dcmi.o(.text)
    DCMI_DMA_Init                            0x08002169   Thumb Code   104  dcmi.o(.text)
    My_DCMI_Init                             0x080021d1   Thumb Code   284  dcmi.o(.text)
    DCMI_Start                               0x080022ed   Thumb Code    20  dcmi.o(.text)
    DCMI_Stop                                0x08002301   Thumb Code    28  dcmi.o(.text)
    DCMI_Set_Window                          0x0800231d   Thumb Code    36  dcmi.o(.text)
    DCMI_CR_Set                              0x08002341   Thumb Code    58  dcmi.o(.text)
    OV2640_Init                              0x080023a5   Thumb Code   244  ov2640.o(.text)
    OV2640_JPEG_Mode                         0x08002499   Thumb Code    60  ov2640.o(.text)
    OV2640_RGB565_Mode                       0x080024d5   Thumb Code    32  ov2640.o(.text)
    OV2640_Auto_Exposure                     0x080024f5   Thumb Code    36  ov2640.o(.text)
    OV2640_Light_Mode                        0x08002519   Thumb Code   100  ov2640.o(.text)
    OV2640_Color_Saturation                  0x0800257d   Thumb Code    64  ov2640.o(.text)
    OV2640_Brightness                        0x080025bd   Thumb Code    58  ov2640.o(.text)
    OV2640_Contrast                          0x080025f7   Thumb Code   112  ov2640.o(.text)
    OV2640_Special_Effects                   0x08002667   Thumb Code   112  ov2640.o(.text)
    OV2640_Color_Bar                         0x080026d7   Thumb Code    38  ov2640.o(.text)
    OV2640_Window_Set                        0x080026fd   Thumb Code   124  ov2640.o(.text)
    OV2640_OutSize_Set                       0x08002779   Thumb Code   104  ov2640.o(.text)
    OV2640_ImageWin_Set                      0x080027e1   Thumb Code   136  ov2640.o(.text)
    OV2640_ImageSize_Set                     0x08002869   Thumb Code    78  ov2640.o(.text)
    SCCB_Init                                0x080028b9   Thumb Code    72  sccb.o(.text)
    SCCB_Start                               0x08002901   Thumb Code    38  sccb.o(.text)
    SCCB_Stop                                0x08002927   Thumb Code    42  sccb.o(.text)
    SCCB_No_Ack                              0x08002951   Thumb Code    52  sccb.o(.text)
    SCCB_WR_Byte                             0x08002985   Thumb Code   122  sccb.o(.text)
    SCCB_RD_Byte                             0x080029ff   Thumb Code    94  sccb.o(.text)
    SCCB_WR_Reg                              0x08002a5d   Thumb Code    62  sccb.o(.text)
    SCCB_RD_Reg                              0x08002a9b   Thumb Code    76  sccb.o(.text)
    TIM3_Int_Init                            0x08002af1   Thumb Code    88  timer.o(.text)
    TIM3_IRQHandler                          0x08002b49   Thumb Code    84  timer.o(.text)
    JPEG_Data_Process                        0x08002bb1   Thumb Code    80  jpeg.o(.text)
    GetFreeSpaceNoPrint                      0x08002c01   Thumb Code    48  jpeg.o(.text)
    GetFreeSpace                             0x08002c31   Thumb Code    62  jpeg.o(.text)
    JPEG_Save                                0x08002c6f   Thumb Code   338  jpeg.o(.text)
    delay_init                               0x08002ec5   Thumb Code    38  delay.o(.text)
    delay_us                                 0x08002eeb   Thumb Code    46  delay.o(.text)
    delay_xms                                0x08002f19   Thumb Code    46  delay.o(.text)
    delay_ms                                 0x08002f47   Thumb Code    50  delay.o(.text)
    _sys_exit                                0x08002f7d   Thumb Code     2  usart.o(.text)
    fputc                                    0x08002f7f   Thumb Code    14  usart.o(.text)
    uart_init                                0x08002f8d   Thumb Code   172  usart.o(.text)
    USART1_IRQHandler                        0x08003039   Thumb Code    88  usart.o(.text)
    Reset_Handler                            0x080030a1   Thumb Code     8  startup_stm32f40_41xxx.o(.text)
    ADC_IRQHandler                           0x080030bb   Thumb Code     0  startup_stm32f40_41xxx.o(.text)
    CAN1_RX0_IRQHandler                      0x080030bb   Thumb Code     0  startup_stm32f40_41xxx.o(.text)
    CAN1_RX1_IRQHandler                      0x080030bb   Thumb Code     0  startup_stm32f40_41xxx.o(.text)
    CAN1_SCE_IRQHandler                      0x080030bb   Thumb Code     0  startup_stm32f40_41xxx.o(.text)
    CAN1_TX_IRQHandler                       0x080030bb   Thumb Code     0  startup_stm32f40_41xxx.o(.text)
    CAN2_RX0_IRQHandler                      0x080030bb   Thumb Code     0  startup_stm32f40_41xxx.o(.text)
    CAN2_RX1_IRQHandler                      0x080030bb   Thumb Code     0  startup_stm32f40_41xxx.o(.text)
    CAN2_SCE_IRQHandler                      0x080030bb   Thumb Code     0  startup_stm32f40_41xxx.o(.text)
    CAN2_TX_IRQHandler                       0x080030bb   Thumb Code     0  startup_stm32f40_41xxx.o(.text)
    CRYP_IRQHandler                          0x080030bb   Thumb Code     0  startup_stm32f40_41xxx.o(.text)
    DMA1_Stream0_IRQHandler                  0x080030bb   Thumb Code     0  startup_stm32f40_41xxx.o(.text)
    DMA1_Stream1_IRQHandler                  0x080030bb   Thumb Code     0  startup_stm32f40_41xxx.o(.text)
    DMA1_Stream2_IRQHandler                  0x080030bb   Thumb Code     0  startup_stm32f40_41xxx.o(.text)
    DMA1_Stream3_IRQHandler                  0x080030bb   Thumb Code     0  startup_stm32f40_41xxx.o(.text)
    DMA1_Stream4_IRQHandler                  0x080030bb   Thumb Code     0  startup_stm32f40_41xxx.o(.text)
    DMA1_Stream5_IRQHandler                  0x080030bb   Thumb Code     0  startup_stm32f40_41xxx.o(.text)
    DMA1_Stream6_IRQHandler                  0x080030bb   Thumb Code     0  startup_stm32f40_41xxx.o(.text)
    DMA1_Stream7_IRQHandler                  0x080030bb   Thumb Code     0  startup_stm32f40_41xxx.o(.text)
    DMA2_Stream0_IRQHandler                  0x080030bb   Thumb Code     0  startup_stm32f40_41xxx.o(.text)
    DMA2_Stream1_IRQHandler                  0x080030bb   Thumb Code     0  startup_stm32f40_41xxx.o(.text)
    DMA2_Stream2_IRQHandler                  0x080030bb   Thumb Code     0  startup_stm32f40_41xxx.o(.text)
    DMA2_Stream4_IRQHandler                  0x080030bb   Thumb Code     0  startup_stm32f40_41xxx.o(.text)
    DMA2_Stream5_IRQHandler                  0x080030bb   Thumb Code     0  startup_stm32f40_41xxx.o(.text)
    DMA2_Stream6_IRQHandler                  0x080030bb   Thumb Code     0  startup_stm32f40_41xxx.o(.text)
    DMA2_Stream7_IRQHandler                  0x080030bb   Thumb Code     0  startup_stm32f40_41xxx.o(.text)
    ETH_IRQHandler                           0x080030bb   Thumb Code     0  startup_stm32f40_41xxx.o(.text)
    ETH_WKUP_IRQHandler                      0x080030bb   Thumb Code     0  startup_stm32f40_41xxx.o(.text)
    EXTI0_IRQHandler                         0x080030bb   Thumb Code     0  startup_stm32f40_41xxx.o(.text)
    EXTI15_10_IRQHandler                     0x080030bb   Thumb Code     0  startup_stm32f40_41xxx.o(.text)
    EXTI1_IRQHandler                         0x080030bb   Thumb Code     0  startup_stm32f40_41xxx.o(.text)
    EXTI2_IRQHandler                         0x080030bb   Thumb Code     0  startup_stm32f40_41xxx.o(.text)
    EXTI3_IRQHandler                         0x080030bb   Thumb Code     0  startup_stm32f40_41xxx.o(.text)
    EXTI4_IRQHandler                         0x080030bb   Thumb Code     0  startup_stm32f40_41xxx.o(.text)
    EXTI9_5_IRQHandler                       0x080030bb   Thumb Code     0  startup_stm32f40_41xxx.o(.text)
    FLASH_IRQHandler                         0x080030bb   Thumb Code     0  startup_stm32f40_41xxx.o(.text)
    FPU_IRQHandler                           0x080030bb   Thumb Code     0  startup_stm32f40_41xxx.o(.text)
    FSMC_IRQHandler                          0x080030bb   Thumb Code     0  startup_stm32f40_41xxx.o(.text)
    HASH_RNG_IRQHandler                      0x080030bb   Thumb Code     0  startup_stm32f40_41xxx.o(.text)
    I2C1_ER_IRQHandler                       0x080030bb   Thumb Code     0  startup_stm32f40_41xxx.o(.text)
    I2C1_EV_IRQHandler                       0x080030bb   Thumb Code     0  startup_stm32f40_41xxx.o(.text)
    I2C2_ER_IRQHandler                       0x080030bb   Thumb Code     0  startup_stm32f40_41xxx.o(.text)
    I2C2_EV_IRQHandler                       0x080030bb   Thumb Code     0  startup_stm32f40_41xxx.o(.text)
    I2C3_ER_IRQHandler                       0x080030bb   Thumb Code     0  startup_stm32f40_41xxx.o(.text)
    I2C3_EV_IRQHandler                       0x080030bb   Thumb Code     0  startup_stm32f40_41xxx.o(.text)
    OTG_FS_IRQHandler                        0x080030bb   Thumb Code     0  startup_stm32f40_41xxx.o(.text)
    OTG_FS_WKUP_IRQHandler                   0x080030bb   Thumb Code     0  startup_stm32f40_41xxx.o(.text)
    OTG_HS_EP1_IN_IRQHandler                 0x080030bb   Thumb Code     0  startup_stm32f40_41xxx.o(.text)
    OTG_HS_EP1_OUT_IRQHandler                0x080030bb   Thumb Code     0  startup_stm32f40_41xxx.o(.text)
    OTG_HS_IRQHandler                        0x080030bb   Thumb Code     0  startup_stm32f40_41xxx.o(.text)
    OTG_HS_WKUP_IRQHandler                   0x080030bb   Thumb Code     0  startup_stm32f40_41xxx.o(.text)
    PVD_IRQHandler                           0x080030bb   Thumb Code     0  startup_stm32f40_41xxx.o(.text)
    RCC_IRQHandler                           0x080030bb   Thumb Code     0  startup_stm32f40_41xxx.o(.text)
    RTC_Alarm_IRQHandler                     0x080030bb   Thumb Code     0  startup_stm32f40_41xxx.o(.text)
    RTC_WKUP_IRQHandler                      0x080030bb   Thumb Code     0  startup_stm32f40_41xxx.o(.text)
    SPI1_IRQHandler                          0x080030bb   Thumb Code     0  startup_stm32f40_41xxx.o(.text)
    SPI2_IRQHandler                          0x080030bb   Thumb Code     0  startup_stm32f40_41xxx.o(.text)
    SPI3_IRQHandler                          0x080030bb   Thumb Code     0  startup_stm32f40_41xxx.o(.text)
    TAMP_STAMP_IRQHandler                    0x080030bb   Thumb Code     0  startup_stm32f40_41xxx.o(.text)
    TIM1_BRK_TIM9_IRQHandler                 0x080030bb   Thumb Code     0  startup_stm32f40_41xxx.o(.text)
    TIM1_CC_IRQHandler                       0x080030bb   Thumb Code     0  startup_stm32f40_41xxx.o(.text)
    TIM1_TRG_COM_TIM11_IRQHandler            0x080030bb   Thumb Code     0  startup_stm32f40_41xxx.o(.text)
    TIM1_UP_TIM10_IRQHandler                 0x080030bb   Thumb Code     0  startup_stm32f40_41xxx.o(.text)
    TIM2_IRQHandler                          0x080030bb   Thumb Code     0  startup_stm32f40_41xxx.o(.text)
    TIM4_IRQHandler                          0x080030bb   Thumb Code     0  startup_stm32f40_41xxx.o(.text)
    TIM5_IRQHandler                          0x080030bb   Thumb Code     0  startup_stm32f40_41xxx.o(.text)
    TIM6_DAC_IRQHandler                      0x080030bb   Thumb Code     0  startup_stm32f40_41xxx.o(.text)
    TIM7_IRQHandler                          0x080030bb   Thumb Code     0  startup_stm32f40_41xxx.o(.text)
    TIM8_BRK_TIM12_IRQHandler                0x080030bb   Thumb Code     0  startup_stm32f40_41xxx.o(.text)
    TIM8_CC_IRQHandler                       0x080030bb   Thumb Code     0  startup_stm32f40_41xxx.o(.text)
    TIM8_TRG_COM_TIM14_IRQHandler            0x080030bb   Thumb Code     0  startup_stm32f40_41xxx.o(.text)
    TIM8_UP_TIM13_IRQHandler                 0x080030bb   Thumb Code     0  startup_stm32f40_41xxx.o(.text)
    UART4_IRQHandler                         0x080030bb   Thumb Code     0  startup_stm32f40_41xxx.o(.text)
    UART5_IRQHandler                         0x080030bb   Thumb Code     0  startup_stm32f40_41xxx.o(.text)
    USART2_IRQHandler                        0x080030bb   Thumb Code     0  startup_stm32f40_41xxx.o(.text)
    USART3_IRQHandler                        0x080030bb   Thumb Code     0  startup_stm32f40_41xxx.o(.text)
    USART6_IRQHandler                        0x080030bb   Thumb Code     0  startup_stm32f40_41xxx.o(.text)
    WWDG_IRQHandler                          0x080030bb   Thumb Code     0  startup_stm32f40_41xxx.o(.text)
    __user_initial_stackheap                 0x080030bd   Thumb Code     0  startup_stm32f40_41xxx.o(.text)
    NVIC_PriorityGroupConfig                 0x080030e1   Thumb Code    10  misc.o(.text)
    NVIC_Init                                0x080030eb   Thumb Code    96  misc.o(.text)
    NVIC_SetVectorTable                      0x0800314b   Thumb Code    14  misc.o(.text)
    NVIC_SystemLPConfig                      0x08003159   Thumb Code    20  misc.o(.text)
    SysTick_CLKSourceConfig                  0x0800316d   Thumb Code    24  misc.o(.text)
    DCMI_DeInit                              0x08003191   Thumb Code    22  stm32f4xx_dcmi.o(.text)
    DCMI_Init                                0x080031a7   Thumb Code    54  stm32f4xx_dcmi.o(.text)
    DCMI_StructInit                          0x080031dd   Thumb Code    18  stm32f4xx_dcmi.o(.text)
    DCMI_CROPConfig                          0x080031ef   Thumb Code    20  stm32f4xx_dcmi.o(.text)
    DCMI_CROPCmd                             0x08003203   Thumb Code    22  stm32f4xx_dcmi.o(.text)
    DCMI_SetEmbeddedSynchroCodes             0x08003219   Thumb Code    14  stm32f4xx_dcmi.o(.text)
    DCMI_JPEGCmd                             0x08003227   Thumb Code    22  stm32f4xx_dcmi.o(.text)
    DCMI_Cmd                                 0x0800323d   Thumb Code    22  stm32f4xx_dcmi.o(.text)
    DCMI_CaptureCmd                          0x08003253   Thumb Code    22  stm32f4xx_dcmi.o(.text)
    DCMI_ReadData                            0x08003269   Thumb Code     6  stm32f4xx_dcmi.o(.text)
    DCMI_ITConfig                            0x0800326f   Thumb Code    22  stm32f4xx_dcmi.o(.text)
    DCMI_GetFlagStatus                       0x08003285   Thumb Code    32  stm32f4xx_dcmi.o(.text)
    DCMI_ClearFlag                           0x080032a5   Thumb Code     6  stm32f4xx_dcmi.o(.text)
    DCMI_GetITStatus                         0x080032ab   Thumb Code    16  stm32f4xx_dcmi.o(.text)
    DCMI_ClearITPendingBit                   0x080032bb   Thumb Code     6  stm32f4xx_dcmi.o(.text)
    GPIO_DeInit                              0x080032c5   Thumb Code   216  stm32f4xx_gpio.o(.text)
    GPIO_Init                                0x0800339d   Thumb Code   162  stm32f4xx_gpio.o(.text)
    GPIO_StructInit                          0x0800343f   Thumb Code    18  stm32f4xx_gpio.o(.text)
    GPIO_PinLockConfig                       0x08003451   Thumb Code    24  stm32f4xx_gpio.o(.text)
    GPIO_ReadInputDataBit                    0x08003469   Thumb Code    14  stm32f4xx_gpio.o(.text)
    GPIO_ReadInputData                       0x08003477   Thumb Code     6  stm32f4xx_gpio.o(.text)
    GPIO_ReadOutputDataBit                   0x0800347d   Thumb Code    14  stm32f4xx_gpio.o(.text)
    GPIO_ReadOutputData                      0x0800348b   Thumb Code     6  stm32f4xx_gpio.o(.text)
    GPIO_SetBits                             0x08003491   Thumb Code     4  stm32f4xx_gpio.o(.text)
    GPIO_ResetBits                           0x08003495   Thumb Code     4  stm32f4xx_gpio.o(.text)
    GPIO_WriteBit                            0x08003499   Thumb Code    10  stm32f4xx_gpio.o(.text)
    GPIO_Write                               0x080034a3   Thumb Code     4  stm32f4xx_gpio.o(.text)
    GPIO_ToggleBits                          0x080034a7   Thumb Code     8  stm32f4xx_gpio.o(.text)
    GPIO_PinAFConfig                         0x080034af   Thumb Code    32  stm32f4xx_gpio.o(.text)
    DMA_DeInit                               0x080034fd   Thumb Code   272  stm32f4xx_dma.o(.text)
    DMA_Init                                 0x0800360d   Thumb Code    80  stm32f4xx_dma.o(.text)
    DMA_StructInit                           0x0800365d   Thumb Code    34  stm32f4xx_dma.o(.text)
    DMA_Cmd                                  0x0800367f   Thumb Code    20  stm32f4xx_dma.o(.text)
    DMA_PeriphIncOffsetSizeConfig            0x08003693   Thumb Code    20  stm32f4xx_dma.o(.text)
    DMA_FlowControllerConfig                 0x080036a7   Thumb Code    20  stm32f4xx_dma.o(.text)
    DMA_SetCurrDataCounter                   0x080036bb   Thumb Code     4  stm32f4xx_dma.o(.text)
    DMA_GetCurrDataCounter                   0x080036bf   Thumb Code     6  stm32f4xx_dma.o(.text)
    DMA_DoubleBufferModeConfig               0x080036c5   Thumb Code    22  stm32f4xx_dma.o(.text)
    DMA_DoubleBufferModeCmd                  0x080036db   Thumb Code    20  stm32f4xx_dma.o(.text)
    DMA_MemoryTargetConfig                   0x080036ef   Thumb Code    10  stm32f4xx_dma.o(.text)
    DMA_GetCurrentMemoryTarget               0x080036f9   Thumb Code    14  stm32f4xx_dma.o(.text)
    DMA_GetCmdStatus                         0x08003707   Thumb Code    14  stm32f4xx_dma.o(.text)
    DMA_GetFIFOStatus                        0x08003715   Thumb Code     8  stm32f4xx_dma.o(.text)
    DMA_GetFlagStatus                        0x0800371d   Thumb Code    42  stm32f4xx_dma.o(.text)
    DMA_ClearFlag                            0x08003747   Thumb Code    34  stm32f4xx_dma.o(.text)
    DMA_ITConfig                             0x08003769   Thumb Code    44  stm32f4xx_dma.o(.text)
    DMA_GetITStatus                          0x08003795   Thumb Code    70  stm32f4xx_dma.o(.text)
    DMA_ClearITPendingBit                    0x080037db   Thumb Code    34  stm32f4xx_dma.o(.text)
    RCC_DeInit                               0x0800381d   Thumb Code    68  stm32f4xx_rcc.o(.text)
    RCC_HSEConfig                            0x08003861   Thumb Code    12  stm32f4xx_rcc.o(.text)
    RCC_GetFlagStatus                        0x0800386d   Thumb Code    46  stm32f4xx_rcc.o(.text)
    RCC_WaitForHSEStartUp                    0x0800389b   Thumb Code    44  stm32f4xx_rcc.o(.text)
    RCC_AdjustHSICalibrationValue            0x080038c7   Thumb Code    16  stm32f4xx_rcc.o(.text)
    RCC_HSICmd                               0x080038d7   Thumb Code     6  stm32f4xx_rcc.o(.text)
    RCC_LSEConfig                            0x080038dd   Thumb Code    24  stm32f4xx_rcc.o(.text)
    RCC_LSICmd                               0x080038f5   Thumb Code     6  stm32f4xx_rcc.o(.text)
    RCC_PLLConfig                            0x080038fb   Thumb Code    32  stm32f4xx_rcc.o(.text)
    RCC_PLLCmd                               0x0800391b   Thumb Code     6  stm32f4xx_rcc.o(.text)
    RCC_PLLI2SConfig                         0x08003921   Thumb Code    14  stm32f4xx_rcc.o(.text)
    RCC_PLLI2SCmd                            0x0800392f   Thumb Code     6  stm32f4xx_rcc.o(.text)
    RCC_PLLSAIConfig                         0x08003935   Thumb Code    18  stm32f4xx_rcc.o(.text)
    RCC_PLLSAICmd                            0x08003947   Thumb Code     6  stm32f4xx_rcc.o(.text)
    RCC_ClockSecuritySystemCmd               0x0800394d   Thumb Code     6  stm32f4xx_rcc.o(.text)
    RCC_MCO1Config                           0x08003953   Thumb Code    18  stm32f4xx_rcc.o(.text)
    RCC_MCO2Config                           0x08003965   Thumb Code    18  stm32f4xx_rcc.o(.text)
    RCC_SYSCLKConfig                         0x08003977   Thumb Code    16  stm32f4xx_rcc.o(.text)
    RCC_GetSYSCLKSource                      0x08003987   Thumb Code    12  stm32f4xx_rcc.o(.text)
    RCC_HCLKConfig                           0x08003993   Thumb Code    16  stm32f4xx_rcc.o(.text)
    RCC_PCLK1Config                          0x080039a3   Thumb Code    16  stm32f4xx_rcc.o(.text)
    RCC_PCLK2Config                          0x080039b3   Thumb Code    18  stm32f4xx_rcc.o(.text)
    RCC_GetClocksFreq                        0x080039c5   Thumb Code   134  stm32f4xx_rcc.o(.text)
    RCC_RTCCLKConfig                         0x08003a4b   Thumb Code    42  stm32f4xx_rcc.o(.text)
    RCC_RTCCLKCmd                            0x08003a75   Thumb Code     8  stm32f4xx_rcc.o(.text)
    RCC_BackupResetCmd                       0x08003a7d   Thumb Code     8  stm32f4xx_rcc.o(.text)
    RCC_I2SCLKConfig                         0x08003a85   Thumb Code     8  stm32f4xx_rcc.o(.text)
    RCC_SAIPLLI2SClkDivConfig                0x08003a8d   Thumb Code    18  stm32f4xx_rcc.o(.text)
    RCC_SAIPLLSAIClkDivConfig                0x08003a9f   Thumb Code    24  stm32f4xx_rcc.o(.text)
    RCC_SAIBlockACLKConfig                   0x08003ab7   Thumb Code    16  stm32f4xx_rcc.o(.text)
    RCC_SAIBlockBCLKConfig                   0x08003ac7   Thumb Code    16  stm32f4xx_rcc.o(.text)
    RCC_LTDCCLKDivConfig                     0x08003ad7   Thumb Code    16  stm32f4xx_rcc.o(.text)
    RCC_TIMCLKPresConfig                     0x08003ae7   Thumb Code     8  stm32f4xx_rcc.o(.text)
    RCC_AHB1PeriphClockCmd                   0x08003aef   Thumb Code    20  stm32f4xx_rcc.o(.text)
    RCC_AHB2PeriphClockCmd                   0x08003b03   Thumb Code    20  stm32f4xx_rcc.o(.text)
    RCC_AHB3PeriphClockCmd                   0x08003b17   Thumb Code    20  stm32f4xx_rcc.o(.text)
    RCC_APB1PeriphClockCmd                   0x08003b2b   Thumb Code    20  stm32f4xx_rcc.o(.text)
    RCC_APB2PeriphClockCmd                   0x08003b3f   Thumb Code    20  stm32f4xx_rcc.o(.text)
    RCC_AHB1PeriphResetCmd                   0x08003b53   Thumb Code    20  stm32f4xx_rcc.o(.text)
    RCC_AHB2PeriphResetCmd                   0x08003b67   Thumb Code    20  stm32f4xx_rcc.o(.text)
    RCC_AHB3PeriphResetCmd                   0x08003b7b   Thumb Code    20  stm32f4xx_rcc.o(.text)
    RCC_APB1PeriphResetCmd                   0x08003b8f   Thumb Code    20  stm32f4xx_rcc.o(.text)
    RCC_APB2PeriphResetCmd                   0x08003ba3   Thumb Code    20  stm32f4xx_rcc.o(.text)
    RCC_AHB1PeriphClockLPModeCmd             0x08003bb7   Thumb Code    20  stm32f4xx_rcc.o(.text)
    RCC_AHB2PeriphClockLPModeCmd             0x08003bcb   Thumb Code    20  stm32f4xx_rcc.o(.text)
    RCC_AHB3PeriphClockLPModeCmd             0x08003bdf   Thumb Code    20  stm32f4xx_rcc.o(.text)
    RCC_APB1PeriphClockLPModeCmd             0x08003bf3   Thumb Code    64  stm32f4xx_rcc.o(.text)
    RCC_APB2PeriphClockLPModeCmd             0x08003c33   Thumb Code    18  stm32f4xx_rcc.o(.text)
    RCC_LSEModeConfig                        0x08003c45   Thumb Code    24  stm32f4xx_rcc.o(.text)
    RCC_ITConfig                             0x08003c5d   Thumb Code    20  stm32f4xx_rcc.o(.text)
    RCC_ClearFlag                            0x08003c71   Thumb Code    14  stm32f4xx_rcc.o(.text)
    RCC_GetITStatus                          0x08003c7f   Thumb Code    18  stm32f4xx_rcc.o(.text)
    RCC_ClearITPendingBit                    0x08003c91   Thumb Code     8  stm32f4xx_rcc.o(.text)
    USART_DeInit                             0x08003c9d   Thumb Code   138  stm32f4xx_usart.o(.text)
    USART_Init                               0x08003d27   Thumb Code   164  stm32f4xx_usart.o(.text)
    USART_StructInit                         0x08003dcb   Thumb Code    22  stm32f4xx_usart.o(.text)
    USART_ClockInit                          0x08003de1   Thumb Code    28  stm32f4xx_usart.o(.text)
    USART_ClockStructInit                    0x08003dfd   Thumb Code    12  stm32f4xx_usart.o(.text)
    USART_Cmd                                0x08003e09   Thumb Code    20  stm32f4xx_usart.o(.text)
    USART_SetPrescaler                       0x08003e1d   Thumb Code    16  stm32f4xx_usart.o(.text)
    USART_OverSampling8Cmd                   0x08003e2d   Thumb Code    20  stm32f4xx_usart.o(.text)
    USART_OneBitMethodCmd                    0x08003e41   Thumb Code    20  stm32f4xx_usart.o(.text)
    USART_SendData                           0x08003e55   Thumb Code     8  stm32f4xx_usart.o(.text)
    USART_ReceiveData                        0x08003e5d   Thumb Code     8  stm32f4xx_usart.o(.text)
    USART_SetAddress                         0x08003e65   Thumb Code    16  stm32f4xx_usart.o(.text)
    USART_ReceiverWakeUpCmd                  0x08003e75   Thumb Code    20  stm32f4xx_usart.o(.text)
    USART_WakeUpConfig                       0x08003e89   Thumb Code    16  stm32f4xx_usart.o(.text)
    USART_LINBreakDetectLengthConfig         0x08003e99   Thumb Code    16  stm32f4xx_usart.o(.text)
    USART_LINCmd                             0x08003ea9   Thumb Code    20  stm32f4xx_usart.o(.text)
    USART_SendBreak                          0x08003ebd   Thumb Code    10  stm32f4xx_usart.o(.text)
    USART_HalfDuplexCmd                      0x08003ec7   Thumb Code    20  stm32f4xx_usart.o(.text)
    USART_SetGuardTime                       0x08003edb   Thumb Code    16  stm32f4xx_usart.o(.text)
    USART_SmartCardCmd                       0x08003eeb   Thumb Code    20  stm32f4xx_usart.o(.text)
    USART_SmartCardNACKCmd                   0x08003eff   Thumb Code    20  stm32f4xx_usart.o(.text)
    USART_IrDAConfig                         0x08003f13   Thumb Code    16  stm32f4xx_usart.o(.text)
    USART_IrDACmd                            0x08003f23   Thumb Code    20  stm32f4xx_usart.o(.text)
    USART_DMACmd                             0x08003f37   Thumb Code    16  stm32f4xx_usart.o(.text)
    USART_ITConfig                           0x08003f47   Thumb Code    48  stm32f4xx_usart.o(.text)
    USART_GetFlagStatus                      0x08003f77   Thumb Code    14  stm32f4xx_usart.o(.text)
    USART_ClearFlag                          0x08003f85   Thumb Code     6  stm32f4xx_usart.o(.text)
    USART_GetITStatus                        0x08003f8b   Thumb Code    62  stm32f4xx_usart.o(.text)
    USART_ClearITPendingBit                  0x08003fc9   Thumb Code    12  stm32f4xx_usart.o(.text)
    TIM_DeInit                               0x08003ff5   Thumb Code   284  stm32f4xx_tim.o(.text)
    TIM_TimeBaseInit                         0x08004111   Thumb Code    96  stm32f4xx_tim.o(.text)
    TIM_TimeBaseStructInit                   0x08004171   Thumb Code    18  stm32f4xx_tim.o(.text)
    TIM_PrescalerConfig                      0x08004183   Thumb Code     6  stm32f4xx_tim.o(.text)
    TIM_CounterModeConfig                    0x08004189   Thumb Code    12  stm32f4xx_tim.o(.text)
    TIM_SetCounter                           0x08004195   Thumb Code     4  stm32f4xx_tim.o(.text)
    TIM_SetAutoreload                        0x08004199   Thumb Code     4  stm32f4xx_tim.o(.text)
    TIM_GetCounter                           0x0800419d   Thumb Code     4  stm32f4xx_tim.o(.text)
    TIM_GetPrescaler                         0x080041a1   Thumb Code     4  stm32f4xx_tim.o(.text)
    TIM_UpdateDisableConfig                  0x080041a5   Thumb Code    20  stm32f4xx_tim.o(.text)
    TIM_UpdateRequestConfig                  0x080041b9   Thumb Code    20  stm32f4xx_tim.o(.text)
    TIM_ARRPreloadConfig                     0x080041cd   Thumb Code    20  stm32f4xx_tim.o(.text)
    TIM_SelectOnePulseMode                   0x080041e1   Thumb Code    16  stm32f4xx_tim.o(.text)
    TIM_SetClockDivision                     0x080041f1   Thumb Code    16  stm32f4xx_tim.o(.text)
    TIM_Cmd                                  0x08004201   Thumb Code    20  stm32f4xx_tim.o(.text)
    TIM_OC1Init                              0x08004215   Thumb Code    88  stm32f4xx_tim.o(.text)
    TIM_OC2Init                              0x0800426d   Thumb Code   120  stm32f4xx_tim.o(.text)
    TIM_OC3Init                              0x080042e5   Thumb Code   116  stm32f4xx_tim.o(.text)
    TIM_OC4Init                              0x08004359   Thumb Code    88  stm32f4xx_tim.o(.text)
    TIM_OCStructInit                         0x080043b1   Thumb Code    20  stm32f4xx_tim.o(.text)
    TIM_SelectOCxM                           0x080043c5   Thumb Code   130  stm32f4xx_tim.o(.text)
    TIM_SetCompare1                          0x08004447   Thumb Code     4  stm32f4xx_tim.o(.text)
    TIM_SetCompare2                          0x0800444b   Thumb Code     4  stm32f4xx_tim.o(.text)
    TIM_SetCompare3                          0x0800444f   Thumb Code     4  stm32f4xx_tim.o(.text)
    TIM_SetCompare4                          0x08004453   Thumb Code     4  stm32f4xx_tim.o(.text)
    TIM_ForcedOC1Config                      0x08004457   Thumb Code    12  stm32f4xx_tim.o(.text)
    TIM_ForcedOC2Config                      0x08004463   Thumb Code    20  stm32f4xx_tim.o(.text)
    TIM_ForcedOC3Config                      0x08004477   Thumb Code    12  stm32f4xx_tim.o(.text)
    TIM_ForcedOC4Config                      0x08004483   Thumb Code    20  stm32f4xx_tim.o(.text)
    TIM_OC1PreloadConfig                     0x08004497   Thumb Code    12  stm32f4xx_tim.o(.text)
    TIM_OC2PreloadConfig                     0x080044a3   Thumb Code    20  stm32f4xx_tim.o(.text)
    TIM_OC3PreloadConfig                     0x080044b7   Thumb Code    12  stm32f4xx_tim.o(.text)
    TIM_OC4PreloadConfig                     0x080044c3   Thumb Code    20  stm32f4xx_tim.o(.text)
    TIM_OC1FastConfig                        0x080044d7   Thumb Code    12  stm32f4xx_tim.o(.text)
    TIM_OC2FastConfig                        0x080044e3   Thumb Code    20  stm32f4xx_tim.o(.text)
    TIM_OC3FastConfig                        0x080044f7   Thumb Code    12  stm32f4xx_tim.o(.text)
    TIM_OC4FastConfig                        0x08004503   Thumb Code    20  stm32f4xx_tim.o(.text)
    TIM_ClearOC1Ref                          0x08004517   Thumb Code    12  stm32f4xx_tim.o(.text)
    TIM_ClearOC2Ref                          0x08004523   Thumb Code    20  stm32f4xx_tim.o(.text)
    TIM_ClearOC3Ref                          0x08004537   Thumb Code    12  stm32f4xx_tim.o(.text)
    TIM_ClearOC4Ref                          0x08004543   Thumb Code    20  stm32f4xx_tim.o(.text)
    TIM_OC1PolarityConfig                    0x08004557   Thumb Code    12  stm32f4xx_tim.o(.text)
    TIM_OC1NPolarityConfig                   0x08004563   Thumb Code    12  stm32f4xx_tim.o(.text)
    TIM_OC2PolarityConfig                    0x0800456f   Thumb Code    20  stm32f4xx_tim.o(.text)
    TIM_OC2NPolarityConfig                   0x08004583   Thumb Code    20  stm32f4xx_tim.o(.text)
    TIM_OC3PolarityConfig                    0x08004597   Thumb Code    20  stm32f4xx_tim.o(.text)
    TIM_OC3NPolarityConfig                   0x080045ab   Thumb Code    20  stm32f4xx_tim.o(.text)
    TIM_OC4PolarityConfig                    0x080045bf   Thumb Code    20  stm32f4xx_tim.o(.text)
    TIM_CCxCmd                               0x080045d3   Thumb Code    22  stm32f4xx_tim.o(.text)
    TIM_CCxNCmd                              0x080045e9   Thumb Code    22  stm32f4xx_tim.o(.text)
    TIM_SetIC4Prescaler                      0x080045ff   Thumb Code    24  stm32f4xx_tim.o(.text)
    TIM_SetIC3Prescaler                      0x08004617   Thumb Code    16  stm32f4xx_tim.o(.text)
    TIM_SetIC2Prescaler                      0x08004627   Thumb Code    24  stm32f4xx_tim.o(.text)
    TIM_SetIC1Prescaler                      0x08004675   Thumb Code    16  stm32f4xx_tim.o(.text)
    TIM_ICInit                               0x08004685   Thumb Code   164  stm32f4xx_tim.o(.text)
    TIM_ICStructInit                         0x08004729   Thumb Code    16  stm32f4xx_tim.o(.text)
    TIM_PWMIConfig                           0x08004739   Thumb Code   104  stm32f4xx_tim.o(.text)
    TIM_GetCapture1                          0x080047a1   Thumb Code     4  stm32f4xx_tim.o(.text)
    TIM_GetCapture2                          0x080047a5   Thumb Code     4  stm32f4xx_tim.o(.text)
    TIM_GetCapture3                          0x080047a9   Thumb Code     4  stm32f4xx_tim.o(.text)
    TIM_GetCapture4                          0x080047ad   Thumb Code     4  stm32f4xx_tim.o(.text)
    TIM_BDTRConfig                           0x080047b1   Thumb Code    34  stm32f4xx_tim.o(.text)
    TIM_BDTRStructInit                       0x080047d3   Thumb Code    18  stm32f4xx_tim.o(.text)
    TIM_CtrlPWMOutputs                       0x080047e5   Thumb Code    22  stm32f4xx_tim.o(.text)
    TIM_SelectCOM                            0x080047fb   Thumb Code    20  stm32f4xx_tim.o(.text)
    TIM_CCPreloadControl                     0x0800480f   Thumb Code    20  stm32f4xx_tim.o(.text)
    TIM_ITConfig                             0x08004823   Thumb Code    16  stm32f4xx_tim.o(.text)
    TIM_GenerateEvent                        0x08004833   Thumb Code     4  stm32f4xx_tim.o(.text)
    TIM_GetFlagStatus                        0x08004837   Thumb Code    14  stm32f4xx_tim.o(.text)
    TIM_ClearFlag                            0x08004845   Thumb Code     6  stm32f4xx_tim.o(.text)
    TIM_GetITStatus                          0x0800484b   Thumb Code    24  stm32f4xx_tim.o(.text)
    TIM_ClearITPendingBit                    0x08004863   Thumb Code     6  stm32f4xx_tim.o(.text)
    TIM_DMAConfig                            0x08004869   Thumb Code     8  stm32f4xx_tim.o(.text)
    TIM_DMACmd                               0x08004871   Thumb Code    16  stm32f4xx_tim.o(.text)
    TIM_SelectCCDMA                          0x08004881   Thumb Code    20  stm32f4xx_tim.o(.text)
    TIM_InternalClockConfig                  0x08004895   Thumb Code    10  stm32f4xx_tim.o(.text)
    TIM_SelectInputTrigger                   0x0800489f   Thumb Code    12  stm32f4xx_tim.o(.text)
    TIM_ITRxExternalClockConfig              0x080048ab   Thumb Code    18  stm32f4xx_tim.o(.text)
    TIM_TIxExternalClockConfig               0x080048bd   Thumb Code    46  stm32f4xx_tim.o(.text)
    TIM_ETRConfig                            0x080048eb   Thumb Code    24  stm32f4xx_tim.o(.text)
    TIM_ETRClockMode1Config                  0x08004903   Thumb Code    18  stm32f4xx_tim.o(.text)
    TIM_ETRClockMode2Config                  0x08004915   Thumb Code    18  stm32f4xx_tim.o(.text)
    TIM_SelectOutputTrigger                  0x08004927   Thumb Code    16  stm32f4xx_tim.o(.text)
    TIM_SelectSlaveMode                      0x08004937   Thumb Code    16  stm32f4xx_tim.o(.text)
    TIM_SelectMasterSlaveMode                0x08004947   Thumb Code    16  stm32f4xx_tim.o(.text)
    TIM_EncoderInterfaceConfig               0x08004957   Thumb Code    50  stm32f4xx_tim.o(.text)
    TIM_SelectHallSensor                     0x08004989   Thumb Code    20  stm32f4xx_tim.o(.text)
    TIM_RemapConfig                          0x0800499d   Thumb Code     6  stm32f4xx_tim.o(.text)
    SDIO_DeInit                              0x080049d1   Thumb Code    24  stm32f4xx_sdio.o(.text)
    SDIO_Init                                0x080049e9   Thumb Code    40  stm32f4xx_sdio.o(.text)
    SDIO_StructInit                          0x08004a11   Thumb Code    16  stm32f4xx_sdio.o(.text)
    SDIO_ClockCmd                            0x08004a21   Thumb Code     8  stm32f4xx_sdio.o(.text)
    SDIO_SetPowerState                       0x08004a29   Thumb Code     8  stm32f4xx_sdio.o(.text)
    SDIO_GetPowerState                       0x08004a31   Thumb Code    12  stm32f4xx_sdio.o(.text)
    SDIO_SendCommand                         0x08004a3d   Thumb Code    38  stm32f4xx_sdio.o(.text)
    SDIO_CmdStructInit                       0x08004a63   Thumb Code    14  stm32f4xx_sdio.o(.text)
    SDIO_GetCommandResponse                  0x08004a71   Thumb Code    10  stm32f4xx_sdio.o(.text)
    SDIO_GetResponse                         0x08004a7b   Thumb Code    14  stm32f4xx_sdio.o(.text)
    SDIO_DataConfig                          0x08004a89   Thumb Code    44  stm32f4xx_sdio.o(.text)
    SDIO_DataStructInit                      0x08004ab5   Thumb Code    20  stm32f4xx_sdio.o(.text)
    SDIO_GetDataCounter                      0x08004ac9   Thumb Code     8  stm32f4xx_sdio.o(.text)
    SDIO_ReadData                            0x08004ad1   Thumb Code     8  stm32f4xx_sdio.o(.text)
    SDIO_WriteData                           0x08004ad9   Thumb Code     8  stm32f4xx_sdio.o(.text)
    SDIO_GetFIFOCount                        0x08004ae1   Thumb Code     8  stm32f4xx_sdio.o(.text)
    SDIO_StartSDIOReadWait                   0x08004ae9   Thumb Code     6  stm32f4xx_sdio.o(.text)
    SDIO_StopSDIOReadWait                    0x08004aef   Thumb Code     8  stm32f4xx_sdio.o(.text)
    SDIO_SetSDIOReadWaitMode                 0x08004af7   Thumb Code     8  stm32f4xx_sdio.o(.text)
    SDIO_SetSDIOOperation                    0x08004aff   Thumb Code     8  stm32f4xx_sdio.o(.text)
    SDIO_SendSDIOSuspendCmd                  0x08004b07   Thumb Code     8  stm32f4xx_sdio.o(.text)
    SDIO_CommandCompletionCmd                0x08004b0f   Thumb Code     8  stm32f4xx_sdio.o(.text)
    SDIO_CEATAITCmd                          0x08004b17   Thumb Code    12  stm32f4xx_sdio.o(.text)
    SDIO_SendCEATACmd                        0x08004b23   Thumb Code     8  stm32f4xx_sdio.o(.text)
    SDIO_DMACmd                              0x08004b2b   Thumb Code     8  stm32f4xx_sdio.o(.text)
    SDIO_ITConfig                            0x08004b33   Thumb Code    20  stm32f4xx_sdio.o(.text)
    SDIO_GetFlagStatus                       0x08004b47   Thumb Code    18  stm32f4xx_sdio.o(.text)
    SDIO_ClearFlag                           0x08004b59   Thumb Code     8  stm32f4xx_sdio.o(.text)
    SDIO_GetITStatus                         0x08004b61   Thumb Code    18  stm32f4xx_sdio.o(.text)
    SDIO_ClearITPendingBit                   0x08004b73   Thumb Code     8  stm32f4xx_sdio.o(.text)
    RTC_WaitForSynchro                       0x08004b89   Thumb Code    70  stm32f4xx_rtc.o(.text)
    RTC_EnterInitMode                        0x08004bcf   Thumb Code    58  stm32f4xx_rtc.o(.text)
    RTC_DeInit                               0x08004c09   Thumb Code   168  stm32f4xx_rtc.o(.text)
    RTC_ExitInitMode                         0x08004cb1   Thumb Code    14  stm32f4xx_rtc.o(.text)
    RTC_Init                                 0x08004cbf   Thumb Code    74  stm32f4xx_rtc.o(.text)
    RTC_StructInit                           0x08004d09   Thumb Code    14  stm32f4xx_rtc.o(.text)
    RTC_WriteProtectionCmd                   0x08004d17   Thumb Code    18  stm32f4xx_rtc.o(.text)
    RTC_RefClockCmd                          0x08004d29   Thumb Code    56  stm32f4xx_rtc.o(.text)
    RTC_BypassShadowCmd                      0x08004d61   Thumb Code    38  stm32f4xx_rtc.o(.text)
    RTC_SetTime                              0x08004d87   Thumb Code   150  stm32f4xx_rtc.o(.text)
    RTC_TimeStructInit                       0x08004e1d   Thumb Code    12  stm32f4xx_rtc.o(.text)
    RTC_GetTime                              0x08004e29   Thumb Code    70  stm32f4xx_rtc.o(.text)
    RTC_GetSubSecond                         0x08004e6f   Thumb Code    14  stm32f4xx_rtc.o(.text)
    RTC_SetDate                              0x08004e7d   Thumb Code   144  stm32f4xx_rtc.o(.text)
    RTC_DateStructInit                       0x08004f0d   Thumb Code    14  stm32f4xx_rtc.o(.text)
    RTC_GetDate                              0x08004f1b   Thumb Code    66  stm32f4xx_rtc.o(.text)
    RTC_SetAlarm                             0x08004f5d   Thumb Code   176  stm32f4xx_rtc.o(.text)
    RTC_AlarmStructInit                      0x0800500d   Thumb Code    20  stm32f4xx_rtc.o(.text)
    RTC_GetAlarm                             0x08005021   Thumb Code   104  stm32f4xx_rtc.o(.text)
    RTC_AlarmCmd                             0x08005089   Thumb Code    78  stm32f4xx_rtc.o(.text)
    RTC_AlarmSubSecondConfig                 0x080050d7   Thumb Code    38  stm32f4xx_rtc.o(.text)
    RTC_GetAlarmSubSecond                    0x080050fd   Thumb Code    24  stm32f4xx_rtc.o(.text)
    RTC_WakeUpClockConfig                    0x08005115   Thumb Code    34  stm32f4xx_rtc.o(.text)
    RTC_SetWakeUpCounter                     0x08005137   Thumb Code    22  stm32f4xx_rtc.o(.text)
    RTC_GetWakeUpCounter                     0x0800514d   Thumb Code    10  stm32f4xx_rtc.o(.text)
    RTC_WakeUpCmd                            0x08005157   Thumb Code    84  stm32f4xx_rtc.o(.text)
    RTC_DayLightSavingConfig                 0x080051ab   Thumb Code    38  stm32f4xx_rtc.o(.text)
    RTC_GetStoreOperation                    0x080051d1   Thumb Code    12  stm32f4xx_rtc.o(.text)
    RTC_OutputConfig                         0x080051dd   Thumb Code    38  stm32f4xx_rtc.o(.text)
    RTC_CoarseCalibConfig                    0x08005203   Thumb Code    46  stm32f4xx_rtc.o(.text)
    RTC_CoarseCalibCmd                       0x08005231   Thumb Code    56  stm32f4xx_rtc.o(.text)
    RTC_CalibOutputCmd                       0x08005269   Thumb Code    38  stm32f4xx_rtc.o(.text)
    RTC_CalibOutputConfig                    0x0800528f   Thumb Code    34  stm32f4xx_rtc.o(.text)
    RTC_SmoothCalibConfig                    0x080052b1   Thumb Code    70  stm32f4xx_rtc.o(.text)
    RTC_TimeStampCmd                         0x080052f7   Thumb Code    42  stm32f4xx_rtc.o(.text)
    RTC_GetTimeStamp                         0x08005321   Thumb Code   130  stm32f4xx_rtc.o(.text)
    RTC_GetTimeStampSubSecond                0x080053a3   Thumb Code     8  stm32f4xx_rtc.o(.text)
    RTC_TamperTriggerConfig                  0x080053ab   Thumb Code    24  stm32f4xx_rtc.o(.text)
    RTC_TamperCmd                            0x080053c3   Thumb Code    28  stm32f4xx_rtc.o(.text)
    RTC_TamperFilterConfig                   0x080053df   Thumb Code    18  stm32f4xx_rtc.o(.text)
    RTC_TamperSamplingFreqConfig             0x080053f1   Thumb Code    18  stm32f4xx_rtc.o(.text)
    RTC_TamperPinsPrechargeDuration          0x08005403   Thumb Code    18  stm32f4xx_rtc.o(.text)
    RTC_TimeStampOnTamperDetectionCmd        0x08005415   Thumb Code    22  stm32f4xx_rtc.o(.text)
    RTC_TamperPullUpCmd                      0x0800542b   Thumb Code    22  stm32f4xx_rtc.o(.text)
    RTC_WriteBackupRegister                  0x08005441   Thumb Code    16  stm32f4xx_rtc.o(.text)
    RTC_ReadBackupRegister                   0x08005451   Thumb Code    16  stm32f4xx_rtc.o(.text)
    RTC_TamperPinSelection                   0x08005461   Thumb Code    18  stm32f4xx_rtc.o(.text)
    RTC_TimeStampPinSelection                0x08005473   Thumb Code    18  stm32f4xx_rtc.o(.text)
    RTC_OutputTypeConfig                     0x08005485   Thumb Code    18  stm32f4xx_rtc.o(.text)
    RTC_SynchroShiftConfig                   0x08005497   Thumb Code    84  stm32f4xx_rtc.o(.text)
    RTC_ITConfig                             0x080054eb   Thumb Code    60  stm32f4xx_rtc.o(.text)
    RTC_GetFlagStatus                        0x08005527   Thumb Code    22  stm32f4xx_rtc.o(.text)
    RTC_ClearFlag                            0x0800553d   Thumb Code    24  stm32f4xx_rtc.o(.text)
    RTC_GetITStatus                          0x08005555   Thumb Code    46  stm32f4xx_rtc.o(.text)
    RTC_ClearITPendingBit                    0x08005583   Thumb Code    24  stm32f4xx_rtc.o(.text)
    PWR_DeInit                               0x080055d1   Thumb Code    24  stm32f4xx_pwr.o(.text)
    PWR_BackupAccessCmd                      0x080055e9   Thumb Code     6  stm32f4xx_pwr.o(.text)
    PWR_PVDLevelConfig                       0x080055ef   Thumb Code    14  stm32f4xx_pwr.o(.text)
    PWR_PVDCmd                               0x080055fd   Thumb Code     6  stm32f4xx_pwr.o(.text)
    PWR_WakeUpPinCmd                         0x08005603   Thumb Code     8  stm32f4xx_pwr.o(.text)
    PWR_BackupRegulatorCmd                   0x0800560b   Thumb Code     8  stm32f4xx_pwr.o(.text)
    PWR_MainRegulatorModeConfig              0x08005613   Thumb Code    14  stm32f4xx_pwr.o(.text)
    PWR_OverDriveCmd                         0x08005621   Thumb Code     6  stm32f4xx_pwr.o(.text)
    PWR_OverDriveSWCmd                       0x08005627   Thumb Code     6  stm32f4xx_pwr.o(.text)
    PWR_UnderDriveCmd                        0x0800562d   Thumb Code    22  stm32f4xx_pwr.o(.text)
    PWR_MainRegulatorLowVoltageCmd           0x08005643   Thumb Code    10  stm32f4xx_pwr.o(.text)
    PWR_LowRegulatorLowVoltageCmd            0x0800564d   Thumb Code    10  stm32f4xx_pwr.o(.text)
    PWR_FlashPowerDownCmd                    0x08005657   Thumb Code     6  stm32f4xx_pwr.o(.text)
    PWR_EnterSTOPMode                        0x0800565d   Thumb Code    46  stm32f4xx_pwr.o(.text)
    PWR_EnterUnderDriveSTOPMode              0x0800568b   Thumb Code    46  stm32f4xx_pwr.o(.text)
    PWR_EnterSTANDBYMode                     0x080056b9   Thumb Code    24  stm32f4xx_pwr.o(.text)
    PWR_GetFlagStatus                        0x080056d1   Thumb Code    16  stm32f4xx_pwr.o(.text)
    PWR_ClearFlag                            0x080056e1   Thumb Code    12  stm32f4xx_pwr.o(.text)
    put_fat                                  0x0800582d   Thumb Code   288  ff.o(.text)
    get_fat                                  0x0800594d   Thumb Code   230  ff.o(.text)
    clust2sect                               0x08005a93   Thumb Code    24  ff.o(.text)
    f_unlink                                 0x08006485   Thumb Code   152  ff.o(.text)
    f_readdir                                0x08006603   Thumb Code    90  ff.o(.text)
    f_opendir                                0x0800665d   Thumb Code   104  ff.o(.text)
    FindOldestFile                           0x080066c5   Thumb Code   194  ff.o(.text)
    f_del_oldestfile                         0x08006787   Thumb Code   304  ff.o(.text)
    f_deldir                                 0x080068b7   Thumb Code   158  ff.o(.text)
    f_mount                                  0x08006af7   Thumb Code    72  ff.o(.text)
    f_open                                   0x08006b3f   Thumb Code   328  ff.o(.text)
    f_read                                   0x08006c87   Thumb Code   382  ff.o(.text)
    f_write                                  0x08006e05   Thumb Code   416  ff.o(.text)
    f_sync                                   0x08006fa5   Thumb Code   152  ff.o(.text)
    f_close                                  0x0800703d   Thumb Code    28  ff.o(.text)
    f_lseek                                  0x08007059   Thumb Code   326  ff.o(.text)
    f_closedir                               0x0800719f   Thumb Code    18  ff.o(.text)
    f_stat                                   0x080071b1   Thumb Code    68  ff.o(.text)
    f_getfree                                0x080071f5   Thumb Code   190  ff.o(.text)
    f_truncate                               0x080072b3   Thumb Code   176  ff.o(.text)
    f_mkdir                                  0x08007363   Thumb Code   348  ff.o(.text)
    f_chmod                                  0x080074bf   Thumb Code    80  ff.o(.text)
    f_rename                                 0x0800750f   Thumb Code   248  ff.o(.text)
    f_utime                                  0x08007607   Thumb Code    88  ff.o(.text)
    f_mkfs                                   0x0800765f   Thumb Code  1378  ff.o(.text)
    disk_status                              0x08007d35   Thumb Code    12  diskio.o(.text)
    disk_initialize                          0x08007d41   Thumb Code    18  diskio.o(.text)
    disk_read                                0x08007d53   Thumb Code   124  diskio.o(.text)
    disk_write                               0x08007dcf   Thumb Code   120  diskio.o(.text)
    disk_ioctl                               0x08007e47   Thumb Code    56  diskio.o(.text)
    get_fattime                              0x08007e7f   Thumb Code     4  diskio.o(.text)
    ff_convert                               0x08007e8d   Thumb Code    68  cc936.o(.text)
    ff_wtoupper                              0x08007ed1   Thumb Code    70  cc936.o(.text)
    __use_no_semihosting                     0x08007f29   Thumb Code     2  use_no_semi_2.o(.text)
    __aeabi_uldivmod                         0x08007f2b   Thumb Code     0  lludivv7m.o(.text)
    _ll_udiv                                 0x08007f2b   Thumb Code   238  lludivv7m.o(.text)
    __2printf                                0x08008019   Thumb Code    20  noretval__2printf.o(.text)
    __2sprintf                               0x08008031   Thumb Code    34  noretval__2sprintf.o(.text)
    _printf_pre_padding                      0x08008059   Thumb Code    44  _printf_pad.o(.text)
    _printf_post_padding                     0x08008085   Thumb Code    34  _printf_pad.o(.text)
    _printf_str                              0x080080a7   Thumb Code    82  _printf_str.o(.text)
    _printf_int_dec                          0x080080f9   Thumb Code   104  _printf_dec.o(.text)
    __printf                                 0x08008171   Thumb Code   388  __printf_flags_ss_wp.o(.text)
    puts                                     0x080082f9   Thumb Code    40  puts.o(.text)
    strlen                                   0x08008325   Thumb Code    62  strlen.o(.text)
    __aeabi_memcpy                           0x08008363   Thumb Code     0  rt_memcpy_v6.o(.text)
    __rt_memcpy                              0x08008363   Thumb Code   138  rt_memcpy_v6.o(.text)
    _memcpy_lastbytes                        0x080083c9   Thumb Code     0  rt_memcpy_v6.o(.text)
    __aeabi_memclr4                          0x080083ed   Thumb Code     0  rt_memclr_w.o(.text)
    __aeabi_memclr8                          0x080083ed   Thumb Code     0  rt_memclr_w.o(.text)
    __rt_memclr_w                            0x080083ed   Thumb Code    78  rt_memclr_w.o(.text)
    _memset_w                                0x080083f1   Thumb Code     0  rt_memclr_w.o(.text)
    strcmp                                   0x0800843d   Thumb Code   128  strcmpv7m.o(.text)
    __use_two_region_memory                  0x080084bd   Thumb Code     2  heapauxi.o(.text)
    __rt_heap_escrow$2region                 0x080084bf   Thumb Code     2  heapauxi.o(.text)
    __rt_heap_expand$2region                 0x080084c1   Thumb Code     2  heapauxi.o(.text)
    __I$use$semihosting                      0x080084c3   Thumb Code     0  use_no_semi.o(.text)
    __use_no_semihosting_swi                 0x080084c3   Thumb Code     2  use_no_semi.o(.text)
    _printf_int_common                       0x080084c5   Thumb Code   178  _printf_intcommon.o(.text)
    _printf_char_common                      0x08008583   Thumb Code    32  _printf_char_common.o(.text)
    _sputc                                   0x080085a9   Thumb Code    10  _sputc.o(.text)
    _printf_cs_common                        0x080085b3   Thumb Code    20  _printf_char.o(.text)
    _printf_char                             0x080085c7   Thumb Code    16  _printf_char.o(.text)
    _printf_string                           0x080085d7   Thumb Code     8  _printf_char.o(.text)
    _printf_char_file                        0x080085e1   Thumb Code    32  _printf_char_file.o(.text)
    __aeabi_memcpy4                          0x08008605   Thumb Code     0  rt_memcpy_w.o(.text)
    __aeabi_memcpy8                          0x08008605   Thumb Code     0  rt_memcpy_w.o(.text)
    __rt_memcpy_w                            0x08008605   Thumb Code   100  rt_memcpy_w.o(.text)
    _memcpy_lastbytes_aligned                0x0800864d   Thumb Code     0  rt_memcpy_w.o(.text)
    ferror                                   0x08008669   Thumb Code     8  ferror.o(.text)
    __user_setup_stackheap                   0x08008671   Thumb Code    74  sys_stackheap_outer.o(.text)
    exit                                     0x080086bb   Thumb Code    18  exit.o(.text)
    __user_libspace                          0x080086cd   Thumb Code     8  libspace.o(.text)
    __user_perproc_libspace                  0x080086cd   Thumb Code     0  libspace.o(.text)
    __user_perthread_libspace                0x080086cd   Thumb Code     0  libspace.o(.text)
    _is_digit                                0x080086d5   Thumb Code    14  __printf_wp.o(i._is_digit)
    _fp_init                                 0x080086e3   Thumb Code    10  fpinit.o(x$fpl$fpinit)
    __fplib_config_fpu_vfp                   0x080086eb   Thumb Code     0  fpinit.o(x$fpl$fpinit)
    __fplib_config_pureend_doubles           0x080086eb   Thumb Code     0  fpinit.o(x$fpl$fpinit)
    ov2640_sxga_init_reg_tbl                 0x080086ec   Data         360  ov2640.o(.constdata)
    ov2640_jpeg_reg_tbl                      0x08008854   Data          14  ov2640.o(.constdata)
    ov2640_rgb565_reg_tbl                    0x08008862   Data          28  ov2640.o(.constdata)
    ov2640_yuv422_reg_tbl                    0x0800887e   Data          16  ov2640.o(.constdata)
    Region$$Table$$Base                      0x080339c4   Number         0  anon$$obj.o(Region$$Table)
    Region$$Table$$Limit                     0x080339e4   Number         0  anon$$obj.o(Region$$Table)
    sys_status                               0x20000000   Data           1  main.o(.data)
    Com1SendFlag                             0x20000001   Data           1  main.o(.data)
    SystemCoreClock                          0x20000004   Data           4  system_stm32f4xx.o(.data)
    AHBPrescTable                            0x20000008   Data          16  system_stm32f4xx.o(.data)
    TransferError                            0x20000018   Data           1  bsp_sdio_sd.o(.data)
    StopCondition                            0x20000024   Data           4  bsp_sdio_sd.o(.data)
    TransferEnd                              0x20000028   Data           4  bsp_sdio_sd.o(.data)
    DMAEndOfTransfer                         0x2000002c   Data           4  bsp_sdio_sd.o(.data)
    Key_Flag                                 0x20000030   Data           1  key.o(.data)
    key_up                                   0x20000031   Data           1  key.o(.data)
    Key_times                                0x20000032   Data           6  key.o(.data)
    Key_Time_out                             0x20000038   Data           6  key.o(.data)
    ov_frame                                 0x2000003e   Data           1  dcmi.o(.data)
    TimeS                                    0x2000003f   Data           1  timer.o(.data)
    jpeg_data_ok                             0x20000040   Data           1  jpeg.o(.data)
    jpg_cnt                                  0x20000044   Data           4  jpeg.o(.data)
    jpeg_data_len                            0x20000048   Data           4  jpeg.o(.data)
    fre_clust                                0x2000004c   Data           4  jpeg.o(.data)
    fre_sect                                 0x20000050   Data           4  jpeg.o(.data)
    tot_sect                                 0x20000054   Data           4  jpeg.o(.data)
    USART_RX_STA                             0x2000005c   Data           2  usart.o(.data)
    __stdout                                 0x20000060   Data           4  usart.o(.data)
    SDCardInfo                               0x200000b0   Data          88  bsp_sdio_sd.o(.bss)
    SDIO_InitStructure                       0x20000108   Data          24  bsp_sdio_sd.o(.bss)
    SDIO_CmdInitStructure                    0x20000120   Data          20  bsp_sdio_sd.o(.bss)
    SDIO_DataInitStructure                   0x20000134   Data          24  bsp_sdio_sd.o(.bss)
    DCMI_InitStructure                       0x2000014c   Data          14  dcmi.o(.bss)
    jpeg_buf                                 0x2000015c   Data       126976  jpeg.o(.bss)
    USART_RX_BUF                             0x2001f15c   Data         200  usart.o(.bss)
    __libspace_start                         0x2001f224   Data          96  libspace.o(.bss)
    __temporary_stack_top$libspace           0x2001f284   Data           0  libspace.o(.bss)



==============================================================================

Memory Map of the image

  Image Entry point : 0x08000189

  Load Region LR_IROM1 (Base: 0x08000000, Size: 0x00033a64, Max: 0x00100000, ABSOLUTE)

    Execution Region ER_IROM1 (Base: 0x08000000, Size: 0x000339e4, Max: 0x00100000, ABSOLUTE)

    Base Addr    Size         Type   Attr      Idx    E Section Name        Object

    0x08000000   0x00000188   Data   RO          574    RESET               startup_stm32f40_41xxx.o
    0x08000188   0x00000008   Code   RO          995  * !!!main             c_w.l(__main.o)
    0x08000190   0x00000034   Code   RO         1179    !!!scatter          c_w.l(__scatter.o)
    0x080001c4   0x0000001a   Code   RO         1181    !!handler_copy      c_w.l(__scatter_copy.o)
    0x080001de   0x00000002   PAD
    0x080001e0   0x0000001c   Code   RO         1183    !!handler_zi        c_w.l(__scatter_zi.o)
    0x080001fc   0x00000000   Code   RO          982    .ARM.Collect$$_printf_percent$$00000000  c_w.l(_printf_percent.o)
    0x080001fc   0x00000006   Code   RO          980    .ARM.Collect$$_printf_percent$$00000009  c_w.l(_printf_d.o)
    0x08000202   0x00000006   Code   RO          981    .ARM.Collect$$_printf_percent$$0000000A  c_w.l(_printf_u.o)
    0x08000208   0x00000006   Code   RO          979    .ARM.Collect$$_printf_percent$$00000014  c_w.l(_printf_s.o)
    0x0800020e   0x00000004   Code   RO         1014    .ARM.Collect$$_printf_percent$$00000017  c_w.l(_printf_percent_end.o)
    0x08000212   0x00000002   Code   RO         1053    .ARM.Collect$$libinit$$00000000  c_w.l(libinit.o)
    0x08000214   0x00000004   Code   RO         1065    .ARM.Collect$$libinit$$00000001  c_w.l(libinit2.o)
    0x08000218   0x00000000   Code   RO         1068    .ARM.Collect$$libinit$$00000004  c_w.l(libinit2.o)
    0x08000218   0x00000000   Code   RO         1071    .ARM.Collect$$libinit$$0000000A  c_w.l(libinit2.o)
    0x08000218   0x00000000   Code   RO         1073    .ARM.Collect$$libinit$$0000000C  c_w.l(libinit2.o)
    0x08000218   0x00000000   Code   RO         1075    .ARM.Collect$$libinit$$0000000E  c_w.l(libinit2.o)
    0x08000218   0x00000000   Code   RO         1078    .ARM.Collect$$libinit$$00000011  c_w.l(libinit2.o)
    0x08000218   0x00000000   Code   RO         1080    .ARM.Collect$$libinit$$00000013  c_w.l(libinit2.o)
    0x08000218   0x00000000   Code   RO         1082    .ARM.Collect$$libinit$$00000015  c_w.l(libinit2.o)
    0x08000218   0x00000000   Code   RO         1084    .ARM.Collect$$libinit$$00000017  c_w.l(libinit2.o)
    0x08000218   0x00000000   Code   RO         1086    .ARM.Collect$$libinit$$00000019  c_w.l(libinit2.o)
    0x08000218   0x00000000   Code   RO         1088    .ARM.Collect$$libinit$$0000001B  c_w.l(libinit2.o)
    0x08000218   0x00000000   Code   RO         1090    .ARM.Collect$$libinit$$0000001D  c_w.l(libinit2.o)
    0x08000218   0x00000000   Code   RO         1092    .ARM.Collect$$libinit$$0000001F  c_w.l(libinit2.o)
    0x08000218   0x00000000   Code   RO         1094    .ARM.Collect$$libinit$$00000021  c_w.l(libinit2.o)
    0x08000218   0x00000000   Code   RO         1096    .ARM.Collect$$libinit$$00000023  c_w.l(libinit2.o)
    0x08000218   0x00000000   Code   RO         1098    .ARM.Collect$$libinit$$00000025  c_w.l(libinit2.o)
    0x08000218   0x00000000   Code   RO         1102    .ARM.Collect$$libinit$$0000002C  c_w.l(libinit2.o)
    0x08000218   0x00000000   Code   RO         1104    .ARM.Collect$$libinit$$0000002E  c_w.l(libinit2.o)
    0x08000218   0x00000000   Code   RO         1106    .ARM.Collect$$libinit$$00000030  c_w.l(libinit2.o)
    0x08000218   0x00000000   Code   RO         1108    .ARM.Collect$$libinit$$00000032  c_w.l(libinit2.o)
    0x08000218   0x00000002   Code   RO         1109    .ARM.Collect$$libinit$$00000033  c_w.l(libinit2.o)
    0x0800021a   0x00000002   Code   RO         1135    .ARM.Collect$$libshutdown$$00000000  c_w.l(libshutdown.o)
    0x0800021c   0x00000000   Code   RO         1162    .ARM.Collect$$libshutdown$$00000002  c_w.l(libshutdown2.o)
    0x0800021c   0x00000000   Code   RO         1164    .ARM.Collect$$libshutdown$$00000004  c_w.l(libshutdown2.o)
    0x0800021c   0x00000000   Code   RO         1167    .ARM.Collect$$libshutdown$$00000007  c_w.l(libshutdown2.o)
    0x0800021c   0x00000000   Code   RO         1170    .ARM.Collect$$libshutdown$$0000000A  c_w.l(libshutdown2.o)
    0x0800021c   0x00000000   Code   RO         1172    .ARM.Collect$$libshutdown$$0000000C  c_w.l(libshutdown2.o)
    0x0800021c   0x00000000   Code   RO         1175    .ARM.Collect$$libshutdown$$0000000F  c_w.l(libshutdown2.o)
    0x0800021c   0x00000002   Code   RO         1176    .ARM.Collect$$libshutdown$$00000010  c_w.l(libshutdown2.o)
    0x0800021e   0x00000000   Code   RO          999    .ARM.Collect$$rtentry$$00000000  c_w.l(__rtentry.o)
    0x0800021e   0x00000000   Code   RO         1018    .ARM.Collect$$rtentry$$00000002  c_w.l(__rtentry2.o)
    0x0800021e   0x00000006   Code   RO         1030    .ARM.Collect$$rtentry$$00000004  c_w.l(__rtentry4.o)
    0x08000224   0x00000000   Code   RO         1020    .ARM.Collect$$rtentry$$00000009  c_w.l(__rtentry2.o)
    0x08000224   0x00000004   Code   RO         1021    .ARM.Collect$$rtentry$$0000000A  c_w.l(__rtentry2.o)
    0x08000228   0x00000000   Code   RO         1023    .ARM.Collect$$rtentry$$0000000C  c_w.l(__rtentry2.o)
    0x08000228   0x00000008   Code   RO         1024    .ARM.Collect$$rtentry$$0000000D  c_w.l(__rtentry2.o)
    0x08000230   0x00000002   Code   RO         1057    .ARM.Collect$$rtexit$$00000000  c_w.l(rtexit.o)
    0x08000232   0x00000000   Code   RO         1111    .ARM.Collect$$rtexit$$00000002  c_w.l(rtexit2.o)
    0x08000232   0x00000004   Code   RO         1112    .ARM.Collect$$rtexit$$00000003  c_w.l(rtexit2.o)
    0x08000236   0x00000006   Code   RO         1113    .ARM.Collect$$rtexit$$00000004  c_w.l(rtexit2.o)
    0x0800023c   0x000001a0   Code   RO            3    .text               main.o
    0x080003dc   0x00000024   Code   RO          190    .text               stm32f4xx_it.o
    0x08000400   0x0000017c   Code   RO          243    .text               system_stm32f4xx.o
    0x0800057c   0x00001718   Code   RO          269    .text               bsp_sdio_sd.o
    0x08001c94   0x00000300   Code   RO          297    .text               bsp_rtc.o
    0x08001f94   0x00000040   Code   RO          320    .text               led.o
    0x08001fd4   0x0000015c   Code   RO          340    .text               key.o
    0x08002130   0x00000274   Code   RO          363    .text               dcmi.o
    0x080023a4   0x00000512   Code   RO          398    .text               ov2640.o
    0x080028b6   0x00000002   PAD
    0x080028b8   0x00000238   Code   RO          425    .text               sccb.o
    0x08002af0   0x000000c0   Code   RO          446    .text               timer.o
    0x08002bb0   0x00000314   Code   RO          474    .text               jpeg.o
    0x08002ec4   0x000000b8   Code   RO          502    .text               delay.o
    0x08002f7c   0x00000124   Code   RO          542    .text               usart.o
    0x080030a0   0x00000040   Code   RO          575    .text               startup_stm32f40_41xxx.o
    0x080030e0   0x000000b0   Code   RO          581    .text               misc.o
    0x08003190   0x00000134   Code   RO          601    .text               stm32f4xx_dcmi.o
    0x080032c4   0x00000238   Code   RO          621    .text               stm32f4xx_gpio.o
    0x080034fc   0x00000320   Code   RO          664    .text               stm32f4xx_dma.o
    0x0800381c   0x00000480   Code   RO          684    .text               stm32f4xx_rcc.o
    0x08003c9c   0x00000358   Code   RO          726    .text               stm32f4xx_usart.o
    0x08003ff4   0x000009dc   Code   RO          746    .text               stm32f4xx_tim.o
    0x080049d0   0x000001b8   Code   RO          767    .text               stm32f4xx_sdio.o
    0x08004b88   0x00000a48   Code   RO          787    .text               stm32f4xx_rtc.o
    0x080055d0   0x00000128   Code   RO          828    .text               stm32f4xx_pwr.o
    0x080056f8   0x0000263c   Code   RO          848    .text               ff.o
    0x08007d34   0x00000158   Code   RO          895    .text               diskio.o
    0x08007e8c   0x0000009c   Code   RO          914    .text               cc936.o
    0x08007f28   0x00000002   Code   RO          939    .text               c_w.l(use_no_semi_2.o)
    0x08007f2a   0x000000ee   Code   RO          941    .text               c_w.l(lludivv7m.o)
    0x08008018   0x00000018   Code   RO          947    .text               c_w.l(noretval__2printf.o)
    0x08008030   0x00000028   Code   RO          949    .text               c_w.l(noretval__2sprintf.o)
    0x08008058   0x0000004e   Code   RO          953    .text               c_w.l(_printf_pad.o)
    0x080080a6   0x00000052   Code   RO          955    .text               c_w.l(_printf_str.o)
    0x080080f8   0x00000078   Code   RO          957    .text               c_w.l(_printf_dec.o)
    0x08008170   0x00000188   Code   RO          976    .text               c_w.l(__printf_flags_ss_wp.o)
    0x080082f8   0x0000002c   Code   RO          983    .text               c_w.l(puts.o)
    0x08008324   0x0000003e   Code   RO          985    .text               c_w.l(strlen.o)
    0x08008362   0x0000008a   Code   RO          987    .text               c_w.l(rt_memcpy_v6.o)
    0x080083ec   0x0000004e   Code   RO          989    .text               c_w.l(rt_memclr_w.o)
    0x0800843a   0x00000002   PAD
    0x0800843c   0x00000080   Code   RO          991    .text               c_w.l(strcmpv7m.o)
    0x080084bc   0x00000006   Code   RO          993    .text               c_w.l(heapauxi.o)
    0x080084c2   0x00000002   Code   RO          997    .text               c_w.l(use_no_semi.o)
    0x080084c4   0x000000b2   Code   RO         1004    .text               c_w.l(_printf_intcommon.o)
    0x08008576   0x00000002   PAD
    0x08008578   0x00000030   Code   RO         1006    .text               c_w.l(_printf_char_common.o)
    0x080085a8   0x0000000a   Code   RO         1008    .text               c_w.l(_sputc.o)
    0x080085b2   0x0000002c   Code   RO         1010    .text               c_w.l(_printf_char.o)
    0x080085de   0x00000002   PAD
    0x080085e0   0x00000024   Code   RO         1012    .text               c_w.l(_printf_char_file.o)
    0x08008604   0x00000064   Code   RO         1015    .text               c_w.l(rt_memcpy_w.o)
    0x08008668   0x00000008   Code   RO         1036    .text               c_w.l(ferror.o)
    0x08008670   0x0000004a   Code   RO         1040    .text               c_w.l(sys_stackheap_outer.o)
    0x080086ba   0x00000012   Code   RO         1042    .text               c_w.l(exit.o)
    0x080086cc   0x00000008   Code   RO         1054    .text               c_w.l(libspace.o)
    0x080086d4   0x0000000e   Code   RO          969    i._is_digit         c_w.l(__printf_wp.o)
    0x080086e2   0x0000000a   Code   RO         1123    x$fpl$fpinit        fz_wm.l(fpinit.o)
    0x080086ec   0x000001ca   Data   RO          399    .constdata          ov2640.o
    0x080088b6   0x0000003a   Data   RO          849    .constdata          ff.o
    0x080088f0   0x0002b0c0   Data   RO          915    .constdata          cc936.o
    0x080339b0   0x00000011   Data   RO          977    .constdata          c_w.l(__printf_flags_ss_wp.o)
    0x080339c1   0x00000003   PAD
    0x080339c4   0x00000020   Data   RO         1177    Region$$Table       anon$$obj.o


    Execution Region RW_IRAM1 (Base: 0x20000000, Size: 0x0001fe88, Max: 0x00020000, ABSOLUTE)

    Base Addr    Size         Type   Attr      Idx    E Section Name        Object

    0x20000000   0x00000001   Data   RW            4    .data               main.o
    0x20000001   0x00000001   Data   RW            5    .data               main.o
    0x20000002   0x00000002   PAD
    0x20000004   0x00000014   Data   RW          244    .data               system_stm32f4xx.o
    0x20000018   0x00000018   Data   RW          271    .data               bsp_sdio_sd.o
    0x20000030   0x0000000e   Data   RW          341    .data               key.o
    0x2000003e   0x00000001   Data   RW          365    .data               dcmi.o
    0x2000003f   0x00000001   Data   RW          447    .data               timer.o
    0x20000040   0x00000018   Data   RW          476    .data               jpeg.o
    0x20000058   0x00000004   Data   RW          503    .data               delay.o
    0x2000005c   0x00000002   Data   RW          544    .data               usart.o
    0x2000005e   0x00000002   PAD
    0x20000060   0x00000004   Data   RW          545    .data               usart.o
    0x20000064   0x00000010   Data   RW          685    .data               stm32f4xx_rcc.o
    0x20000074   0x0000000c   Data   RW          850    .data               ff.o
    0x20000080   0x000000cc   Zero   RW          270    .bss                bsp_sdio_sd.o
    0x2000014c   0x0000000e   Zero   RW          364    .bss                dcmi.o
    0x2000015a   0x00000002   PAD
    0x2000015c   0x0001f000   Zero   RW          475    .bss                jpeg.o
    0x2001f15c   0x000000c8   Zero   RW          543    .bss                usart.o
    0x2001f224   0x00000060   Zero   RW         1055    .bss                c_w.l(libspace.o)
    0x2001f284   0x00000004   PAD
    0x2001f288   0x00000200   Zero   RW          573    HEAP                startup_stm32f40_41xxx.o
    0x2001f488   0x00000a00   Zero   RW          572    STACK               startup_stm32f40_41xxx.o


==============================================================================

Image component sizes


      Code (inc. data)   RO Data    RW Data    ZI Data      Debug   Object Name

       768        270          0          0          0       1985   bsp_rtc.o
      5912        114          0         24        204      25981   bsp_sdio_sd.o
       156         18     176320          0          0       2273   cc936.o
       628         42          0          1         14       2934   dcmi.o
       184          4          0          4          0       1485   delay.o
       344         10          0          0          0       3043   diskio.o
      9788        242         58         12          0      36925   ff.o
       788        260          0         24     126976       2753   jpeg.o
       348         14          0         14          0       1509   key.o
        64          6          0          0          0        527   led.o
       416        240          0          2          0     325853   main.o
       176         12          0          0          0       1905   misc.o
      1298         28        458          0          0       6109   ov2640.o
       568         10          0          0          0       2557   sccb.o
        64         26        392          0       3072        824   startup_stm32f40_41xxx.o
       308          4          0          0          0       3626   stm32f4xx_dcmi.o
       800         32          0          0          0       6921   stm32f4xx_dma.o
       568         46          0          0          0       4481   stm32f4xx_gpio.o
        36         12          0          0          0       1306   stm32f4xx_it.o
       296         12          0          0          0       3791   stm32f4xx_pwr.o
      1152         48          0         16          0      13276   stm32f4xx_rcc.o
      2632         40          0          0          0      16210   stm32f4xx_rtc.o
       440         14          0          0          0       7536   stm32f4xx_sdio.o
      2524         52          0          0          0      22990   stm32f4xx_tim.o
       856         32          0          0          0       8144   stm32f4xx_usart.o
       380         36          0         20          0       1843   system_stm32f4xx.o
       192         20          0          1          0       1092   timer.o
       292         16          0          6        200       3266   usart.o

    ----------------------------------------------------------------------
     31980       1660     177260        128     130468     511145   Object Totals
         0          0         32          0          0          0   (incl. Generated)
         2          0          0          4          2          0   (incl. Padding)

    ----------------------------------------------------------------------

      Code (inc. data)   RO Data    RW Data    ZI Data      Debug   Library Member Name

         8          0          0          0          0         68   __main.o
       392          4         17          0          0         92   __printf_flags_ss_wp.o
        14          0          0          0          0         68   __printf_wp.o
         0          0          0          0          0          0   __rtentry.o
        12          0          0          0          0          0   __rtentry2.o
         6          0          0          0          0          0   __rtentry4.o
        52          8          0          0          0          0   __scatter.o
        26          0          0          0          0          0   __scatter_copy.o
        28          0          0          0          0          0   __scatter_zi.o
        44          0          0          0          0        108   _printf_char.o
        48          6          0          0          0         96   _printf_char_common.o
        36          4          0          0          0         80   _printf_char_file.o
         6          0          0          0          0          0   _printf_d.o
       120         16          0          0          0         92   _printf_dec.o
       178          0          0          0          0         88   _printf_intcommon.o
        78          0          0          0          0        108   _printf_pad.o
         0          0          0          0          0          0   _printf_percent.o
         4          0          0          0          0          0   _printf_percent_end.o
         6          0          0          0          0          0   _printf_s.o
        82          0          0          0          0         80   _printf_str.o
         6          0          0          0          0          0   _printf_u.o
        10          0          0          0          0         68   _sputc.o
        18          0          0          0          0         80   exit.o
         8          0          0          0          0         68   ferror.o
         6          0          0          0          0        152   heapauxi.o
         2          0          0          0          0          0   libinit.o
         6          0          0          0          0          0   libinit2.o
         2          0          0          0          0          0   libshutdown.o
         2          0          0          0          0          0   libshutdown2.o
         8          4          0          0         96         68   libspace.o
       238          0          0          0          0        100   lludivv7m.o
        24          4          0          0          0         84   noretval__2printf.o
        40          6          0          0          0         84   noretval__2sprintf.o
        44          4          0          0          0         84   puts.o
        78          0          0          0          0         80   rt_memclr_w.o
       138          0          0          0          0         68   rt_memcpy_v6.o
       100          0          0          0          0         80   rt_memcpy_w.o
         2          0          0          0          0          0   rtexit.o
        10          0          0          0          0          0   rtexit2.o
       128          0          0          0          0         68   strcmpv7m.o
        62          0          0          0          0         76   strlen.o
        74          0          0          0          0         80   sys_stackheap_outer.o
         2          0          0          0          0         68   use_no_semi.o
         2          0          0          0          0         68   use_no_semi_2.o
        10          0          0          0          0        116   fpinit.o

    ----------------------------------------------------------------------
      2168         56         20          0        100       2372   Library Totals
         8          0          3          0          4          0   (incl. Padding)

    ----------------------------------------------------------------------

      Code (inc. data)   RO Data    RW Data    ZI Data      Debug   Library Name

      2150         56         17          0         96       2256   c_w.l
        10          0          0          0          0        116   fz_wm.l

    ----------------------------------------------------------------------
      2168         56         20          0        100       2372   Library Totals

    ----------------------------------------------------------------------

==============================================================================


      Code (inc. data)   RO Data    RW Data    ZI Data      Debug   

     34148       1716     177280        128     130568     505621   Grand Totals
     34148       1716     177280        128     130568     505621   ELF Image Totals
     34148       1716     177280        128          0          0   ROM Totals

==============================================================================

    Total RO  Size (Code + RO Data)               211428 ( 206.47kB)
    Total RW  Size (RW Data + ZI Data)            130696 ( 127.63kB)
    Total ROM Size (Code + RO Data + RW Data)     211556 ( 206.60kB)

==============================================================================

