Component: ARM Compiler 5.06 update 2 (build 183) Tool: armlink [4d35b7]

==============================================================================

Section Cross References

    main.o(.text) refers to _printf_percent.o(.ARM.Collect$$_printf_percent$$00000000) for _printf_percent
    main.o(.text) refers to _printf_d.o(.ARM.Collect$$_printf_percent$$00000009) for _printf_d
    main.o(.text) refers to _printf_dec.o(.text) for _printf_int_dec
    main.o(.text) refers to _printf_s.o(.ARM.Collect$$_printf_percent$$00000014) for _printf_s
    main.o(.text) refers to _printf_str.o(.text) for _printf_str
    main.o(.text) refers to misc.o(.text) for NVIC_PriorityGroupConfig
    main.o(.text) refers to delay.o(.text) for delay_init
    main.o(.text) refers to bsp_rtc.o(.text) for RTC_TimeInit
    main.o(.text) refers to usart.o(.text) for uart_init
    main.o(.text) refers to led.o(.text) for LED_Init
    main.o(.text) refers to key.o(.text) for KEY_Init
    main.o(.text) refers to ff.o(.text) for f_mount
    main.o(.text) refers to timer.o(.text) for TIM3_Int_Init
    main.o(.text) refers to noretval__2printf.o(.text) for __2printf
    system_stm32f4xx.o(.text) refers to system_stm32f4xx.o(.data) for SystemCoreClock
    bsp_sdio_sd.o(.text) refers to stm32f4xx_sdio.o(.text) for SDIO_ClockCmd
    bsp_sdio_sd.o(.text) refers to stm32f4xx_rcc.o(.text) for RCC_APB2PeriphClockCmd
    bsp_sdio_sd.o(.text) refers to stm32f4xx_gpio.o(.text) for GPIO_PinAFConfig
    bsp_sdio_sd.o(.text) refers to stm32f4xx_dma.o(.text) for DMA_ClearFlag
    bsp_sdio_sd.o(.text) refers to bsp_sdio_sd.o(.bss) for SDIO_CmdInitStructure
    bsp_sdio_sd.o(.text) refers to bsp_sdio_sd.o(.data) for RCA
    bsp_sdio_sd.o(.text) refers to misc.o(.text) for NVIC_PriorityGroupConfig
    bsp_sdio_sd.o(.text) refers to lludivv7m.o(.text) for __aeabi_uldivmod
    bsp_sdio_sd.o(.text) refers to rt_memclr_w.o(.text) for __aeabi_memclr4
    bsp_rtc.o(.text) refers to _printf_percent.o(.ARM.Collect$$_printf_percent$$00000000) for _printf_percent
    bsp_rtc.o(.text) refers to _printf_d.o(.ARM.Collect$$_printf_percent$$00000009) for _printf_d
    bsp_rtc.o(.text) refers to _printf_dec.o(.text) for _printf_int_dec
    bsp_rtc.o(.text) refers to stm32f4xx_rtc.o(.text) for RTC_SetTime
    bsp_rtc.o(.text) refers to stm32f4xx_rcc.o(.text) for RCC_APB1PeriphClockCmd
    bsp_rtc.o(.text) refers to stm32f4xx_pwr.o(.text) for PWR_BackupAccessCmd
    bsp_rtc.o(.text) refers to noretval__2printf.o(.text) for __2printf
    bsp_rtc.o(.text) refers to noretval__2sprintf.o(.text) for __2sprintf
    led.o(.text) refers to stm32f4xx_rcc.o(.text) for RCC_AHB1PeriphClockCmd
    led.o(.text) refers to stm32f4xx_gpio.o(.text) for GPIO_Init
    key.o(.text) refers to stm32f4xx_rcc.o(.text) for RCC_AHB1PeriphClockCmd
    key.o(.text) refers to stm32f4xx_gpio.o(.text) for GPIO_Init
    key.o(.text) refers to key.o(.data) for Key_times
    dcmi.o(.text) refers to stm32f4xx_dcmi.o(.text) for DCMI_GetITStatus
    dcmi.o(.text) refers to jpeg.o(.text) for JPEG_Data_Process
    dcmi.o(.text) refers to stm32f4xx_rcc.o(.text) for RCC_AHB1PeriphClockCmd
    dcmi.o(.text) refers to stm32f4xx_dma.o(.text) for DMA_DeInit
    dcmi.o(.text) refers to stm32f4xx_gpio.o(.text) for GPIO_Init
    dcmi.o(.text) refers to misc.o(.text) for NVIC_Init
    dcmi.o(.text) refers to ov2640.o(.text) for OV2640_OutSize_Set
    dcmi.o(.text) refers to dcmi.o(.data) for ov_frame
    dcmi.o(.text) refers to dcmi.o(.bss) for DCMI_InitStructure
    ov2640.o(.text) refers to stm32f4xx_rcc.o(.text) for RCC_AHB1PeriphClockCmd
    ov2640.o(.text) refers to stm32f4xx_gpio.o(.text) for GPIO_Init
    ov2640.o(.text) refers to delay.o(.text) for delay_ms
    ov2640.o(.text) refers to sccb.o(.text) for SCCB_Init
    ov2640.o(.text) refers to ov2640.o(.constdata) for ov2640_sxga_init_reg_tbl
    sccb.o(.text) refers to stm32f4xx_rcc.o(.text) for RCC_AHB1PeriphClockCmd
    sccb.o(.text) refers to stm32f4xx_gpio.o(.text) for GPIO_Init
    sccb.o(.text) refers to delay.o(.text) for delay_us
    timer.o(.text) refers to stm32f4xx_rcc.o(.text) for RCC_APB1PeriphClockCmd
    timer.o(.text) refers to stm32f4xx_tim.o(.text) for TIM_TimeBaseInit
    timer.o(.text) refers to misc.o(.text) for NVIC_Init
    timer.o(.text) refers to key.o(.text) for KEY_Scan
    timer.o(.text) refers to timer.o(.data) for TimeS
    timer.o(.text) refers to main.o(.data) for Com1SendFlag
    jpeg.o(.text) refers to _printf_percent.o(.ARM.Collect$$_printf_percent$$00000000) for _printf_percent
    jpeg.o(.text) refers to _printf_d.o(.ARM.Collect$$_printf_percent$$00000009) for _printf_d
    jpeg.o(.text) refers to _printf_dec.o(.text) for _printf_int_dec
    jpeg.o(.text) refers to _printf_s.o(.ARM.Collect$$_printf_percent$$00000014) for _printf_s
    jpeg.o(.text) refers to _printf_str.o(.text) for _printf_str
    jpeg.o(.text) refers to _printf_pad.o(.text) for _printf_pre_padding
[...]
    .data                                    0x20000000   Section        5  main.o(.data)
    .data                                    0x20000008   Section       20  system_stm32f4xx.o(.data)
    .data                                    0x2000001c   Section       24  bsp_sdio_sd.o(.data)
    CardType                                 0x2000001c   Data           4  bsp_sdio_sd.o(.data)
    RCA                                      0x20000020   Data           4  bsp_sdio_sd.o(.data)
    .data                                    0x20000034   Section       14  key.o(.data)
    .data                                    0x20000042   Section        1  dcmi.o(.data)
    .data                                    0x20000043   Section        1  timer.o(.data)
    .data                                    0x20000044   Section        5  jpeg.o(.data)
    .data                                    0x2000004a   Section        4  delay.o(.data)
    fac_us                                   0x2000004a   Data           1  delay.o(.data)
    fac_ms                                   0x2000004c   Data           2  delay.o(.data)
    .data                                    0x20000050   Section        6  usart.o(.data)
    .data                                    0x20000056   Section       16  stm32f4xx_rcc.o(.data)
    APBAHBPrescTable                         0x20000056   Data          16  stm32f4xx_rcc.o(.data)
    .data                                    0x20000068   Section       10  ff.o(.data)
    FatFs                                    0x20000068   Data           8  ff.o(.data)
    Fsid                                     0x20000070   Data           2  ff.o(.data)
    .bss                                     0x20000078   Section      204  bsp_sdio_sd.o(.bss)
    CSD_Tab                                  0x20000078   Data          16  bsp_sdio_sd.o(.bss)
    CID_Tab                                  0x20000088   Data          16  bsp_sdio_sd.o(.bss)
    SDSTATUS_Tab                             0x20000098   Data          16  bsp_sdio_sd.o(.bss)
    .bss                                     0x20000144   Section       14  dcmi.o(.bss)
    .bss                                     0x20000154   Section    126976  jpeg.o(.bss)
    .bss                                     0x2001f154   Section      200  usart.o(.bss)
    .bss                                     0x2001f21c   Section       96  libspace.o(.bss)
    HEAP                                     0x2001f280   Section      512  startup_stm32f40_41xxx.o(HEAP)
    Heap_Mem                                 0x2001f280   Data         512  startup_stm32f40_41xxx.o(HEAP)
    STACK                                    0x2001f480   Section     2048  startup_stm32f40_41xxx.o(STACK)
    Stack_Mem                                0x2001f480   Data        2048  startup_stm32f40_41xxx.o(STACK)
    __initial_sp                             0x2001fc80   Data           0  startup_stm32f40_41xxx.o(STACK)

    Global Symbols

    Symbol Name                              Value     Ov Type        Size  Object(Section)

    BuildAttributes$$THM_ISAv4$E$P$D$K$B$S$7EM$VFPi3$EXTD16$VFPS$VFMA$PE$A:L22UL41UL21$X:L11$S22US41US21$IEEE1$IW$USESV6$~STKCKD$USESV7$~SHL$OSPACE$ROPI$EBA8$UX$STANDARDLIB$REQ8$PRES8$EABIv2 0x00000000   Number         0  anon$$obj.o ABSOLUTE
    __ARM_use_no_argv                        0x00000000   Number         0  main.o ABSOLUTE
    _printf_flags                            0x00000000   Number         0  printf_stubs.o ABSOLUTE
    _printf_return_value                     0x00000000   Number         0  printf_stubs.o ABSOLUTE
    _printf_sizespec                         0x00000000   Number         0  printf_stubs.o ABSOLUTE
    _printf_widthprec                        0x00000000   Number         0  printf_stubs.o ABSOLUTE
    __ARM_exceptions_init                     - Undefined Weak Reference
    __alloca_initialize                       - Undefined Weak Reference
    __arm_preinit_                            - Undefined Weak Reference
    __cpp_initialize__aeabi_                  - Undefined Weak Reference
    __cxa_finalize                            - Undefined Weak Reference
    __rt_locale                               - Undefined Weak Reference
    __sigvec_lookup                           - Undefined Weak Reference
    _atexit_init                              - Undefined Weak Reference
    _call_atexit_fns                          - Undefined Weak Reference
    _clock_init                               - Undefined Weak Reference
    _fp_trap_init                             - Undefined Weak Reference
    _fp_trap_shutdown                         - Undefined Weak Reference
    _get_lc_collate                           - Undefined Weak Reference
    _get_lc_ctype                             - Undefined Weak Reference
    _get_lc_monetary                          - Undefined Weak Reference
    _get_lc_numeric                           - Undefined Weak Reference
    _get_lc_time                              - Undefined Weak Reference
    _getenv_init                              - Undefined Weak Reference
    _handle_redirection                       - Undefined Weak Reference
    _init_alloc                               - Undefined Weak Reference
    _init_user_alloc                          - Undefined Weak Reference
    _initio                                   - Undefined Weak Reference
    _mutex_acquire                            - Undefined Weak Reference
    _mutex_release                            - Undefined Weak Reference
    _printf_mbtowc                            - Undefined Weak Reference
    _printf_truncate_signed                   - Undefined Weak Reference
    _printf_truncate_unsigned                 - Undefined Weak Reference
    _rand_init                                - Undefined Weak Reference
    _signal_finish                            - Undefined Weak Reference
    _signal_init                              - Undefined Weak Reference
    _terminate_alloc                          - Undefined Weak Reference
    _terminate_user_alloc                     - Undefined Weak Reference
    _terminateio                              - Undefined Weak Reference
    __Vectors_Size                           0x00000188   Number         0  startup_stm32f40_41xxx.o ABSOLUTE
    __Vectors                                0x08000000   Data           4  startup_stm32f40_41xxx.o(RESET)
    __Vectors_End                            0x08000188   Data           0  startup_stm32f40_41xxx.o(RESET)
    __main                                   0x08000189   Thumb Code     8  __main.o(!!!main)
    __scatterload                            0x08000191   Thumb Code     0  __scatter.o(!!!scatter)
    __scatterload_rt2                        0x08000191   Thumb Code    44  __scatter.o(!!!scatter)
    __scatterload_rt2_thumb_only             0x08000191   Thumb Code     0  __scatter.o(!!!scatter)
    __scatterload_null                       0x0800019f   Thumb Code     0  __scatter.o(!!!scatter)
    __scatterload_copy                       0x080001c5   Thumb Code    26  __scatter_copy.o(!!handler_copy)
    __scatterload_zeroinit                   0x080001e1   Thumb Code    28  __scatter_zi.o(!!handler_zi)
    _printf_d                                0x080001fd   Thumb Code     0  _printf_d.o(.ARM.Collect$$_printf_percent$$00000009)
    _printf_percent                          0x080001fd   Thumb Code     0  _printf_percent.o(.ARM.Collect$$_printf_percent$$00000000)
    _printf_u                                0x08000203   Thumb Code     0  _printf_u.o(.ARM.Collect$$_printf_percent$$0000000A)
    _printf_s                                0x08000209   Thumb Code     0  _printf_s.o(.ARM.Collect$$_printf_percent$$00000014)
    _printf_percent_end                      0x0800020f   Thumb Code     0  _printf_percent_end.o(.ARM.Collect$$_printf_percent$$00000017)
    __rt_lib_init                            0x08000213   Thumb Code     0  libinit.o(.ARM.Collect$$libinit$$00000000)
    __rt_lib_init_fp_1                       0x08000215   Thumb Code     0  libinit2.o(.ARM.Collect$$libinit$$00000001)
    __rt_lib_init_alloca_1                   0x08000219   Thumb Code     0  libinit2.o(.ARM.Collect$$libinit$$0000002E)
    __rt_lib_init_argv_1                     0x08000219   Thumb Code     0  libinit2.o(.ARM.Collect$$libinit$$0000002C)
    __rt_lib_init_atexit_1                   0x08000219   Thumb Code     0  libinit2.o(.ARM.Collect$$libinit$$0000001B)
    __rt_lib_init_clock_1                    0x08000219   Thumb Code     0  libinit2.o(.ARM.Collect$$libinit$$00000021)
    __rt_lib_init_cpp_1                      0x08000219   Thumb Code     0  libinit2.o(.ARM.Collect$$libinit$$00000032)
    __rt_lib_init_exceptions_1               0x08000219   Thumb Code     0  libinit2.o(.ARM.Collect$$libinit$$00000030)
    __rt_lib_init_fp_trap_1                  0x08000219   Thumb Code     0  libinit2.o(.ARM.Collect$$libinit$$0000001F)
    __rt_lib_init_getenv_1                   0x08000219   Thumb Code     0  libinit2.o(.ARM.Collect$$libinit$$00000023)
    __rt_lib_init_heap_1                     0x08000219   Thumb Code     0  libinit2.o(.ARM.Collect$$libinit$$0000000A)
    __rt_lib_init_lc_collate_1               0x08000219   Thumb Code     0  libinit2.o(.ARM.Collect$$libinit$$00000011)
    __rt_lib_init_lc_ctype_1                 0x08000219   Thumb Code     0  libinit2.o(.ARM.Collect$$libinit$$00000013)
    __rt_lib_init_lc_monetary_1              0x08000219   Thumb Code     0  libinit2.o(.ARM.Collect$$libinit$$00000015)
    __rt_lib_init_lc_numeric_1               0x08000219   Thumb Code     0  libinit2.o(.ARM.Collect$$libinit$$00000017)
    __rt_lib_init_lc_time_1                  0x08000219   Thumb Code     0  libinit2.o(.ARM.Collect$$libinit$$00000019)
    __rt_lib_init_preinit_1                  0x08000219   Thumb Code     0  libinit2.o(.ARM.Collect$$libinit$$00000004)
    __rt_lib_init_rand_1                     0x08000219   Thumb Code     0  libinit2.o(.ARM.Collect$$libinit$$0000000E)
    __rt_lib_init_return                     0x08000219   Thumb Code     0  libinit2.o(.ARM.Collect$$libinit$$00000033)
    __rt_lib_init_signal_1                   0x08000219   Thumb Code     0  libinit2.o(.ARM.Collect$$libinit$$0000001D)
    __rt_lib_init_stdio_1                    0x08000219   Thumb Code     0  libinit2.o(.ARM.Collect$$libinit$$00000025)
    __rt_lib_init_user_alloc_1               0x08000219   Thumb Code     0  libinit2.o(.ARM.Collect$$libinit$$0000000C)
    __rt_lib_shutdown                        0x0800021b   Thumb Code     0  libshutdown.o(.ARM.Collect$$libshutdown$$00000000)
    __rt_lib_shutdown_cpp_1                  0x0800021d   Thumb Code     0  libshutdown2.o(.ARM.Collect$$libshutdown$$00000002)
    __rt_lib_shutdown_fp_trap_1              0x0800021d   Thumb Code     0  libshutdown2.o(.ARM.Collect$$libshutdown$$00000007)
    __rt_lib_shutdown_heap_1                 0x0800021d   Thumb Code     0  libshutdown2.o(.ARM.Collect$$libshutdown$$0000000F)
    __rt_lib_shutdown_return                 0x0800021d   Thumb Code     0  libshutdown2.o(.ARM.Collect$$libshutdown$$00000010)
    __rt_lib_shutdown_signal_1               0x0800021d   Thumb Code     0  libshutdown2.o(.ARM.Collect$$libshutdown$$0000000A)
    __rt_lib_shutdown_stdio_1                0x0800021d   Thumb Code     0  libshutdown2.o(.ARM.Collect$$libshutdown$$00000004)
    __rt_lib_shutdown_user_alloc_1           0x0800021d   Thumb Code     0  libshutdown2.o(.ARM.Collect$$libshutdown$$0000000C)
    __rt_entry                               0x0800021f   Thumb Code     0  __rtentry.o(.ARM.Collect$$rtentry$$00000000)
    __rt_entry_presh_1                       0x0800021f   Thumb Code     0  __rtentry2.o(.ARM.Collect$$rtentry$$00000002)
    __rt_entry_sh                            0x0800021f   Thumb Code     0  __rtentry4.o(.ARM.Collect$$rtentry$$00000004)
    __rt_entry_li                            0x08000225   Thumb Code     0  __rtentry2.o(.ARM.Collect$$rtentry$$0000000A)
    __rt_entry_postsh_1                      0x08000225   Thumb Code     0  __rtentry2.o(.ARM.Collect$$rtentry$$00000009)
    __rt_entry_main                          0x08000229   Thumb Code     0  __rtentry2.o(.ARM.Collect$$rtentry$$0000000D)
    __rt_entry_postli_1                      0x08000229   Thumb Code     0  __rtentry2.o(.ARM.Collect$$rtentry$$0000000C)
    __rt_exit                                0x08000231   Thumb Code     0  rtexit.o(.ARM.Collect$$rtexit$$00000000)
    __rt_exit_ls                             0x08000233   Thumb Code     0  rtexit2.o(.ARM.Collect$$rtexit$$00000003)
    __rt_exit_prels_1                        0x08000233   Thumb Code     0  rtexit2.o(.ARM.Collect$$rtexit$$00000002)
    __rt_exit_exit                           0x08000237   Thumb Code     0  rtexit2.o(.ARM.Collect$$rtexit$$00000004)
    main                                     0x0800023d   Thumb Code   188  main.o(.text)
    NMI_Handler                              0x080003ed   Thumb Code     2  stm32f4xx_it.o(.text)
    HardFault_Handler                        0x080003ef   Thumb Code     4  stm32f4xx_it.o(.text)
    MemManage_Handler                        0x080003f3   Thumb Code     4  stm32f4xx_it.o(.text)
    BusFault_Handler                         0x080003f7   Thumb Code     4  stm32f4xx_it.o(.text)
    UsageFault_Handler                       0x080003fb   Thumb Code     4  stm32f4xx_it.o(.text)
    SVC_Handler                              0x080003ff   Thumb Code     2  stm32f4xx_it.o(.text)
    DebugMon_Handler                         0x08000401   Thumb Code     2  stm32f4xx_it.o(.text)
    PendSV_Handler                           0x08000403   Thumb Code     2  stm32f4xx_it.o(.text)
    SysTick_Handler                          0x08000405   Thumb Code     2  stm32f4xx_it.o(.text)
    SystemInit                               0x080004e5   Thumb Code    88  system_stm32f4xx.o(.text)
    SystemCoreClockUpdate                    0x0800053d   Thumb Code   174  system_stm32f4xx.o(.text)
    SD_LowLevel_DeInit                       0x08000619   Thumb Code   140  bsp_sdio_sd.o(.text)
    SD_LowLevel_Init                         0x080006a5   Thumb Code   156  bsp_sdio_sd.o(.text)
    SD_LowLevel_DMA_TxConfig                 0x08000741   Thumb Code   136  bsp_sdio_sd.o(.text)
    SD_LowLevel_DMA_RxConfig                 0x080007c9   Thumb Code   136  bsp_sdio_sd.o(.text)
    SD_DeInit                                0x08000851   Thumb Code     8  bsp_sdio_sd.o(.text)
    SD_EnableWideBusOperation                0x08000c3d   Thumb Code   136  bsp_sdio_sd.o(.text)
    SD_SelectDeselect                        0x08000cc5   Thumb Code    50  bsp_sdio_sd.o(.text)
    SD_GetCardInfo                           0x08000cf7   Thumb Code   806  bsp_sdio_sd.o(.text)
    SD_InitializeCards                       0x080010fb   Thumb Code   294  bsp_sdio_sd.o(.text)
    SD_PowerON                               0x080012e1   Thumb Code   400  bsp_sdio_sd.o(.text)
    SD_Init                                  0x08001471   Thumb Code   182  bsp_sdio_sd.o(.text)
    SD_SendStatus                            0x08001527   Thumb Code    74  bsp_sdio_sd.o(.text)
    SD_Detect                                0x08001571   Thumb Code    12  bsp_sdio_sd.o(.text)
    SD_GetState                              0x0800157d   Thumb Code    38  bsp_sdio_sd.o(.text)
    SD_GetStatus                             0x080015a3   Thumb Code    30  bsp_sdio_sd.o(.text)
    SD_PowerOFF                              0x080015c1   Thumb Code    14  bsp_sdio_sd.o(.text)
    SD_SendSDStatus                          0x080015cf   Thumb Code   400  bsp_sdio_sd.o(.text)
    SD_GetCardStatus                         0x0800175f   Thumb Code   156  bsp_sdio_sd.o(.text)
    SD_ReadBlock                             0x080017fb   Thumb Code   210  bsp_sdio_sd.o(.text)
    SD_ReadMultiBlocks                       0x080018cd   Thumb Code   220  bsp_sdio_sd.o(.text)
    SD_StopTransfer                          0x080019a9   Thumb Code    46  bsp_sdio_sd.o(.text)
    SD_WaitReadOperation                     0x080019d7   Thumb Code   110  bsp_sdio_sd.o(.text)
    SD_WriteBlock                            0x08001a45   Thumb Code   208  bsp_sdio_sd.o(.text)
    SD_WriteMultiBlocks                      0x08001b15   Thumb Code   350  bsp_sdio_sd.o(.text)
    SD_WaitWriteOperation                    0x08001c73   Thumb Code   108  bsp_sdio_sd.o(.text)
    SD_GetTransferState                      0x08001cdf   Thumb Code    18  bsp_sdio_sd.o(.text)
    SD_Erase                                 0x08001e7d   Thumb Code   394  bsp_sdio_sd.o(.text)
    SD_ProcessIRQSrc                         0x08002007   Thumb Code   162  bsp_sdio_sd.o(.text)
    SD_ProcessDMAIRQ                         0x080020a9   Thumb Code    32  bsp_sdio_sd.o(.text)
    convert_from_bytes_to_power_of_two       0x080020c9   Thumb Code    18  bsp_sdio_sd.o(.text)
    SD_HighSpeed                             0x080020db   Thumb Code   410  bsp_sdio_sd.o(.text)
    SDIO_IRQHandler                          0x08002275   Thumb Code     8  bsp_sdio_sd.o(.text)
    DMA2_Stream3_IRQHandler                  0x0800227d   Thumb Code     8  bsp_sdio_sd.o(.text)
    RTC_TimeAndDate_Set                      0x080022ad   Thumb Code    78  bsp_rtc.o(.text)
    RTC_CLK_Config                           0x080022fb   Thumb Code    80  bsp_rtc.o(.text)
    RTC_TimeInit                             0x0800234b   Thumb Code    60  bsp_rtc.o(.text)
    RTC_TimeAndDate_Show                     0x08002387   Thumb Code   132  bsp_rtc.o(.text)
    RTC_CLK_Config_Backup                    0x0800240b   Thumb Code   154  bsp_rtc.o(.text)
    LED_Init                                 0x080025b1   Thumb Code    60  led.o(.text)
    KEY_Init                                 0x080025f1   Thumb Code    62  key.o(.text)
    KEY_Scan                                 0x0800262f   Thumb Code   334  key.o(.text)
    DCMI_IRQHandler                          0x08002795   Thumb Code    50  dcmi.o(.text)
    DCMI_DMA_Init                            0x080027c7   Thumb Code   102  dcmi.o(.text)
    My_DCMI_Init                             0x0800282d   Thumb Code   288  dcmi.o(.text)
    DCMI_Start                               0x0800294d   Thumb Code    18  dcmi.o(.text)
    DCMI_Stop                                0x0800295f   Thumb Code    34  dcmi.o(.text)
    DCMI_Set_Window                          0x08002981   Thumb Code    42  dcmi.o(.text)
    DCMI_CR_Set                              0x080029ab   Thumb Code    58  dcmi.o(.text)
    OV2640_Init                              0x08002a0d   Thumb Code   292  ov2640.o(.text)
    OV2640_JPEG_Mode                         0x08002b31   Thumb Code    66  ov2640.o(.text)
    OV2640_RGB565_Mode                       0x08002b73   Thumb Code    36  ov2640.o(.text)
    OV2640_Auto_Exposure                     0x08002b97   Thumb Code    40  ov2640.o(.text)
    OV2640_Light_Mode                        0x08002bbf   Thumb Code   118  ov2640.o(.text)
    OV2640_Color_Saturation                  0x08002c35   Thumb Code    64  ov2640.o(.text)
    OV2640_Brightness                        0x08002c75   Thumb Code    56  ov2640.o(.text)
    OV2640_Contrast                          0x08002cad   Thumb Code   116  ov2640.o(.text)
    OV2640_Special_Effects                   0x08002d21   Thumb Code   122  ov2640.o(.text)
    OV2640_Color_Bar                         0x08002d9b   Thumb Code    40  ov2640.o(.text)
    OV2640_Window_Set                        0x08002dc3   Thumb Code   198  ov2640.o(.text)
    OV2640_OutSize_Set                       0x08002e89   Thumb Code   136  ov2640.o(.text)
    OV2640_ImageWin_Set                      0x08002f11   Thumb Code   188  ov2640.o(.text)
    OV2640_ImageSize_Set                     0x08002fcd   Thumb Code    80  ov2640.o(.text)
    SCCB_Init                                0x0800301d   Thumb Code    78  sccb.o(.text)
    SCCB_Start                               0x0800306b   Thumb Code    42  sccb.o(.text)
    SCCB_Stop                                0x08003095   Thumb Code    42  sccb.o(.text)
    SCCB_No_Ack                              0x080030bf   Thumb Code    56  sccb.o(.text)
    SCCB_WR_Byte                             0x080030f7   Thumb Code   154  sccb.o(.text)
    SCCB_RD_Byte                             0x08003191   Thumb Code   104  sccb.o(.text)
    SCCB_WR_Reg                              0x080031f9   Thumb Code    62  sccb.o(.text)
    SCCB_RD_Reg                              0x08003237   Thumb Code    78  sccb.o(.text)
    TIM3_Int_Init                            0x08003291   Thumb Code    88  timer.o(.text)
    TIM3_IRQHandler                          0x080032e9   Thumb Code    80  timer.o(.text)
    JPEG_Data_Process                        0x08003349   Thumb Code    90  jpeg.o(.text)
    JPEG_Save                                0x080033a3   Thumb Code   404  jpeg.o(.text)
    delay_init                               0x08003625   Thumb Code    52  delay.o(.text)
    delay_us                                 0x08003659   Thumb Code    72  delay.o(.text)
    delay_xms                                0x080036a1   Thumb Code    72  delay.o(.text)
    delay_ms                                 0x080036e9   Thumb Code    56  delay.o(.text)
    _sys_exit                                0x08003729   Thumb Code     4  usart.o(.text)
    fputc                                    0x0800372d   Thumb Code    22  usart.o(.text)
    uart_init                                0x08003743   Thumb Code   172  usart.o(.text)
    USART1_IRQHandler                        0x080037ef   Thumb Code   122  usart.o(.text)
    Reset_Handler                            0x08003879   Thumb Code     8  startup_stm32f40_41xxx.o(.text)
    ADC_IRQHandler                           0x08003893   Thumb Code     0  startup_stm32f40_41xxx.o(.text)
    CAN1_RX0_IRQHandler                      0x08003893   Thumb Code     0  startup_stm32f40_41xxx.o(.text)
    CAN1_RX1_IRQHandler                      0x08003893   Thumb Code     0  startup_stm32f40_41xxx.o(.text)
    CAN1_SCE_IRQHandler                      0x08003893   Thumb Code     0  startup_stm32f40_41xxx.o(.text)
    CAN1_TX_IRQHandler                       0x08003893   Thumb Code     0  startup_stm32f40_41xxx.o(.text)
    CAN2_RX0_IRQHandler                      0x08003893   Thumb Code     0  startup_stm32f40_41xxx.o(.text)
    CAN2_RX1_IRQHandler                      0x08003893   Thumb Code     0  startup_stm32f40_41xxx.o(.text)
    CAN2_SCE_IRQHandler                      0x08003893   Thumb Code     0  startup_stm32f40_41xxx.o(.text)
    CAN2_TX_IRQHandler                       0x08003893   Thumb Code     0  startup_stm32f40_41xxx.o(.text)
    CRYP_IRQHandler                          0x08003893   Thumb Code     0  startup_stm32f40_41xxx.o(.text)
    DMA1_Stream0_IRQHandler                  0x08003893   Thumb Code     0  startup_stm32f40_41xxx.o(.text)
    DMA1_Stream1_IRQHandler                  0x08003893   Thumb Code     0  startup_stm32f40_41xxx.o(.text)
    DMA1_Stream2_IRQHandler                  0x08003893   Thumb Code     0  startup_stm32f40_41xxx.o(.text)
    DMA1_Stream3_IRQHandler                  0x08003893   Thumb Code     0  startup_stm32f40_41xxx.o(.text)
    DMA1_Stream4_IRQHandler                  0x08003893   Thumb Code     0  startup_stm32f40_41xxx.o(.text)
    DMA1_Stream5_IRQHandler                  0x08003893   Thumb Code     0  startup_stm32f40_41xxx.o(.text)
    DMA1_Stream6_IRQHandler                  0x08003893   Thumb Code     0  startup_stm32f40_41xxx.o(.text)
    DMA1_Stream7_IRQHandler                  0x08003893   Thumb Code     0  startup_stm32f40_41xxx.o(.text)
    DMA2_Stream0_IRQHandler                  0x08003893   Thumb Code     0  startup_stm32f40_41xxx.o(.text)
    DMA2_Stream1_IRQHandler                  0x08003893   Thumb Code     0  startup_stm32f40_41xxx.o(.text)
    DMA2_Stream2_IRQHandler                  0x08003893   Thumb Code     0  startup_stm32f40_41xxx.o(.text)
    DMA2_Stream4_IRQHandler                  0x08003893   Thumb Code     0  startup_stm32f40_41xxx.o(.text)
    DMA2_Stream5_IRQHandler                  0x08003893   Thumb Code     0  startup_stm32f40_41xxx.o(.text)
    DMA2_Stream6_IRQHandler                  0x08003893   Thumb Code     0  startup_stm32f40_41xxx.o(.text)
    DMA2_Stream7_IRQHandler                  0x08003893   Thumb Code     0  startup_stm32f40_41xxx.o(.text)
    ETH_IRQHandler                           0x08003893   Thumb Code     0  startup_stm32f40_41xxx.o(.text)
    ETH_WKUP_IRQHandler                      0x08003893   Thumb Code     0  startup_stm32f40_41xxx.o(.text)
    EXTI0_IRQHandler                         0x08003893   Thumb Code     0  startup_stm32f40_41xxx.o(.text)
    EXTI15_10_IRQHandler                     0x08003893   Thumb Code     0  startup_stm32f40_41xxx.o(.text)
    EXTI1_IRQHandler                         0x08003893   Thumb Code     0  startup_stm32f40_41xxx.o(.text)
    EXTI2_IRQHandler                         0x08003893   Thumb Code     0  startup_stm32f40_41xxx.o(.text)
    EXTI3_IRQHandler                         0x08003893   Thumb Code     0  startup_stm32f40_41xxx.o(.text)
    EXTI4_IRQHandler                         0x08003893   Thumb Code     0  startup_stm32f40_41xxx.o(.text)
    EXTI9_5_IRQHandler                       0x08003893   Thumb Code     0  startup_stm32f40_41xxx.o(.text)
    FLASH_IRQHandler                         0x08003893   Thumb Code     0  startup_stm32f40_41xxx.o(.text)
    FPU_IRQHandler                           0x08003893   Thumb Code     0  startup_stm32f40_41xxx.o(.text)
    FSMC_IRQHandler                          0x08003893   Thumb Code     0  startup_stm32f40_41xxx.o(.text)
    HASH_RNG_IRQHandler                      0x08003893   Thumb Code     0  startup_stm32f40_41xxx.o(.text)
    I2C1_ER_IRQHandler                       0x08003893   Thumb Code     0  startup_stm32f40_41xxx.o(.text)
    I2C1_EV_IRQHandler                       0x08003893   Thumb Code     0  startup_stm32f40_41xxx.o(.text)
    I2C2_ER_IRQHandler                       0x08003893   Thumb Code     0  startup_stm32f40_41xxx.o(.text)
    I2C2_EV_IRQHandler                       0x08003893   Thumb Code     0  startup_stm32f40_41xxx.o(.text)
    I2C3_ER_IRQHandler                       0x08003893   Thumb Code     0  startup_stm32f40_41xxx.o(.text)
    I2C3_EV_IRQHandler                       0x08003893   Thumb Code     0  startup_stm32f40_41xxx.o(.text)
    OTG_FS_IRQHandler                        0x08003893   Thumb Code     0  startup_stm32f40_41xxx.o(.text)
    OTG_FS_WKUP_IRQHandler                   0x08003893   Thumb Code     0  startup_stm32f40_41xxx.o(.text)
    OTG_HS_EP1_IN_IRQHandler                 0x08003893   Thumb Code     0  startup_stm32f40_41xxx.o(.text)
    OTG_HS_EP1_OUT_IRQHandler                0x08003893   Thumb Code     0  startup_stm32f40_41xxx.o(.text)
    OTG_HS_IRQHandler                        0x08003893   Thumb Code     0  startup_stm32f40_41xxx.o(.text)
    OTG_HS_WKUP_IRQHandler                   0x08003893   Thumb Code     0  startup_stm32f40_41xxx.o(.text)
    PVD_IRQHandler                           0x08003893   Thumb Code     0  startup_stm32f40_41xxx.o(.text)
    RCC_IRQHandler                           0x08003893   Thumb Code     0  startup_stm32f40_41xxx.o(.text)
    RTC_Alarm_IRQHandler                     0x08003893   Thumb Code     0  startup_stm32f40_41xxx.o(.text)
    RTC_WKUP_IRQHandler                      0x08003893   Thumb Code     0  startup_stm32f40_41xxx.o(.text)
    SPI1_IRQHandler                          0x08003893   Thumb Code     0  startup_stm32f40_41xxx.o(.text)
    SPI2_IRQHandler                          0x08003893   Thumb Code     0  startup_stm32f40_41xxx.o(.text)
    SPI3_IRQHandler                          0x08003893   Thumb Code     0  startup_stm32f40_41xxx.o(.text)
    TAMP_STAMP_IRQHandler                    0x08003893   Thumb Code     0  startup_stm32f40_41xxx.o(.text)
    TIM1_BRK_TIM9_IRQHandler                 0x08003893   Thumb Code     0  startup_stm32f40_41xxx.o(.text)
    TIM1_CC_IRQHandler                       0x08003893   Thumb Code     0  startup_stm32f40_41xxx.o(.text)
    TIM1_TRG_COM_TIM11_IRQHandler            0x08003893   Thumb Code     0  startup_stm32f40_41xxx.o(.text)
    TIM1_UP_TIM10_IRQHandler                 0x08003893   Thumb Code     0  startup_stm32f40_41xxx.o(.text)
    TIM2_IRQHandler                          0x08003893   Thumb Code     0  startup_stm32f40_41xxx.o(.text)
    TIM4_IRQHandler                          0x08003893   Thumb Code     0  startup_stm32f40_41xxx.o(.text)
    TIM5_IRQHandler                          0x08003893   Thumb Code     0  startup_stm32f40_41xxx.o(.text)
    TIM6_DAC_IRQHandler                      0x08003893   Thumb Code     0  startup_stm32f40_41xxx.o(.text)
    TIM7_IRQHandler                          0x08003893   Thumb Code     0  startup_stm32f40_41xxx.o(.text)
    TIM8_BRK_TIM12_IRQHandler                0x08003893   Thumb Code     0  startup_stm32f40_41xxx.o(.text)
    TIM8_CC_IRQHandler                       0x08003893   Thumb Code     0  startup_stm32f40_41xxx.o(.text)
    TIM8_TRG_COM_TIM14_IRQHandler            0x08003893   Thumb Code     0  startup_stm32f40_41xxx.o(.text)
    TIM8_UP_TIM13_IRQHandler                 0x08003893   Thumb Code     0  startup_stm32f40_41xxx.o(.text)
    UART4_IRQHandler                         0x08003893   Thumb Code     0  startup_stm32f40_41xxx.o(.text)
    UART5_IRQHandler                         0x08003893   Thumb Code     0  startup_stm32f40_41xxx.o(.text)
    USART2_IRQHandler                        0x08003893   Thumb Code     0  startup_stm32f40_41xxx.o(.text)
    USART3_IRQHandler                        0x08003893   Thumb Code     0  startup_stm32f40_41xxx.o(.text)
    USART6_IRQHandler                        0x08003893   Thumb Code     0  startup_stm32f40_41xxx.o(.text)
    WWDG_IRQHandler                          0x08003893   Thumb Code     0  startup_stm32f40_41xxx.o(.text)
    __user_initial_stackheap                 0x08003895   Thumb Code     0  startup_stm32f40_41xxx.o(.text)
    NVIC_PriorityGroupConfig                 0x080038b9   Thumb Code    10  misc.o(.text)
    NVIC_Init                                0x080038c3   Thumb Code   106  misc.o(.text)
    NVIC_SetVectorTable                      0x0800392d   Thumb Code    14  misc.o(.text)
    NVIC_SystemLPConfig                      0x0800393b   Thumb Code    34  misc.o(.text)
    SysTick_CLKSourceConfig                  0x0800395d   Thumb Code    40  misc.o(.text)
    DCMI_DeInit                              0x08003999   Thumb Code    24  stm32f4xx_dcmi.o(.text)
    DCMI_Init                                0x080039b1   Thumb Code    60  stm32f4xx_dcmi.o(.text)
    DCMI_StructInit                          0x080039ed   Thumb Code    18  stm32f4xx_dcmi.o(.text)
    DCMI_CROPConfig                          0x080039ff   Thumb Code    26  stm32f4xx_dcmi.o(.text)
    DCMI_CROPCmd                             0x08003a19   Thumb Code    30  stm32f4xx_dcmi.o(.text)
    DCMI_SetEmbeddedSynchroCodes             0x08003a37   Thumb Code    26  stm32f4xx_dcmi.o(.text)
    DCMI_JPEGCmd                             0x08003a51   Thumb Code    30  stm32f4xx_dcmi.o(.text)
    DCMI_Cmd                                 0x08003a6f   Thumb Code    30  stm32f4xx_dcmi.o(.text)
    DCMI_CaptureCmd                          0x08003a8d   Thumb Code    30  stm32f4xx_dcmi.o(.text)
    DCMI_ReadData                            0x08003aab   Thumb Code     6  stm32f4xx_dcmi.o(.text)
    DCMI_ITConfig                            0x08003ab1   Thumb Code    30  stm32f4xx_dcmi.o(.text)
    DCMI_GetFlagStatus                       0x08003acf   Thumb Code    46  stm32f4xx_dcmi.o(.text)
    DCMI_ClearFlag                           0x08003afd   Thumb Code     6  stm32f4xx_dcmi.o(.text)
    DCMI_GetITStatus                         0x08003b03   Thumb Code    24  stm32f4xx_dcmi.o(.text)
    DCMI_ClearITPendingBit                   0x08003b1b   Thumb Code     6  stm32f4xx_dcmi.o(.text)
    GPIO_DeInit                              0x08003b25   Thumb Code   268  stm32f4xx_gpio.o(.text)
    GPIO_Init                                0x08003c31   Thumb Code   144  stm32f4xx_gpio.o(.text)
    GPIO_StructInit                          0x08003cc1   Thumb Code    18  stm32f4xx_gpio.o(.text)
    GPIO_PinLockConfig                       0x08003cd3   Thumb Code    34  stm32f4xx_gpio.o(.text)
    GPIO_ReadInputDataBit                    0x08003cf5   Thumb Code    18  stm32f4xx_gpio.o(.text)
    GPIO_ReadInputData                       0x08003d07   Thumb Code     8  stm32f4xx_gpio.o(.text)
    GPIO_ReadOutputDataBit                   0x08003d0f   Thumb Code    18  stm32f4xx_gpio.o(.text)
    GPIO_ReadOutputData                      0x08003d21   Thumb Code     8  stm32f4xx_gpio.o(.text)
    GPIO_SetBits                             0x08003d29   Thumb Code     4  stm32f4xx_gpio.o(.text)
    GPIO_ResetBits                           0x08003d2d   Thumb Code     4  stm32f4xx_gpio.o(.text)
    GPIO_WriteBit                            0x08003d31   Thumb Code    10  stm32f4xx_gpio.o(.text)
    GPIO_Write                               0x08003d3b   Thumb Code     4  stm32f4xx_gpio.o(.text)
    GPIO_ToggleBits                          0x08003d3f   Thumb Code     8  stm32f4xx_gpio.o(.text)
    GPIO_PinAFConfig                         0x08003d47   Thumb Code    70  stm32f4xx_gpio.o(.text)
    DMA_DeInit                               0x08003db9   Thumb Code   324  stm32f4xx_dma.o(.text)
    DMA_Init                                 0x08003efd   Thumb Code    82  stm32f4xx_dma.o(.text)
    DMA_StructInit                           0x08003f4f   Thumb Code    34  stm32f4xx_dma.o(.text)
    DMA_Cmd                                  0x08003f71   Thumb Code    22  stm32f4xx_dma.o(.text)
    DMA_PeriphIncOffsetSizeConfig            0x08003f87   Thumb Code    22  stm32f4xx_dma.o(.text)
    DMA_FlowControllerConfig                 0x08003f9d   Thumb Code    22  stm32f4xx_dma.o(.text)
    DMA_SetCurrDataCounter                   0x08003fb3   Thumb Code     4  stm32f4xx_dma.o(.text)
    DMA_GetCurrDataCounter                   0x08003fb7   Thumb Code     8  stm32f4xx_dma.o(.text)
    DMA_DoubleBufferModeConfig               0x08003fbf   Thumb Code    24  stm32f4xx_dma.o(.text)
    DMA_DoubleBufferModeCmd                  0x08003fd7   Thumb Code    22  stm32f4xx_dma.o(.text)
    DMA_MemoryTargetConfig                   0x08003fed   Thumb Code    10  stm32f4xx_dma.o(.text)
    DMA_GetCurrentMemoryTarget               0x08003ff7   Thumb Code    20  stm32f4xx_dma.o(.text)
    DMA_GetCmdStatus                         0x0800400b   Thumb Code    20  stm32f4xx_dma.o(.text)
    DMA_GetFIFOStatus                        0x0800401f   Thumb Code    12  stm32f4xx_dma.o(.text)
    DMA_GetFlagStatus                        0x0800402b   Thumb Code    56  stm32f4xx_dma.o(.text)
    DMA_ClearFlag                            0x08004063   Thumb Code    40  stm32f4xx_dma.o(.text)
    DMA_ITConfig                             0x0800408b   Thumb Code    58  stm32f4xx_dma.o(.text)
    DMA_GetITStatus                          0x080040c5   Thumb Code    84  stm32f4xx_dma.o(.text)
    DMA_ClearITPendingBit                    0x08004119   Thumb Code    40  stm32f4xx_dma.o(.text)
    RCC_DeInit                               0x08004161   Thumb Code    82  stm32f4xx_rcc.o(.text)
    RCC_HSEConfig                            0x080041b3   Thumb Code    14  stm32f4xx_rcc.o(.text)
    RCC_GetFlagStatus                        0x080041c1   Thumb Code    60  stm32f4xx_rcc.o(.text)
    RCC_WaitForHSEStartUp                    0x080041fd   Thumb Code    56  stm32f4xx_rcc.o(.text)
    RCC_AdjustHSICalibrationValue            0x08004235   Thumb Code    20  stm32f4xx_rcc.o(.text)
    RCC_HSICmd                               0x08004249   Thumb Code     6  stm32f4xx_rcc.o(.text)
    RCC_LSEConfig                            0x0800424f   Thumb Code    46  stm32f4xx_rcc.o(.text)
    RCC_LSICmd                               0x0800427d   Thumb Code     6  stm32f4xx_rcc.o(.text)
    RCC_PLLConfig                            0x08004283   Thumb Code    32  stm32f4xx_rcc.o(.text)
    RCC_PLLCmd                               0x080042a3   Thumb Code     6  stm32f4xx_rcc.o(.text)
    RCC_PLLI2SConfig                         0x080042a9   Thumb Code    14  stm32f4xx_rcc.o(.text)
    RCC_PLLI2SCmd                            0x080042b7   Thumb Code     6  stm32f4xx_rcc.o(.text)
    RCC_PLLSAIConfig                         0x080042bd   Thumb Code    20  stm32f4xx_rcc.o(.text)
    RCC_PLLSAICmd                            0x080042d1   Thumb Code     6  stm32f4xx_rcc.o(.text)
    RCC_ClockSecuritySystemCmd               0x080042d7   Thumb Code     6  stm32f4xx_rcc.o(.text)
    RCC_MCO1Config                           0x080042dd   Thumb Code    28  stm32f4xx_rcc.o(.text)
    RCC_MCO2Config                           0x080042f9   Thumb Code    28  stm32f4xx_rcc.o(.text)
    RCC_SYSCLKConfig                         0x08004315   Thumb Code    20  stm32f4xx_rcc.o(.text)
    RCC_GetSYSCLKSource                      0x08004329   Thumb Code    12  stm32f4xx_rcc.o(.text)
    RCC_HCLKConfig                           0x08004335   Thumb Code    20  stm32f4xx_rcc.o(.text)
    RCC_PCLK1Config                          0x08004349   Thumb Code    20  stm32f4xx_rcc.o(.text)
    RCC_PCLK2Config                          0x0800435d   Thumb Code    22  stm32f4xx_rcc.o(.text)
    RCC_GetClocksFreq                        0x08004373   Thumb Code   222  stm32f4xx_rcc.o(.text)
    RCC_RTCCLKConfig                         0x08004451   Thumb Code    54  stm32f4xx_rcc.o(.text)
    RCC_RTCCLKCmd                            0x08004487   Thumb Code     8  stm32f4xx_rcc.o(.text)
    RCC_BackupResetCmd                       0x0800448f   Thumb Code     8  stm32f4xx_rcc.o(.text)
    RCC_I2SCLKConfig                         0x08004497   Thumb Code     6  stm32f4xx_rcc.o(.text)
    RCC_SAIPLLI2SClkDivConfig                0x0800449d   Thumb Code    26  stm32f4xx_rcc.o(.text)
    RCC_SAIPLLSAIClkDivConfig                0x080044b7   Thumb Code    28  stm32f4xx_rcc.o(.text)
    RCC_SAIBlockACLKConfig                   0x080044d3   Thumb Code    20  stm32f4xx_rcc.o(.text)
    RCC_SAIBlockBCLKConfig                   0x080044e7   Thumb Code    20  stm32f4xx_rcc.o(.text)
    RCC_LTDCCLKDivConfig                     0x080044fb   Thumb Code    20  stm32f4xx_rcc.o(.text)
    RCC_TIMCLKPresConfig                     0x0800450f   Thumb Code     6  stm32f4xx_rcc.o(.text)
    RCC_AHB1PeriphClockCmd                   0x08004515   Thumb Code    34  stm32f4xx_rcc.o(.text)
    RCC_AHB2PeriphClockCmd                   0x08004537   Thumb Code    78  stm32f4xx_rcc.o(.text)
    RCC_AHB3PeriphClockCmd                   0x08004585   Thumb Code    34  stm32f4xx_rcc.o(.text)
    RCC_APB1PeriphClockCmd                   0x080045a7   Thumb Code    34  stm32f4xx_rcc.o(.text)
    RCC_APB2PeriphClockCmd                   0x080045c9   Thumb Code    34  stm32f4xx_rcc.o(.text)
    RCC_AHB1PeriphResetCmd                   0x080045eb   Thumb Code    34  stm32f4xx_rcc.o(.text)
    RCC_AHB2PeriphResetCmd                   0x0800460d   Thumb Code    34  stm32f4xx_rcc.o(.text)
    RCC_AHB3PeriphResetCmd                   0x0800462f   Thumb Code    34  stm32f4xx_rcc.o(.text)
    RCC_APB1PeriphResetCmd                   0x08004651   Thumb Code    34  stm32f4xx_rcc.o(.text)
    RCC_APB2PeriphResetCmd                   0x08004673   Thumb Code    34  stm32f4xx_rcc.o(.text)
    RCC_AHB1PeriphClockLPModeCmd             0x08004695   Thumb Code    34  stm32f4xx_rcc.o(.text)
    RCC_AHB2PeriphClockLPModeCmd             0x080046b7   Thumb Code    34  stm32f4xx_rcc.o(.text)
    RCC_AHB3PeriphClockLPModeCmd             0x080046d9   Thumb Code    34  stm32f4xx_rcc.o(.text)
    RCC_APB1PeriphClockLPModeCmd             0x080046fb   Thumb Code    34  stm32f4xx_rcc.o(.text)
    RCC_APB2PeriphClockLPModeCmd             0x0800471d   Thumb Code    34  stm32f4xx_rcc.o(.text)
    RCC_LSEModeConfig                        0x0800473f   Thumb Code    40  stm32f4xx_rcc.o(.text)
    RCC_ITConfig                             0x08004767   Thumb Code    34  stm32f4xx_rcc.o(.text)
    RCC_ClearFlag                            0x08004789   Thumb Code    18  stm32f4xx_rcc.o(.text)
    RCC_GetITStatus                          0x0800479b   Thumb Code    22  stm32f4xx_rcc.o(.text)
    RCC_ClearITPendingBit                    0x080047b1   Thumb Code     8  stm32f4xx_rcc.o(.text)
    USART_DeInit                             0x080047bd   Thumb Code   206  stm32f4xx_usart.o(.text)
    USART_Init                               0x0800488b   Thumb Code   204  stm32f4xx_usart.o(.text)
    USART_StructInit                         0x08004957   Thumb Code    24  stm32f4xx_usart.o(.text)
    USART_ClockInit                          0x0800496f   Thumb Code    32  stm32f4xx_usart.o(.text)
    USART_ClockStructInit                    0x0800498f   Thumb Code    12  stm32f4xx_usart.o(.text)
    USART_Cmd                                0x0800499b   Thumb Code    24  stm32f4xx_usart.o(.text)
    USART_SetPrescaler                       0x080049b3   Thumb Code    16  stm32f4xx_usart.o(.text)
    USART_OverSampling8Cmd                   0x080049c3   Thumb Code    22  stm32f4xx_usart.o(.text)
    USART_OneBitMethodCmd                    0x080049d9   Thumb Code    24  stm32f4xx_usart.o(.text)
    USART_SendData                           0x080049f1   Thumb Code     8  stm32f4xx_usart.o(.text)
    USART_ReceiveData                        0x080049f9   Thumb Code    10  stm32f4xx_usart.o(.text)
    USART_SetAddress                         0x08004a03   Thumb Code    18  stm32f4xx_usart.o(.text)
    USART_ReceiverWakeUpCmd                  0x08004a15   Thumb Code    24  stm32f4xx_usart.o(.text)
    USART_WakeUpConfig                       0x08004a2d   Thumb Code    18  stm32f4xx_usart.o(.text)
    USART_LINBreakDetectLengthConfig         0x08004a3f   Thumb Code    18  stm32f4xx_usart.o(.text)
    USART_LINCmd                             0x08004a51   Thumb Code    24  stm32f4xx_usart.o(.text)
    USART_SendBreak                          0x08004a69   Thumb Code    10  stm32f4xx_usart.o(.text)
    USART_HalfDuplexCmd                      0x08004a73   Thumb Code    24  stm32f4xx_usart.o(.text)
    USART_SetGuardTime                       0x08004a8b   Thumb Code    16  stm32f4xx_usart.o(.text)
    USART_SmartCardCmd                       0x08004a9b   Thumb Code    24  stm32f4xx_usart.o(.text)
    USART_SmartCardNACKCmd                   0x08004ab3   Thumb Code    24  stm32f4xx_usart.o(.text)
    USART_IrDAConfig                         0x08004acb   Thumb Code    18  stm32f4xx_usart.o(.text)
    USART_IrDACmd                            0x08004add   Thumb Code    24  stm32f4xx_usart.o(.text)
    USART_DMACmd                             0x08004af5   Thumb Code    18  stm32f4xx_usart.o(.text)
    USART_ITConfig                           0x08004b07   Thumb Code    74  stm32f4xx_usart.o(.text)
    USART_GetFlagStatus                      0x08004b51   Thumb Code    26  stm32f4xx_usart.o(.text)
    USART_ClearFlag                          0x08004b6b   Thumb Code    18  stm32f4xx_usart.o(.text)
    USART_GetITStatus                        0x08004b7d   Thumb Code   118  stm32f4xx_usart.o(.text)
    USART_ClearITPendingBit                  0x08004bf3   Thumb Code    30  stm32f4xx_usart.o(.text)
    TIM_DeInit                               0x08004c11   Thumb Code   346  stm32f4xx_tim.o(.text)
    TIM_TimeBaseInit                         0x08004d6b   Thumb Code   104  stm32f4xx_tim.o(.text)
    TIM_TimeBaseStructInit                   0x08004dd3   Thumb Code    18  stm32f4xx_tim.o(.text)
    TIM_PrescalerConfig                      0x08004de5   Thumb Code     6  stm32f4xx_tim.o(.text)
    TIM_CounterModeConfig                    0x08004deb   Thumb Code    18  stm32f4xx_tim.o(.text)
    TIM_SetCounter                           0x08004dfd   Thumb Code     4  stm32f4xx_tim.o(.text)
    TIM_SetAutoreload                        0x08004e01   Thumb Code     4  stm32f4xx_tim.o(.text)
    TIM_GetCounter                           0x08004e05   Thumb Code     6  stm32f4xx_tim.o(.text)
    TIM_GetPrescaler                         0x08004e0b   Thumb Code     6  stm32f4xx_tim.o(.text)
    TIM_UpdateDisableConfig                  0x08004e11   Thumb Code    24  stm32f4xx_tim.o(.text)
    TIM_UpdateRequestConfig                  0x08004e29   Thumb Code    24  stm32f4xx_tim.o(.text)
    TIM_ARRPreloadConfig                     0x08004e41   Thumb Code    24  stm32f4xx_tim.o(.text)
    TIM_SelectOnePulseMode                   0x08004e59   Thumb Code    18  stm32f4xx_tim.o(.text)
    TIM_SetClockDivision                     0x08004e6b   Thumb Code    18  stm32f4xx_tim.o(.text)
    TIM_Cmd                                  0x08004e7d   Thumb Code    24  stm32f4xx_tim.o(.text)
    TIM_OC1Init                              0x08004e95   Thumb Code   114  stm32f4xx_tim.o(.text)
    TIM_OC2Init                              0x08004f07   Thumb Code   154  stm32f4xx_tim.o(.text)
    TIM_OC3Init                              0x08004fa1   Thumb Code   204  stm32f4xx_tim.o(.text)
    TIM_OC4Init                              0x0800506d   Thumb Code   112  stm32f4xx_tim.o(.text)
    TIM_OCStructInit                         0x080050dd   Thumb Code    20  stm32f4xx_tim.o(.text)
    TIM_SelectOCxM                           0x080050f1   Thumb Code    86  stm32f4xx_tim.o(.text)
    TIM_SetCompare1                          0x08005147   Thumb Code     4  stm32f4xx_tim.o(.text)
    TIM_SetCompare2                          0x0800514b   Thumb Code     4  stm32f4xx_tim.o(.text)
    TIM_SetCompare3                          0x0800514f   Thumb Code     4  stm32f4xx_tim.o(.text)
    TIM_SetCompare4                          0x08005153   Thumb Code     4  stm32f4xx_tim.o(.text)
    TIM_ForcedOC1Config                      0x08005157   Thumb Code    18  stm32f4xx_tim.o(.text)
    TIM_ForcedOC2Config                      0x08005169   Thumb Code    26  stm32f4xx_tim.o(.text)
    TIM_ForcedOC3Config                      0x08005183   Thumb Code    18  stm32f4xx_tim.o(.text)
    TIM_ForcedOC4Config                      0x08005195   Thumb Code    26  stm32f4xx_tim.o(.text)
    TIM_OC1PreloadConfig                     0x080051af   Thumb Code    18  stm32f4xx_tim.o(.text)
    TIM_OC2PreloadConfig                     0x080051c1   Thumb Code    26  stm32f4xx_tim.o(.text)
    TIM_OC3PreloadConfig                     0x080051db   Thumb Code    18  stm32f4xx_tim.o(.text)
    TIM_OC4PreloadConfig                     0x080051ed   Thumb Code    26  stm32f4xx_tim.o(.text)
    TIM_OC1FastConfig                        0x08005207   Thumb Code    18  stm32f4xx_tim.o(.text)
    TIM_OC2FastConfig                        0x08005219   Thumb Code    26  stm32f4xx_tim.o(.text)
    TIM_OC3FastConfig                        0x08005233   Thumb Code    18  stm32f4xx_tim.o(.text)
    TIM_OC4FastConfig                        0x08005245   Thumb Code    26  stm32f4xx_tim.o(.text)
    TIM_ClearOC1Ref                          0x0800525f   Thumb Code    18  stm32f4xx_tim.o(.text)
    TIM_ClearOC2Ref                          0x08005271   Thumb Code    24  stm32f4xx_tim.o(.text)
    TIM_ClearOC3Ref                          0x08005289   Thumb Code    18  stm32f4xx_tim.o(.text)
    TIM_ClearOC4Ref                          0x0800529b   Thumb Code    24  stm32f4xx_tim.o(.text)
    TIM_OC1PolarityConfig                    0x080052b3   Thumb Code    18  stm32f4xx_tim.o(.text)
    TIM_OC1NPolarityConfig                   0x080052c5   Thumb Code    18  stm32f4xx_tim.o(.text)
    TIM_OC2PolarityConfig                    0x080052d7   Thumb Code    26  stm32f4xx_tim.o(.text)
    TIM_OC2NPolarityConfig                   0x080052f1   Thumb Code    26  stm32f4xx_tim.o(.text)
    TIM_OC3PolarityConfig                    0x0800530b   Thumb Code    26  stm32f4xx_tim.o(.text)
    TIM_OC3NPolarityConfig                   0x08005325   Thumb Code    26  stm32f4xx_tim.o(.text)
    TIM_OC4PolarityConfig                    0x0800533f   Thumb Code    26  stm32f4xx_tim.o(.text)
    TIM_CCxCmd                               0x08005359   Thumb Code    30  stm32f4xx_tim.o(.text)
    TIM_CCxNCmd                              0x08005377   Thumb Code    30  stm32f4xx_tim.o(.text)
    TIM_SetIC4Prescaler                      0x08005395   Thumb Code    26  stm32f4xx_tim.o(.text)
    TIM_SetIC3Prescaler                      0x080053ff   Thumb Code    18  stm32f4xx_tim.o(.text)
    TIM_SetIC2Prescaler                      0x08005459   Thumb Code    26  stm32f4xx_tim.o(.text)
    TIM_SetIC1Prescaler                      0x080054cd   Thumb Code    18  stm32f4xx_tim.o(.text)
    TIM_ICInit                               0x08005519   Thumb Code   110  stm32f4xx_tim.o(.text)
    TIM_ICStructInit                         0x08005587   Thumb Code    18  stm32f4xx_tim.o(.text)
    TIM_PWMIConfig                           0x08005599   Thumb Code   124  stm32f4xx_tim.o(.text)
    TIM_GetCapture1                          0x08005615   Thumb Code     6  stm32f4xx_tim.o(.text)
    TIM_GetCapture2                          0x0800561b   Thumb Code     6  stm32f4xx_tim.o(.text)
    TIM_GetCapture3                          0x08005621   Thumb Code     6  stm32f4xx_tim.o(.text)
    TIM_GetCapture4                          0x08005627   Thumb Code     6  stm32f4xx_tim.o(.text)
    TIM_BDTRConfig                           0x0800562d   Thumb Code    32  stm32f4xx_tim.o(.text)
    TIM_BDTRStructInit                       0x0800564d   Thumb Code    18  stm32f4xx_tim.o(.text)
    TIM_CtrlPWMOutputs                       0x0800565f   Thumb Code    30  stm32f4xx_tim.o(.text)
    TIM_SelectCOM                            0x0800567d   Thumb Code    24  stm32f4xx_tim.o(.text)
    TIM_CCPreloadControl                     0x08005695   Thumb Code    24  stm32f4xx_tim.o(.text)
    TIM_ITConfig                             0x080056ad   Thumb Code    18  stm32f4xx_tim.o(.text)
    TIM_GenerateEvent                        0x080056bf   Thumb Code     4  stm32f4xx_tim.o(.text)
    TIM_GetFlagStatus                        0x080056c3   Thumb Code    18  stm32f4xx_tim.o(.text)
    TIM_ClearFlag                            0x080056d5   Thumb Code     6  stm32f4xx_tim.o(.text)
    TIM_GetITStatus                          0x080056db   Thumb Code    34  stm32f4xx_tim.o(.text)
    TIM_ClearITPendingBit                    0x080056fd   Thumb Code     6  stm32f4xx_tim.o(.text)
    TIM_DMAConfig                            0x08005703   Thumb Code    10  stm32f4xx_tim.o(.text)
    TIM_DMACmd                               0x0800570d   Thumb Code    18  stm32f4xx_tim.o(.text)
    TIM_SelectCCDMA                          0x0800571f   Thumb Code    24  stm32f4xx_tim.o(.text)
    TIM_InternalClockConfig                  0x08005737   Thumb Code    12  stm32f4xx_tim.o(.text)
    TIM_SelectInputTrigger                   0x08005743   Thumb Code    18  stm32f4xx_tim.o(.text)
    TIM_ITRxExternalClockConfig              0x08005755   Thumb Code    24  stm32f4xx_tim.o(.text)
    TIM_TIxExternalClockConfig               0x0800576d   Thumb Code    62  stm32f4xx_tim.o(.text)
    TIM_ETRConfig                            0x080057ab   Thumb Code    28  stm32f4xx_tim.o(.text)
    TIM_ETRClockMode1Config                  0x080057c7   Thumb Code    54  stm32f4xx_tim.o(.text)
    TIM_ETRClockMode2Config                  0x080057fd   Thumb Code    32  stm32f4xx_tim.o(.text)
    TIM_SelectOutputTrigger                  0x0800581d   Thumb Code    18  stm32f4xx_tim.o(.text)
    TIM_SelectSlaveMode                      0x0800582f   Thumb Code    18  stm32f4xx_tim.o(.text)
    TIM_SelectMasterSlaveMode                0x08005841   Thumb Code    18  stm32f4xx_tim.o(.text)
    TIM_EncoderInterfaceConfig               0x08005853   Thumb Code    66  stm32f4xx_tim.o(.text)
    TIM_SelectHallSensor                     0x08005895   Thumb Code    24  stm32f4xx_tim.o(.text)
    TIM_RemapConfig                          0x080058ad   Thumb Code     6  stm32f4xx_tim.o(.text)
    SDIO_DeInit                              0x080058b5   Thumb Code    22  stm32f4xx_sdio.o(.text)
    SDIO_Init                                0x080058cb   Thumb Code    42  stm32f4xx_sdio.o(.text)
    SDIO_StructInit                          0x080058f5   Thumb Code    16  stm32f4xx_sdio.o(.text)
    SDIO_ClockCmd                            0x08005905   Thumb Code     6  stm32f4xx_sdio.o(.text)
    SDIO_SetPowerState                       0x0800590b   Thumb Code     8  stm32f4xx_sdio.o(.text)
    SDIO_GetPowerState                       0x08005913   Thumb Code    12  stm32f4xx_sdio.o(.text)
    SDIO_SendCommand                         0x0800591f   Thumb Code    42  stm32f4xx_sdio.o(.text)
    SDIO_CmdStructInit                       0x08005949   Thumb Code    14  stm32f4xx_sdio.o(.text)
    SDIO_GetCommandResponse                  0x08005957   Thumb Code    10  stm32f4xx_sdio.o(.text)
    SDIO_GetResponse                         0x08005961   Thumb Code    22  stm32f4xx_sdio.o(.text)
    SDIO_DataConfig                          0x08005977   Thumb Code    48  stm32f4xx_sdio.o(.text)
    SDIO_DataStructInit                      0x080059a7   Thumb Code    20  stm32f4xx_sdio.o(.text)
    SDIO_GetDataCounter                      0x080059bb   Thumb Code     8  stm32f4xx_sdio.o(.text)
    SDIO_ReadData                            0x080059c3   Thumb Code     8  stm32f4xx_sdio.o(.text)
    SDIO_WriteData                           0x080059cb   Thumb Code     8  stm32f4xx_sdio.o(.text)
    SDIO_GetFIFOCount                        0x080059d3   Thumb Code     8  stm32f4xx_sdio.o(.text)
    SDIO_StartSDIOReadWait                   0x080059db   Thumb Code     6  stm32f4xx_sdio.o(.text)
    SDIO_StopSDIOReadWait                    0x080059e1   Thumb Code     8  stm32f4xx_sdio.o(.text)
    SDIO_SetSDIOReadWaitMode                 0x080059e9   Thumb Code     8  stm32f4xx_sdio.o(.text)
    SDIO_SetSDIOOperation                    0x080059f1   Thumb Code     8  stm32f4xx_sdio.o(.text)
    SDIO_SendSDIOSuspendCmd                  0x080059f9   Thumb Code     6  stm32f4xx_sdio.o(.text)
    SDIO_CommandCompletionCmd                0x080059ff   Thumb Code     8  stm32f4xx_sdio.o(.text)
    SDIO_CEATAITCmd                          0x08005a07   Thumb Code    12  stm32f4xx_sdio.o(.text)
    SDIO_SendCEATACmd                        0x08005a13   Thumb Code     8  stm32f4xx_sdio.o(.text)
    SDIO_DMACmd                              0x08005a1b   Thumb Code     8  stm32f4xx_sdio.o(.text)
    SDIO_ITConfig                            0x08005a23   Thumb Code    34  stm32f4xx_sdio.o(.text)
    SDIO_GetFlagStatus                       0x08005a45   Thumb Code    22  stm32f4xx_sdio.o(.text)
    SDIO_ClearFlag                           0x08005a5b   Thumb Code     8  stm32f4xx_sdio.o(.text)
    SDIO_GetITStatus                         0x08005a63   Thumb Code    22  stm32f4xx_sdio.o(.text)
    SDIO_ClearITPendingBit                   0x08005a79   Thumb Code     8  stm32f4xx_sdio.o(.text)
    RTC_WaitForSynchro                       0x08005a91   Thumb Code    92  stm32f4xx_rtc.o(.text)
    RTC_EnterInitMode                        0x08005aed   Thumb Code    84  stm32f4xx_rtc.o(.text)
    RTC_DeInit                               0x08005b41   Thumb Code   204  stm32f4xx_rtc.o(.text)
    RTC_ExitInitMode                         0x08005c0d   Thumb Code    18  stm32f4xx_rtc.o(.text)
    RTC_Init                                 0x08005c1f   Thumb Code    94  stm32f4xx_rtc.o(.text)
    RTC_StructInit                           0x08005c7d   Thumb Code    14  stm32f4xx_rtc.o(.text)
    RTC_WriteProtectionCmd                   0x08005c8b   Thumb Code    22  stm32f4xx_rtc.o(.text)
    RTC_RefClockCmd                          0x08005ca1   Thumb Code    76  stm32f4xx_rtc.o(.text)
    RTC_BypassShadowCmd                      0x08005ced   Thumb Code    54  stm32f4xx_rtc.o(.text)
    RTC_SetTime                              0x08005d55   Thumb Code   200  stm32f4xx_rtc.o(.text)
    RTC_TimeStructInit                       0x08005e1d   Thumb Code    12  stm32f4xx_rtc.o(.text)
    RTC_GetTime                              0x08005e29   Thumb Code    74  stm32f4xx_rtc.o(.text)
    RTC_GetSubSecond                         0x08005e73   Thumb Code    30  stm32f4xx_rtc.o(.text)
    RTC_SetDate                              0x08005e91   Thumb Code   190  stm32f4xx_rtc.o(.text)
    RTC_DateStructInit                       0x08005f4f   Thumb Code    14  stm32f4xx_rtc.o(.text)
    RTC_GetDate                              0x08005f5d   Thumb Code    70  stm32f4xx_rtc.o(.text)
    RTC_SetAlarm                             0x08005fa3   Thumb Code   230  stm32f4xx_rtc.o(.text)
    RTC_AlarmStructInit                      0x08006089   Thumb Code    22  stm32f4xx_rtc.o(.text)
    RTC_GetAlarm                             0x0800609f   Thumb Code   114  stm32f4xx_rtc.o(.text)
    RTC_AlarmCmd                             0x08006111   Thumb Code   112  stm32f4xx_rtc.o(.text)
    RTC_AlarmSubSecondConfig                 0x08006181   Thumb Code    46  stm32f4xx_rtc.o(.text)
    RTC_GetAlarmSubSecond                    0x080061af   Thumb Code    34  stm32f4xx_rtc.o(.text)
    RTC_WakeUpClockConfig                    0x080061d1   Thumb Code    42  stm32f4xx_rtc.o(.text)
    RTC_SetWakeUpCounter                     0x080061fb   Thumb Code    22  stm32f4xx_rtc.o(.text)
    RTC_GetWakeUpCounter                     0x08006211   Thumb Code    10  stm32f4xx_rtc.o(.text)
    RTC_WakeUpCmd                            0x0800621b   Thumb Code   116  stm32f4xx_rtc.o(.text)
    RTC_DayLightSavingConfig                 0x0800628f   Thumb Code    50  stm32f4xx_rtc.o(.text)
    RTC_GetStoreOperation                    0x080062c1   Thumb Code    12  stm32f4xx_rtc.o(.text)
    RTC_OutputConfig                         0x080062cd   Thumb Code    60  stm32f4xx_rtc.o(.text)
    RTC_CoarseCalibConfig                    0x08006309   Thumb Code    52  stm32f4xx_rtc.o(.text)
    RTC_CoarseCalibCmd                       0x0800633d   Thumb Code    76  stm32f4xx_rtc.o(.text)
    RTC_CalibOutputCmd                       0x08006389   Thumb Code    54  stm32f4xx_rtc.o(.text)
    RTC_CalibOutputConfig                    0x080063bf   Thumb Code    42  stm32f4xx_rtc.o(.text)
    RTC_SmoothCalibConfig                    0x080063e9   Thumb Code    90  stm32f4xx_rtc.o(.text)
    RTC_TimeStampCmd                         0x08006443   Thumb Code    54  stm32f4xx_rtc.o(.text)
    RTC_GetTimeStamp                         0x08006479   Thumb Code   144  stm32f4xx_rtc.o(.text)
    RTC_GetTimeStampSubSecond                0x08006509   Thumb Code     8  stm32f4xx_rtc.o(.text)
    RTC_TamperTriggerConfig                  0x08006511   Thumb Code    38  stm32f4xx_rtc.o(.text)
    RTC_TamperCmd                            0x08006537   Thumb Code    34  stm32f4xx_rtc.o(.text)
    RTC_TamperFilterConfig                   0x08006559   Thumb Code    26  stm32f4xx_rtc.o(.text)
    RTC_TamperSamplingFreqConfig             0x08006573   Thumb Code    26  stm32f4xx_rtc.o(.text)
    RTC_TamperPinsPrechargeDuration          0x0800658d   Thumb Code    26  stm32f4xx_rtc.o(.text)
    RTC_TimeStampOnTamperDetectionCmd        0x080065a7   Thumb Code    38  stm32f4xx_rtc.o(.text)
    RTC_TamperPullUpCmd                      0x080065cd   Thumb Code    38  stm32f4xx_rtc.o(.text)
    RTC_WriteBackupRegister                  0x080065f3   Thumb Code    26  stm32f4xx_rtc.o(.text)
    RTC_ReadBackupRegister                   0x0800660d   Thumb Code    28  stm32f4xx_rtc.o(.text)
    RTC_TamperPinSelection                   0x08006629   Thumb Code    26  stm32f4xx_rtc.o(.text)
    RTC_TimeStampPinSelection                0x08006643   Thumb Code    26  stm32f4xx_rtc.o(.text)
    RTC_OutputTypeConfig                     0x0800665d   Thumb Code    26  stm32f4xx_rtc.o(.text)
    RTC_SynchroShiftConfig                   0x08006677   Thumb Code   130  stm32f4xx_rtc.o(.text)
    RTC_ITConfig                             0x080066f9   Thumb Code    94  stm32f4xx_rtc.o(.text)
    RTC_GetFlagStatus                        0x08006757   Thumb Code    34  stm32f4xx_rtc.o(.text)
    RTC_ClearFlag                            0x08006779   Thumb Code    28  stm32f4xx_rtc.o(.text)
    RTC_GetITStatus                          0x08006795   Thumb Code    60  stm32f4xx_rtc.o(.text)
    RTC_ClearITPendingBit                    0x080067d1   Thumb Code    32  stm32f4xx_rtc.o(.text)
    PWR_DeInit                               0x080067f9   Thumb Code    22  stm32f4xx_pwr.o(.text)
    PWR_BackupAccessCmd                      0x0800680f   Thumb Code     6  stm32f4xx_pwr.o(.text)
    PWR_PVDLevelConfig                       0x08006815   Thumb Code    18  stm32f4xx_pwr.o(.text)
    PWR_PVDCmd                               0x08006827   Thumb Code     6  stm32f4xx_pwr.o(.text)
    PWR_WakeUpPinCmd                         0x0800682d   Thumb Code     8  stm32f4xx_pwr.o(.text)
    PWR_BackupRegulatorCmd                   0x08006835   Thumb Code     8  stm32f4xx_pwr.o(.text)
    PWR_MainRegulatorModeConfig              0x0800683d   Thumb Code    18  stm32f4xx_pwr.o(.text)
    PWR_OverDriveCmd                         0x0800684f   Thumb Code     6  stm32f4xx_pwr.o(.text)
    PWR_OverDriveSWCmd                       0x08006855   Thumb Code     6  stm32f4xx_pwr.o(.text)
    PWR_UnderDriveCmd                        0x0800685b   Thumb Code    30  stm32f4xx_pwr.o(.text)
    PWR_MainRegulatorLowVoltageCmd           0x08006879   Thumb Code    18  stm32f4xx_pwr.o(.text)
    PWR_LowRegulatorLowVoltageCmd            0x0800688b   Thumb Code    18  stm32f4xx_pwr.o(.text)
    PWR_FlashPowerDownCmd                    0x0800689d   Thumb Code     6  stm32f4xx_pwr.o(.text)
    PWR_EnterSTOPMode                        0x080068a3   Thumb Code    58  stm32f4xx_pwr.o(.text)
    PWR_EnterUnderDriveSTOPMode              0x080068dd   Thumb Code    58  stm32f4xx_pwr.o(.text)
    PWR_EnterSTANDBYMode                     0x08006917   Thumb Code    32  stm32f4xx_pwr.o(.text)
    PWR_GetFlagStatus                        0x08006937   Thumb Code    20  stm32f4xx_pwr.o(.text)
    PWR_ClearFlag                            0x0800694b   Thumb Code    14  stm32f4xx_pwr.o(.text)
    put_fat                                  0x08006ac7   Thumb Code   392  ff.o(.text)
    get_fat                                  0x08006c4f   Thumb Code   318  ff.o(.text)
    clust2sect                               0x08006df9   Thumb Code    26  ff.o(.text)
    f_unlink                                 0x08007c5d   Thumb Code   174  ff.o(.text)
    f_readdir                                0x08007e4d   Thumb Code   100  ff.o(.text)
    f_opendir                                0x08007eb1   Thumb Code   118  ff.o(.text)
    f_deldir                                 0x08007f27   Thumb Code   218  ff.o(.text)
    f_mount                                  0x080082d7   Thumb Code    86  ff.o(.text)
    f_open                                   0x0800832d   Thumb Code   382  ff.o(.text)
    f_read                                   0x080084ab   Thumb Code   478  ff.o(.text)
    f_write                                  0x08008689   Thumb Code   524  ff.o(.text)
    f_sync                                   0x08008895   Thumb Code   176  ff.o(.text)
    f_close                                  0x08008945   Thumb Code    32  ff.o(.text)
    f_lseek                                  0x08008965   Thumb Code   410  ff.o(.text)
    f_closedir                               0x08008aff   Thumb Code    22  ff.o(.text)
    f_stat                                   0x08008b15   Thumb Code    68  ff.o(.text)
    f_getfree                                0x08008b59   Thumb Code   258  ff.o(.text)
    f_truncate                               0x08008c5b   Thumb Code   184  ff.o(.text)
    f_mkdir                                  0x08008d13   Thumb Code   358  ff.o(.text)
    f_chmod                                  0x08008e79   Thumb Code    92  ff.o(.text)
    f_rename                                 0x08008ed5   Thumb Code   266  ff.o(.text)
    f_utime                                  0x08008fdf   Thumb Code    94  ff.o(.text)
    f_mkfs                                   0x0800903d   Thumb Code  1622  ff.o(.text)
    disk_status                              0x080096c1   Thumb Code    28  diskio.o(.text)
    disk_initialize                          0x080096dd   Thumb Code    42  diskio.o(.text)
    disk_read                                0x08009707   Thumb Code   180  diskio.o(.text)
    disk_write                               0x080097bb   Thumb Code   186  diskio.o(.text)
    disk_ioctl                               0x08009875   Thumb Code   102  diskio.o(.text)
    get_fattime                              0x080098db   Thumb Code     4  diskio.o(.text)
    ff_convert                               0x080098e9   Thumb Code   116  cc936.o(.text)
    ff_wtoupper                              0x0800995d   Thumb Code    84  cc936.o(.text)
    __use_no_semihosting                     0x080099c1   Thumb Code     2  use_no_semi_2.o(.text)
    __aeabi_uldivmod                         0x080099c3   Thumb Code     0  lludivv7m.o(.text)
    _ll_udiv                                 0x080099c3   Thumb Code   238  lludivv7m.o(.text)
    __2printf                                0x08009ab1   Thumb Code    20  noretval__2printf.o(.text)
    __2sprintf                               0x08009ac9   Thumb Code    34  noretval__2sprintf.o(.text)
    _printf_pre_padding                      0x08009af1   Thumb Code    44  _printf_pad.o(.text)
    _printf_post_padding                     0x08009b1d   Thumb Code    34  _printf_pad.o(.text)
    _printf_str                              0x08009b3f   Thumb Code    82  _printf_str.o(.text)
    _printf_int_dec                          0x08009b91   Thumb Code   104  _printf_dec.o(.text)
    __printf                                 0x08009c09   Thumb Code   388  __printf_flags_ss_wp.o(.text)
    puts                                     0x08009d91   Thumb Code    40  puts.o(.text)
    strlen                                   0x08009dbd   Thumb Code    62  strlen.o(.text)
    __aeabi_memcpy                           0x08009dfb   Thumb Code     0  rt_memcpy_v6.o(.text)
    __rt_memcpy                              0x08009dfb   Thumb Code   138  rt_memcpy_v6.o(.text)
    _memcpy_lastbytes                        0x08009e61   Thumb Code     0  rt_memcpy_v6.o(.text)
    __aeabi_memclr4                          0x08009e85   Thumb Code     0  rt_memclr_w.o(.text)
    __aeabi_memclr8                          0x08009e85   Thumb Code     0  rt_memclr_w.o(.text)
    __rt_memclr_w                            0x08009e85   Thumb Code    78  rt_memclr_w.o(.text)
    _memset_w                                0x08009e89   Thumb Code     0  rt_memclr_w.o(.text)
    strcmp                                   0x08009ed5   Thumb Code   128  strcmpv7m.o(.text)
    __use_two_region_memory                  0x08009f55   Thumb Code     2  heapauxi.o(.text)
    __rt_heap_escrow$2region                 0x08009f57   Thumb Code     2  heapauxi.o(.text)
    __rt_heap_expand$2region                 0x08009f59   Thumb Code     2  heapauxi.o(.text)
    __I$use$semihosting                      0x08009f5b   Thumb Code     0  use_no_semi.o(.text)
    __use_no_semihosting_swi                 0x08009f5b   Thumb Code     2  use_no_semi.o(.text)
    _printf_int_common                       0x08009f5d   Thumb Code   178  _printf_intcommon.o(.text)
    _printf_char_common                      0x0800a01b   Thumb Code    32  _printf_char_common.o(.text)
    _sputc                                   0x0800a041   Thumb Code    10  _sputc.o(.text)
    _printf_cs_common                        0x0800a04b   Thumb Code    20  _printf_char.o(.text)
    _printf_char                             0x0800a05f   Thumb Code    16  _printf_char.o(.text)
    _printf_string                           0x0800a06f   Thumb Code     8  _printf_char.o(.text)
    _printf_char_file                        0x0800a079   Thumb Code    32  _printf_char_file.o(.text)
    __aeabi_memcpy4                          0x0800a09d   Thumb Code     0  rt_memcpy_w.o(.text)
    __aeabi_memcpy8                          0x0800a09d   Thumb Code     0  rt_memcpy_w.o(.text)
    __rt_memcpy_w                            0x0800a09d   Thumb Code   100  rt_memcpy_w.o(.text)
    _memcpy_lastbytes_aligned                0x0800a0e5   Thumb Code     0  rt_memcpy_w.o(.text)
    ferror                                   0x0800a101   Thumb Code     8  ferror.o(.text)
    __user_setup_stackheap                   0x0800a109   Thumb Code    74  sys_stackheap_outer.o(.text)
    exit                                     0x0800a153   Thumb Code    18  exit.o(.text)
    __user_libspace                          0x0800a165   Thumb Code     8  libspace.o(.text)
    __user_perproc_libspace                  0x0800a165   Thumb Code     0  libspace.o(.text)
    __user_perthread_libspace                0x0800a165   Thumb Code     0  libspace.o(.text)
    _is_digit                                0x0800a16d   Thumb Code    14  __printf_wp.o(i._is_digit)
    _fp_init                                 0x0800a17b   Thumb Code    10  fpinit.o(x$fpl$fpinit)
    __fplib_config_fpu_vfp                   0x0800a183   Thumb Code     0  fpinit.o(x$fpl$fpinit)
    __fplib_config_pureend_doubles           0x0800a183   Thumb Code     0  fpinit.o(x$fpl$fpinit)
    ov2640_sxga_init_reg_tbl                 0x0800a184   Data         360  ov2640.o(.constdata)
    ov2640_svga_init_reg_tbl                 0x0800a2ec   Data         354  ov2640.o(.constdata)
    ov2640_jpeg_reg_tbl                      0x0800a44e   Data          14  ov2640.o(.constdata)
    ov2640_rgb565_reg_tbl                    0x0800a45c   Data          28  ov2640.o(.constdata)
    ov2640_yuv422_reg_tbl                    0x0800a478   Data          16  ov2640.o(.constdata)
    Region$$Table$$Base                      0x080355bc   Number         0  anon$$obj.o(Region$$Table)
    Region$$Table$$Limit                     0x080355dc   Number         0  anon$$obj.o(Region$$Table)
    jpg_cnt                                  0x20000000   Data           4  main.o(.data)
    Com1SendFlag                             0x20000004   Data           1  main.o(.data)
    SystemCoreClock                          0x20000008   Data           4  system_stm32f4xx.o(.data)
    AHBPrescTable                            0x2000000c   Data          16  system_stm32f4xx.o(.data)
    StopCondition                            0x20000024   Data           4  bsp_sdio_sd.o(.data)
    TransferError                            0x20000028   Data           1  bsp_sdio_sd.o(.data)
    TransferEnd                              0x2000002c   Data           4  bsp_sdio_sd.o(.data)
    DMAEndOfTransfer                         0x20000030   Data           4  bsp_sdio_sd.o(.data)
    Key_Flag                                 0x20000034   Data           1  key.o(.data)
    key_up                                   0x20000035   Data           1  key.o(.data)
    Key_times                                0x20000036   Data           6  key.o(.data)
    Key_Time_out                             0x2000003c   Data           6  key.o(.data)
    ov_frame                                 0x20000042   Data           1  dcmi.o(.data)
    TimeS                                    0x20000043   Data           1  timer.o(.data)
    jpeg_data_len                            0x20000044   Data           4  jpeg.o(.data)
    jpeg_data_ok                             0x20000048   Data           1  jpeg.o(.data)
    __stdout                                 0x20000050   Data           4  usart.o(.data)
    USART_RX_STA                             0x20000054   Data           2  usart.o(.data)
    SDCardInfo                               0x200000a8   Data          88  bsp_sdio_sd.o(.bss)
    SDIO_InitStructure                       0x20000100   Data          24  bsp_sdio_sd.o(.bss)
    SDIO_CmdInitStructure                    0x20000118   Data          20  bsp_sdio_sd.o(.bss)
    SDIO_DataInitStructure                   0x2000012c   Data          24  bsp_sdio_sd.o(.bss)
    DCMI_InitStructure                       0x20000144   Data          14  dcmi.o(.bss)
    jpeg_buf                                 0x20000154   Data       126976  jpeg.o(.bss)
    USART_RX_BUF                             0x2001f154   Data         200  usart.o(.bss)
    __libspace_start                         0x2001f21c   Data          96  libspace.o(.bss)
    __temporary_stack_top$libspace           0x2001f27c   Data           0  libspace.o(.bss)



==============================================================================

Memory Map of the image

  Image Entry point : 0x08000189

  Load Region LR_IROM1 (Base: 0x08000000, Size: 0x00035650, Max: 0x00100000, ABSOLUTE)

    Execution Region ER_IROM1 (Base: 0x08000000, Size: 0x000355dc, Max: 0x00100000, ABSOLUTE)

    Base Addr    Size         Type   Attr      Idx    E Section Name        Object

    0x08000000   0x00000188   Data   RO          554    RESET               startup_stm32f40_41xxx.o
    0x08000188   0x00000008   Code   RO          960  * !!!main             c_w.l(__main.o)
    0x08000190   0x00000034   Code   RO         1144    !!!scatter          c_w.l(__scatter.o)
    0x080001c4   0x0000001a   Code   RO         1146    !!handler_copy      c_w.l(__scatter_copy.o)
    0x080001de   0x00000002   PAD
    0x080001e0   0x0000001c   Code   RO         1148    !!handler_zi        c_w.l(__scatter_zi.o)
    0x080001fc   0x00000000   Code   RO          947    .ARM.Collect$$_printf_percent$$00000000  c_w.l(_printf_percent.o)
    0x080001fc   0x00000006   Code   RO          945    .ARM.Collect$$_printf_percent$$00000009  c_w.l(_printf_d.o)
    0x08000202   0x00000006   Code   RO          946    .ARM.Collect$$_printf_percent$$0000000A  c_w.l(_printf_u.o)
    0x08000208   0x00000006   Code   RO          944    .ARM.Collect$$_printf_percent$$00000014  c_w.l(_printf_s.o)
    0x0800020e   0x00000004   Code   RO          979    .ARM.Collect$$_printf_percent$$00000017  c_w.l(_printf_percent_end.o)
    0x08000212   0x00000002   Code   RO         1018    .ARM.Collect$$libinit$$00000000  c_w.l(libinit.o)
    0x08000214   0x00000004   Code   RO         1030    .ARM.Collect$$libinit$$00000001  c_w.l(libinit2.o)
    0x08000218   0x00000000   Code   RO         1033    .ARM.Collect$$libinit$$00000004  c_w.l(libinit2.o)
    0x08000218   0x00000000   Code   RO         1036    .ARM.Collect$$libinit$$0000000A  c_w.l(libinit2.o)
    0x08000218   0x00000000   Code   RO         1038    .ARM.Collect$$libinit$$0000000C  c_w.l(libinit2.o)
    0x08000218   0x00000000   Code   RO         1040    .ARM.Collect$$libinit$$0000000E  c_w.l(libinit2.o)
    0x08000218   0x00000000   Code   RO         1043    .ARM.Collect$$libinit$$00000011  c_w.l(libinit2.o)
    0x08000218   0x00000000   Code   RO         1045    .ARM.Collect$$libinit$$00000013  c_w.l(libinit2.o)
    0x08000218   0x00000000   Code   RO         1047    .ARM.Collect$$libinit$$00000015  c_w.l(libinit2.o)
    0x08000218   0x00000000   Code   RO         1049    .ARM.Collect$$libinit$$00000017  c_w.l(libinit2.o)
    0x08000218   0x00000000   Code   RO         1051    .ARM.Collect$$libinit$$00000019  c_w.l(libinit2.o)
    0x08000218   0x00000000   Code   RO         1053    .ARM.Collect$$libinit$$0000001B  c_w.l(libinit2.o)
    0x08000218   0x00000000   Code   RO         1055    .ARM.Collect$$libinit$$0000001D  c_w.l(libinit2.o)
    0x08000218   0x00000000   Code   RO         1057    .ARM.Collect$$libinit$$0000001F  c_w.l(libinit2.o)
    0x08000218   0x00000000   Code   RO         1059    .ARM.Collect$$libinit$$00000021  c_w.l(libinit2.o)
    0x08000218   0x00000000   Code   RO         1061    .ARM.Collect$$libinit$$00000023  c_w.l(libinit2.o)
    0x08000218   0x00000000   Code   RO         1063    .ARM.Collect$$libinit$$00000025  c_w.l(libinit2.o)
    0x08000218   0x00000000   Code   RO         1067    .ARM.Collect$$libinit$$0000002C  c_w.l(libinit2.o)
    0x08000218   0x00000000   Code   RO         1069    .ARM.Collect$$libinit$$0000002E  c_w.l(libinit2.o)
    0x08000218   0x00000000   Code   RO         1071    .ARM.Collect$$libinit$$00000030  c_w.l(libinit2.o)
    0x08000218   0x00000000   Code   RO         1073    .ARM.Collect$$libinit$$00000032  c_w.l(libinit2.o)
    0x08000218   0x00000002   Code   RO         1074    .ARM.Collect$$libinit$$00000033  c_w.l(libinit2.o)
    0x0800021a   0x00000002   Code   RO         1100    .ARM.Collect$$libshutdown$$00000000  c_w.l(libshutdown.o)
    0x0800021c   0x00000000   Code   RO         1127    .ARM.Collect$$libshutdown$$00000002  c_w.l(libshutdown2.o)
    0x0800021c   0x00000000   Code   RO         1129    .ARM.Collect$$libshutdown$$00000004  c_w.l(libshutdown2.o)
    0x0800021c   0x00000000   Code   RO         1132    .ARM.Collect$$libshutdown$$00000007  c_w.l(libshutdown2.o)
    0x0800021c   0x00000000   Code   RO         1135    .ARM.Collect$$libshutdown$$0000000A  c_w.l(libshutdown2.o)
    0x0800021c   0x00000000   Code   RO         1137    .ARM.Collect$$libshutdown$$0000000C  c_w.l(libshutdown2.o)
    0x0800021c   0x00000000   Code   RO         1140    .ARM.Collect$$libshutdown$$0000000F  c_w.l(libshutdown2.o)
    0x0800021c   0x00000002   Code   RO         1141    .ARM.Collect$$libshutdown$$00000010  c_w.l(libshutdown2.o)
    0x0800021e   0x00000000   Code   RO          964    .ARM.Collect$$rtentry$$00000000  c_w.l(__rtentry.o)
    0x0800021e   0x00000000   Code   RO          983    .ARM.Collect$$rtentry$$00000002  c_w.l(__rtentry2.o)
    0x0800021e   0x00000006   Code   RO          995    .ARM.Collect$$rtentry$$00000004  c_w.l(__rtentry4.o)
    0x08000224   0x00000000   Code   RO          985    .ARM.Collect$$rtentry$$00000009  c_w.l(__rtentry2.o)
    0x08000224   0x00000004   Code   RO          986    .ARM.Collect$$rtentry$$0000000A  c_w.l(__rtentry2.o)
    0x08000228   0x00000000   Code   RO          988    .ARM.Collect$$rtentry$$0000000C  c_w.l(__rtentry2.o)
    0x08000228   0x00000008   Code   RO          989    .ARM.Collect$$rtentry$$0000000D  c_w.l(__rtentry2.o)
    0x08000230   0x00000002   Code   RO         1022    .ARM.Collect$$rtexit$$00000000  c_w.l(rtexit.o)
    0x08000232   0x00000000   Code   RO         1076    .ARM.Collect$$rtexit$$00000002  c_w.l(rtexit2.o)
    0x08000232   0x00000004   Code   RO         1077    .ARM.Collect$$rtexit$$00000003  c_w.l(rtexit2.o)
    0x08000236   0x00000006   Code   RO         1078    .ARM.Collect$$rtexit$$00000004  c_w.l(rtexit2.o)
    0x0800023c   0x000001b0   Code   RO            3    .text               main.o
    0x080003ec   0x0000001a   Code   RO          188    .text               stm32f4xx_it.o
    0x08000406   0x00000002   PAD
    0x08000408   0x00000210   Code   RO          237    .text               system_stm32f4xx.o
    0x08000618   0x00001c94   Code   RO          263    .text               bsp_sdio_sd.o
    0x080022ac   0x00000304   Code   RO          290    .text               bsp_rtc.o
    0x080025b0   0x00000040   Code   RO          313    .text               led.o
    0x080025f0   0x000001a4   Code   RO          333    .text               key.o
    0x08002794   0x00000278   Code   RO          356    .text               dcmi.o
    0x08002a0c   0x00000610   Code   RO          386    .text               ov2640.o
    0x0800301c   0x00000274   Code   RO          412    .text               sccb.o
    0x08003290   0x000000b8   Code   RO          432    .text               timer.o
    0x08003348   0x000002dc   Code   RO          456    .text               jpeg.o
    0x08003624   0x00000104   Code   RO          483    .text               delay.o
    0x08003728   0x00000150   Code   RO          523    .text               usart.o
    0x08003878   0x00000040   Code   RO          555    .text               startup_stm32f40_41xxx.o
    0x080038b8   0x000000e0   Code   RO          561    .text               misc.o
    0x08003998   0x0000018c   Code   RO          581    .text               stm32f4xx_dcmi.o
    0x08003b24   0x00000294   Code   RO          601    .text               stm32f4xx_gpio.o
    0x08003db8   0x000003a8   Code   RO          644    .text               stm32f4xx_dma.o
    0x08004160   0x0000065c   Code   RO          664    .text               stm32f4xx_rcc.o
    0x080047bc   0x00000454   Code   RO          706    .text               stm32f4xx_usart.o
    0x08004c10   0x00000ca2   Code   RO          726    .text               stm32f4xx_tim.o
    0x080058b2   0x00000002   PAD
    0x080058b4   0x000001dc   Code   RO          746    .text               stm32f4xx_sdio.o
    0x08005a90   0x00000d68   Code   RO          766    .text               stm32f4xx_rtc.o
    0x080067f8   0x0000016c   Code   RO          806    .text               stm32f4xx_pwr.o
    0x08006964   0x00002d5c   Code   RO          824    .text               ff.o
    0x080096c0   0x00000228   Code   RO          860    .text               diskio.o
    0x080098e8   0x000000d8   Code   RO          879    .text               cc936.o
    0x080099c0   0x00000002   Code   RO          904    .text               c_w.l(use_no_semi_2.o)
    0x080099c2   0x000000ee   Code   RO          906    .text               c_w.l(lludivv7m.o)
    0x08009ab0   0x00000018   Code   RO          912    .text               c_w.l(noretval__2printf.o)
    0x08009ac8   0x00000028   Code   RO          914    .text               c_w.l(noretval__2sprintf.o)
    0x08009af0   0x0000004e   Code   RO          918    .text               c_w.l(_printf_pad.o)
    0x08009b3e   0x00000052   Code   RO          920    .text               c_w.l(_printf_str.o)
    0x08009b90   0x00000078   Code   RO          922    .text               c_w.l(_printf_dec.o)
    0x08009c08   0x00000188   Code   RO          941    .text               c_w.l(__printf_flags_ss_wp.o)
    0x08009d90   0x0000002c   Code   RO          948    .text               c_w.l(puts.o)
    0x08009dbc   0x0000003e   Code   RO          950    .text               c_w.l(strlen.o)
    0x08009dfa   0x0000008a   Code   RO          952    .text               c_w.l(rt_memcpy_v6.o)
    0x08009e84   0x0000004e   Code   RO          954    .text               c_w.l(rt_memclr_w.o)
    0x08009ed2   0x00000002   PAD
    0x08009ed4   0x00000080   Code   RO          956    .text               c_w.l(strcmpv7m.o)
    0x08009f54   0x00000006   Code   RO          958    .text               c_w.l(heapauxi.o)
    0x08009f5a   0x00000002   Code   RO          962    .text               c_w.l(use_no_semi.o)
    0x08009f5c   0x000000b2   Code   RO          969    .text               c_w.l(_printf_intcommon.o)
    0x0800a00e   0x00000002   PAD
    0x0800a010   0x00000030   Code   RO          971    .text               c_w.l(_printf_char_common.o)
    0x0800a040   0x0000000a   Code   RO          973    .text               c_w.l(_sputc.o)
    0x0800a04a   0x0000002c   Code   RO          975    .text               c_w.l(_printf_char.o)
    0x0800a076   0x00000002   PAD
    0x0800a078   0x00000024   Code   RO          977    .text               c_w.l(_printf_char_file.o)
    0x0800a09c   0x00000064   Code   RO          980    .text               c_w.l(rt_memcpy_w.o)
    0x0800a100   0x00000008   Code   RO         1001    .text               c_w.l(ferror.o)
    0x0800a108   0x0000004a   Code   RO         1005    .text               c_w.l(sys_stackheap_outer.o)
    0x0800a152   0x00000012   Code   RO         1007    .text               c_w.l(exit.o)
    0x0800a164   0x00000008   Code   RO         1019    .text               c_w.l(libspace.o)
    0x0800a16c   0x0000000e   Code   RO          934    i._is_digit         c_w.l(__printf_wp.o)
    0x0800a17a   0x0000000a   Code   RO         1088    x$fpl$fpinit        fz_wm.l(fpinit.o)
    0x0800a184   0x0000032c   Data   RO          387    .constdata          ov2640.o
    0x0800a4b0   0x0000003a   Data   RO          825    .constdata          ff.o
    0x0800a4ea   0x0002b0c0   Data   RO          880    .constdata          cc936.o
    0x080355aa   0x00000011   Data   RO          942    .constdata          c_w.l(__printf_flags_ss_wp.o)
    0x080355bb   0x00000001   PAD
    0x080355bc   0x00000020   Data   RO         1142    Region$$Table       anon$$obj.o


    Execution Region RW_IRAM1 (Base: 0x20000000, Size: 0x0001fc80, Max: 0x00020000, ABSOLUTE)

    Base Addr    Size         Type   Attr      Idx    E Section Name        Object

    0x20000000   0x00000005   Data   RW            4    .data               main.o
    0x20000005   0x00000003   PAD
    0x20000008   0x00000014   Data   RW          238    .data               system_stm32f4xx.o
    0x2000001c   0x00000018   Data   RW          265    .data               bsp_sdio_sd.o
    0x20000034   0x0000000e   Data   RW          334    .data               key.o
    0x20000042   0x00000001   Data   RW          358    .data               dcmi.o
    0x20000043   0x00000001   Data   RW          433    .data               timer.o
    0x20000044   0x00000005   Data   RW          458    .data               jpeg.o
    0x20000049   0x00000001   PAD
    0x2000004a   0x00000004   Data   RW          484    .data               delay.o
    0x2000004e   0x00000002   PAD
    0x20000050   0x00000006   Data   RW          525    .data               usart.o
    0x20000056   0x00000010   Data   RW          665    .data               stm32f4xx_rcc.o
    0x20000066   0x00000002   PAD
    0x20000068   0x0000000a   Data   RW          826    .data               ff.o
    0x20000072   0x00000006   PAD
    0x20000078   0x000000cc   Zero   RW          264    .bss                bsp_sdio_sd.o
    0x20000144   0x0000000e   Zero   RW          357    .bss                dcmi.o
    0x20000152   0x00000002   PAD
    0x20000154   0x0001f000   Zero   RW          457    .bss                jpeg.o
    0x2001f154   0x000000c8   Zero   RW          524    .bss                usart.o
    0x2001f21c   0x00000060   Zero   RW         1020    .bss                c_w.l(libspace.o)
    0x2001f27c   0x00000004   PAD
    0x2001f280   0x00000200   Zero   RW          553    HEAP                startup_stm32f40_41xxx.o
    0x2001f480   0x00000800   Zero   RW          552    STACK               startup_stm32f40_41xxx.o


==============================================================================

Image component sizes


      Code (inc. data)   RO Data    RW Data    ZI Data      Debug   Object Name

       772        268          0          0          0       1953   bsp_rtc.o
      7316        238          0         24        204      26227   bsp_sdio_sd.o
       216         16     176320          0          0       2209   cc936.o
       632         40          0          1         14       2480   dcmi.o
       260          8          0          4          0       1493   delay.o
       552         10          0          0          0       3271   diskio.o
     11612        148         58         10          0      33427   ff.o
       732        238          0          5     126976       2256   jpeg.o
       420         24          0         14          0       1517   key.o
        64          4          0          0          0        531   led.o
       432        244          0          5          0     326074   main.o
       224         20          0          0          0       1833   misc.o
      1552         48        812          0          0       6173   ov2640.o
       628         12          0          0          0       2079   sccb.o
        64         26        392          0       2560        840   startup_stm32f40_41xxx.o
       396          4          0          0          0       3494   stm32f4xx_dcmi.o
       936         32          0          0          0       6405   stm32f4xx_dma.o
       660         44          0          0          0       4173   stm32f4xx_gpio.o
        26          0          0          0          0       1230   stm32f4xx_it.o
       364         12          0          0          0       3799   stm32f4xx_pwr.o
      1628         52          0         16          0      13056   stm32f4xx_rcc.o
      3432         44          0          0          0      15444   stm32f4xx_rtc.o
       476         16          0          0          0       7436   stm32f4xx_sdio.o
      3234         60          0          0          0      23028   stm32f4xx_tim.o
      1108         34          0          0          0       7896   stm32f4xx_usart.o
       528         46          0         20          0       1799   system_stm32f4xx.o
       184         16          0          1          0       1080   timer.o
       336         16          0          6        200       3322   usart.o

    ----------------------------------------------------------------------
     38788       1720     177614        116     129960     504525   Object Totals
         0          0         32          0          0          0   (incl. Generated)
         4          0          0         10          6          0   (incl. Padding)

    ----------------------------------------------------------------------

      Code (inc. data)   RO Data    RW Data    ZI Data      Debug   Library Member Name

         8          0          0          0          0         68   __main.o
       392          4         17          0          0         92   __printf_flags_ss_wp.o
        14          0          0          0          0         68   __printf_wp.o
         0          0          0          0          0          0   __rtentry.o
        12          0          0          0          0          0   __rtentry2.o
         6          0          0          0          0          0   __rtentry4.o
        52          8          0          0          0          0   __scatter.o
        26          0          0          0          0          0   __scatter_copy.o
        28          0          0          0          0          0   __scatter_zi.o
        44          0          0          0          0        108   _printf_char.o
        48          6          0          0          0         96   _printf_char_common.o
        36          4          0          0          0         80   _printf_char_file.o
         6          0          0          0          0          0   _printf_d.o
       120         16          0          0          0         92   _printf_dec.o
       178          0          0          0          0         88   _printf_intcommon.o
        78          0          0          0          0        108   _printf_pad.o
         0          0          0          0          0          0   _printf_percent.o
         4          0          0          0          0          0   _printf_percent_end.o
         6          0          0          0          0          0   _printf_s.o
        82          0          0          0          0         80   _printf_str.o
         6          0          0          0          0          0   _printf_u.o
        10          0          0          0          0         68   _sputc.o
        18          0          0          0          0         80   exit.o
         8          0          0          0          0         68   ferror.o
         6          0          0          0          0        152   heapauxi.o
         2          0          0          0          0          0   libinit.o
         6          0          0          0          0          0   libinit2.o
         2          0          0          0          0          0   libshutdown.o
         2          0          0          0          0          0   libshutdown2.o
         8          4          0          0         96         68   libspace.o
       238          0          0          0          0        100   lludivv7m.o
        24          4          0          0          0         84   noretval__2printf.o
        40          6          0          0          0         84   noretval__2sprintf.o
        44          4          0          0          0         84   puts.o
        78          0          0          0          0         80   rt_memclr_w.o
       138          0          0          0          0         68   rt_memcpy_v6.o
       100          0          0          0          0         80   rt_memcpy_w.o
         2          0          0          0          0          0   rtexit.o
        10          0          0          0          0          0   rtexit2.o
       128          0          0          0          0         68   strcmpv7m.o
        62          0          0          0          0         76   strlen.o
        74          0          0          0          0         80   sys_stackheap_outer.o
         2          0          0          0          0         68   use_no_semi.o
         2          0          0          0          0         68   use_no_semi_2.o
        10          0          0          0          0        116   fpinit.o

    ----------------------------------------------------------------------
      2168         56         18          0        100       2372   Library Totals
         8          0          1          0          4          0   (incl. Padding)

    ----------------------------------------------------------------------

      Code (inc. data)   RO Data    RW Data    ZI Data      Debug   Library Name

      2150         56         17          0         96       2256   c_w.l
        10          0          0          0          0        116   fz_wm.l

    ----------------------------------------------------------------------
      2168         56         18          0        100       2372   Library Totals

    ----------------------------------------------------------------------

==============================================================================


      Code (inc. data)   RO Data    RW Data    ZI Data      Debug   

     40956       1776     177632        116     130060     499701   Grand Totals
     40956       1776     177632        116     130060     499701   ELF Image Totals
     40956       1776     177632        116          0          0   ROM Totals

==============================================================================

    Total RO  Size (Code + RO Data)               218588 ( 213.46kB)
    Total RW  Size (RW Data + ZI Data)            130176 ( 127.13kB)
    Total ROM Size (Code + RO Data + RW Data)     218704 ( 213.58kB)

==============================================================================

